2026-06-09T23:55:37Z	fired	250000	4007fde4-6608-403c-881f-744132b1ca71
2026-06-09T23:56:11Z	fired	250000	4007fde4-6608-403c-881f-744132b1ca71
2026-06-09T23:56:26Z	halt	250000	250000	4007fde4-6608-403c-881f-744132b1ca71
2026-06-10T00:39:25Z	fired	250000	532faef8-184f-4dff-87a8-2268f248f359
2026-06-10T00:40:11Z	fired	250000	532faef8-184f-4dff-87a8-2268f248f359
2026-06-10T00:40:34Z	halt	260000	250000	532faef8-184f-4dff-87a8-2268f248f359
2026-06-10T01:22:35Z	fired	250000	457e5334-e410-432c-965b-64d92dd29bd4
2026-06-10T01:24:08Z	fired	250000	457e5334-e410-432c-965b-64d92dd29bd4
2026-06-10T01:24:14Z	fired	260000	457e5334-e410-432c-965b-64d92dd29bd4
2026-06-10T01:24:49Z	fired	260000	457e5334-e410-432c-965b-64d92dd29bd4
2026-06-10T01:25:08Z	halt	260000	250000	457e5334-e410-432c-965b-64d92dd29bd4
2026-06-10T02:10:13Z	fired	250000	a109ff79-8ed0-4f3a-baa8-a64c2ba2af4e
2026-06-10T02:11:03Z	fired	260000	a109ff79-8ed0-4f3a-baa8-a64c2ba2af4e
2026-06-10T02:11:10Z	fired	260000	a109ff79-8ed0-4f3a-baa8-a64c2ba2af4e
2026-06-10T02:11:13Z	fired	260000	a109ff79-8ed0-4f3a-baa8-a64c2ba2af4e
2026-06-10T02:11:40Z	fired	270000	a109ff79-8ed0-4f3a-baa8-a64c2ba2af4e
2026-06-10T02:11:58Z	fired	270000	a109ff79-8ed0-4f3a-baa8-a64c2ba2af4e
2026-06-10T02:12:04Z	fired	270000	a109ff79-8ed0-4f3a-baa8-a64c2ba2af4e
2026-06-10T02:12:40Z	fired	270000	a109ff79-8ed0-4f3a-baa8-a64c2ba2af4e
2026-06-10T02:13:03Z	fired	270000	a109ff79-8ed0-4f3a-baa8-a64c2ba2af4e
2026-06-10T02:13:20Z	halt	270000	250000	a109ff79-8ed0-4f3a-baa8-a64c2ba2af4e
2026-06-10T03:25:41Z	fired	250000	d5ddba78-a6d6-4f2a-a797-e305f91df29b
2026-06-10T03:26:18Z	fired	250000	d5ddba78-a6d6-4f2a-a797-e305f91df29b
2026-06-10T03:26:40Z	halt	250000	250000	d5ddba78-a6d6-4f2a-a797-e305f91df29b
2026-06-10T04:49:14Z	fired	250000	2f906677-2c0b-4a21-9bd1-6dcb262e2c70
2026-06-10T04:49:56Z	fired	250000	2f906677-2c0b-4a21-9bd1-6dcb262e2c70
2026-06-10T04:50:25Z	fired	250000	2f906677-2c0b-4a21-9bd1-6dcb262e2c70
2026-06-10T04:50:45Z	halt	250000	250000	2f906677-2c0b-4a21-9bd1-6dcb262e2c70
2026-06-10T05:57:13Z	fired	250000	ce936ee9-ae26-418b-b0be-d49cd6c37ab7
2026-06-10T05:57:57Z	fired	250000	ce936ee9-ae26-418b-b0be-d49cd6c37ab7
2026-06-10T05:58:20Z	halt	250000	250000	ce936ee9-ae26-418b-b0be-d49cd6c37ab7
2026-06-10T12:42:19Z	fired	250000	ea515f30-0cbe-4eec-a5f2-3aaf019250d7
2026-06-10T12:43:12Z	fired	250000	ea515f30-0cbe-4eec-a5f2-3aaf019250d7
2026-06-10T12:43:32Z	halt	250000	250000	ea515f30-0cbe-4eec-a5f2-3aaf019250d7
2026-06-10T16:46:00Z	fired	250000	7af57993-e677-409f-a32f-8cd99d00de8f
2026-06-10T16:46:13Z	fired	250000	7af57993-e677-409f-a32f-8cd99d00de8f
2026-06-10T16:46:32Z	fired	250000	7af57993-e677-409f-a32f-8cd99d00de8f
2026-06-10T16:46:58Z	halt	250000	250000	7af57993-e677-409f-a32f-8cd99d00de8f
2026-06-10T17:24:20Z	fired	250000	11a9bdbe-2c46-4bee-9f47-4f61bb629329
2026-06-10T17:24:40Z	fired	250000	11a9bdbe-2c46-4bee-9f47-4f61bb629329
2026-06-10T17:24:51Z	fired	250000	11a9bdbe-2c46-4bee-9f47-4f61bb629329
2026-06-10T17:24:59Z	fired	250000	11a9bdbe-2c46-4bee-9f47-4f61bb629329
2026-06-10T17:25:10Z	fired	250000	11a9bdbe-2c46-4bee-9f47-4f61bb629329
2026-06-10T17:25:18Z	fired	250000	11a9bdbe-2c46-4bee-9f47-4f61bb629329
2026-06-10T17:25:27Z	fired	250000	11a9bdbe-2c46-4bee-9f47-4f61bb629329
2026-06-10T17:25:35Z	fired	250000	11a9bdbe-2c46-4bee-9f47-4f61bb629329
2026-06-10T17:25:44Z	fired	250000	11a9bdbe-2c46-4bee-9f47-4f61bb629329
2026-06-10T17:25:50Z	fired	250000	11a9bdbe-2c46-4bee-9f47-4f61bb629329
2026-06-10T17:25:57Z	fired	250000	11a9bdbe-2c46-4bee-9f47-4f61bb629329
2026-06-10T17:26:04Z	fired	260000	11a9bdbe-2c46-4bee-9f47-4f61bb629329
2026-06-10T17:26:11Z	fired	260000	11a9bdbe-2c46-4bee-9f47-4f61bb629329
2026-06-10T17:26:26Z	fired	260000	11a9bdbe-2c46-4bee-9f47-4f61bb629329
2026-06-10T17:26:37Z	fired	260000	11a9bdbe-2c46-4bee-9f47-4f61bb629329
2026-06-10T17:26:53Z	fired	260000	11a9bdbe-2c46-4bee-9f47-4f61bb629329
2026-06-10T17:27:00Z	fired	260000	11a9bdbe-2c46-4bee-9f47-4f61bb629329
2026-06-10T17:27:06Z	fired	260000	11a9bdbe-2c46-4bee-9f47-4f61bb629329
2026-06-10T17:27:15Z	fired	260000	11a9bdbe-2c46-4bee-9f47-4f61bb629329
2026-06-10T17:27:23Z	fired	260000	11a9bdbe-2c46-4bee-9f47-4f61bb629329
2026-06-10T17:27:32Z	fired	260000	11a9bdbe-2c46-4bee-9f47-4f61bb629329
2026-06-10T17:30:44Z	fired	260000	11a9bdbe-2c46-4bee-9f47-4f61bb629329
2026-06-10T17:31:10Z	fired	260000	11a9bdbe-2c46-4bee-9f47-4f61bb629329
2026-06-10T17:31:29Z	halt	260000	250000	11a9bdbe-2c46-4bee-9f47-4f61bb629329
2026-06-10T21:46:19Z	fired	250000	62f05c5f-baba-44b3-8fc2-90701bf94926
2026-06-10T21:46:37Z	fired	250000	62f05c5f-baba-44b3-8fc2-90701bf94926
2026-06-10T21:47:16Z	fired	250000	62f05c5f-baba-44b3-8fc2-90701bf94926
2026-06-10T21:47:34Z	halt	250000	250000	62f05c5f-baba-44b3-8fc2-90701bf94926
2026-06-10T22:47:38Z	fired	250000	22a4e1ef-5389-4e92-84a8-4a718f546d93
2026-06-10T22:48:19Z	fired	250000	22a4e1ef-5389-4e92-84a8-4a718f546d93
2026-06-10T22:48:37Z	halt	250000	250000	22a4e1ef-5389-4e92-84a8-4a718f546d93
2026-06-10T23:27:04Z	fired	250000	1556d0f8-485d-4576-8815-ce5825191f77
2026-06-10T23:27:11Z	fired	250000	1556d0f8-485d-4576-8815-ce5825191f77
2026-06-10T23:27:50Z	fired	250000	1556d0f8-485d-4576-8815-ce5825191f77
2026-06-10T23:28:10Z	halt	250000	250000	1556d0f8-485d-4576-8815-ce5825191f77
2026-06-11T08:05:31Z	fired	250000	8947b4e5-64da-4d00-92cd-b651fa0a98d7
2026-06-11T08:06:23Z	fired	250000	8947b4e5-64da-4d00-92cd-b651fa0a98d7
2026-06-11T08:06:47Z	halt	250000	250000	8947b4e5-64da-4d00-92cd-b651fa0a98d7
2026-06-11T09:27:30Z	fired	250000	94f6cd60-94a4-4b7a-911c-650589bbd6f9
2026-06-11T09:27:43Z	fired	250000	94f6cd60-94a4-4b7a-911c-650589bbd6f9
2026-06-11T09:28:14Z	fired	250000	94f6cd60-94a4-4b7a-911c-650589bbd6f9
2026-06-11T09:28:34Z	halt	250000	250000	94f6cd60-94a4-4b7a-911c-650589bbd6f9
2026-06-11T10:31:32Z	fired	250000	3c338cec-4c10-42ea-8403-1fc21246b4c3
2026-06-11T10:31:44Z	fired	250000	3c338cec-4c10-42ea-8403-1fc21246b4c3
2026-06-11T10:31:47Z	fired	250000	3c338cec-4c10-42ea-8403-1fc21246b4c3
2026-06-11T10:31:57Z	fired	250000	3c338cec-4c10-42ea-8403-1fc21246b4c3
2026-06-11T10:31:59Z	fired	250000	3c338cec-4c10-42ea-8403-1fc21246b4c3
2026-06-11T10:32:07Z	fired	250000	3c338cec-4c10-42ea-8403-1fc21246b4c3
2026-06-11T10:32:10Z	fired	250000	3c338cec-4c10-42ea-8403-1fc21246b4c3
2026-06-11T10:32:37Z	halt	250000	250000	3c338cec-4c10-42ea-8403-1fc21246b4c3
2026-06-11T13:13:58Z	fired	250000	5ee7e95c-a133-4d41-bbe5-cad279fbe5ca
2026-06-11T13:14:35Z	halt	250000	250000	5ee7e95c-a133-4d41-bbe5-cad279fbe5ca
2026-06-11T14:28:53Z	fired	250000	4158aa69-e4ea-45ef-ab6c-b47c9e471c82
2026-06-11T14:29:18Z	halt	250000	250000	4158aa69-e4ea-45ef-ab6c-b47c9e471c82
2026-06-11T17:33:05Z	fired	250000	25ce8308-4c1d-4d8d-bc88-5f9e30266396
2026-06-11T17:33:25Z	halt	250000	250000	25ce8308-4c1d-4d8d-bc88-5f9e30266396
2026-06-11T18:39:50Z	fired	250000	f7443351-52ba-4bae-8572-5651ff615e7e
2026-06-11T18:39:58Z	fired	250000	f7443351-52ba-4bae-8572-5651ff615e7e
2026-06-11T18:40:27Z	halt	250000	250000	f7443351-52ba-4bae-8572-5651ff615e7e
2026-06-11T19:35:19Z	fired	250000	67bdbba4-5079-4024-b95b-f6ef5e047eb9
2026-06-11T19:35:47Z	halt	250000	250000	67bdbba4-5079-4024-b95b-f6ef5e047eb9
2026-06-11T23:08:23Z	fired	250000	cff5d80c-9908-4bb7-891a-0c6343af56c4
2026-06-11T23:09:01Z	halt	250000	250000	cff5d80c-9908-4bb7-891a-0c6343af56c4
2026-06-12T00:36:16Z	fired	250000	5d9a5e32-0ba0-45ad-8682-92bfe6d77c1b
2026-06-12T00:36:43Z	halt	250000	250000	5d9a5e32-0ba0-45ad-8682-92bfe6d77c1b
2026-06-12T03:39:57Z	fired	250000	51c0c76a-a171-4446-bd19-c4549c9b325e
2026-06-12T03:40:43Z	fired	260000	51c0c76a-a171-4446-bd19-c4549c9b325e
2026-06-12T03:41:02Z	halt	260000	250000	51c0c76a-a171-4446-bd19-c4549c9b325e
2026-06-12T05:23:02Z	fired	250000	9f07b9f0-ccb7-4e3e-8313-6efe82e0c3d9
2026-06-12T05:23:12Z	fired	250000	9f07b9f0-ccb7-4e3e-8313-6efe82e0c3d9
2026-06-12T05:23:36Z	halt	250000	250000	9f07b9f0-ccb7-4e3e-8313-6efe82e0c3d9
2026-06-12T06:41:36Z	fired	250000	688a6b3a-71aa-4142-8ee2-9c4659658ccd
2026-06-12T06:42:36Z	fired	250000	688a6b3a-71aa-4142-8ee2-9c4659658ccd
2026-06-12T06:42:50Z	fired	250000	688a6b3a-71aa-4142-8ee2-9c4659658ccd
2026-06-12T06:43:37Z	fired	250000	688a6b3a-71aa-4142-8ee2-9c4659658ccd
2026-06-12T06:43:55Z	halt	250000	250000	688a6b3a-71aa-4142-8ee2-9c4659658ccd
2026-06-12T10:39:28Z	fired	250000	7b1e14cd-372d-47b4-bdb6-06ee5eff72ab
2026-06-12T10:39:39Z	fired	250000	7b1e14cd-372d-47b4-bdb6-06ee5eff72ab
2026-06-12T10:39:55Z	fired	250000	7b1e14cd-372d-47b4-bdb6-06ee5eff72ab
2026-06-12T10:40:04Z	fired	250000	7b1e14cd-372d-47b4-bdb6-06ee5eff72ab
2026-06-12T10:40:50Z	fired	250000	7b1e14cd-372d-47b4-bdb6-06ee5eff72ab
2026-06-12T10:41:12Z	halt	250000	250000	7b1e14cd-372d-47b4-bdb6-06ee5eff72ab
2026-06-12T11:41:15Z	fired	250000	a0083bd5-8507-4339-a501-5979e600ee24
2026-06-12T11:41:25Z	fired	250000	a0083bd5-8507-4339-a501-5979e600ee24
2026-06-12T11:41:35Z	fired	250000	a0083bd5-8507-4339-a501-5979e600ee24
2026-06-12T11:41:49Z	fired	250000	a0083bd5-8507-4339-a501-5979e600ee24
2026-06-12T11:42:08Z	fired	250000	a0083bd5-8507-4339-a501-5979e600ee24
2026-06-12T11:42:24Z	fired	260000	a0083bd5-8507-4339-a501-5979e600ee24
2026-06-12T11:42:34Z	fired	260000	a0083bd5-8507-4339-a501-5979e600ee24
2026-06-12T11:43:13Z	fired	260000	a0083bd5-8507-4339-a501-5979e600ee24
2026-06-12T11:43:29Z	halt	260000	250000	a0083bd5-8507-4339-a501-5979e600ee24
2026-06-12T13:11:40Z	fired	250000	4df2ba26-17a7-4153-a10e-6a76a9a7a041
2026-06-12T13:11:57Z	fired	250000	4df2ba26-17a7-4153-a10e-6a76a9a7a041
2026-06-12T13:12:46Z	fired	250000	4df2ba26-17a7-4153-a10e-6a76a9a7a041
2026-06-12T13:13:09Z	halt	250000	250000	4df2ba26-17a7-4153-a10e-6a76a9a7a041
2026-06-12T14:15:44Z	fired	250000	fc3aed7f-f119-4577-ab10-96303d16f50e
2026-06-12T14:16:26Z	fired	250000	fc3aed7f-f119-4577-ab10-96303d16f50e
2026-06-12T14:17:37Z	fired	250000	fc3aed7f-f119-4577-ab10-96303d16f50e
2026-06-12T14:17:55Z	halt	250000	250000	fc3aed7f-f119-4577-ab10-96303d16f50e
2026-06-12T15:46:09Z	fired	250000	a27b6f76-9904-4531-ad32-80420a9226f5
2026-06-12T15:46:23Z	fired	250000	a27b6f76-9904-4531-ad32-80420a9226f5
2026-06-12T15:46:45Z	fired	250000	a27b6f76-9904-4531-ad32-80420a9226f5
2026-06-12T15:46:50Z	fired	250000	a27b6f76-9904-4531-ad32-80420a9226f5
2026-06-12T15:47:02Z	fired	250000	a27b6f76-9904-4531-ad32-80420a9226f5
2026-06-12T15:47:17Z	fired	250000	a27b6f76-9904-4531-ad32-80420a9226f5
2026-06-12T15:47:25Z	fired	250000	a27b6f76-9904-4531-ad32-80420a9226f5
2026-06-12T15:48:06Z	fired	250000	a27b6f76-9904-4531-ad32-80420a9226f5
2026-06-12T15:48:23Z	halt	250000	250000	a27b6f76-9904-4531-ad32-80420a9226f5
2026-06-12T17:21:32Z	fired	250000	782b895c-e4e2-42f9-bbf2-83e89324b123
2026-06-12T17:21:41Z	fired	250000	782b895c-e4e2-42f9-bbf2-83e89324b123
2026-06-12T17:22:10Z	halt	250000	250000	782b895c-e4e2-42f9-bbf2-83e89324b123
2026-06-12T19:13:06Z	fired	250000	af39b5cd-a9cb-4176-91f4-1746c6b41cfb
2026-06-12T19:13:20Z	fired	250000	af39b5cd-a9cb-4176-91f4-1746c6b41cfb
2026-06-12T19:16:10Z	fired	250000	af39b5cd-a9cb-4176-91f4-1746c6b41cfb
2026-06-12T19:16:32Z	halt	250000	250000	af39b5cd-a9cb-4176-91f4-1746c6b41cfb
2026-06-12T19:54:41Z	fired	250000	3503a08e-ca49-4d0c-9fc4-e6a65cad4520
2026-06-12T19:54:48Z	fired	250000	3503a08e-ca49-4d0c-9fc4-e6a65cad4520
2026-06-12T19:55:11Z	halt	250000	250000	3503a08e-ca49-4d0c-9fc4-e6a65cad4520
2026-06-12T20:23:06Z	fired	250000	293983ae-ec9b-4323-9823-ea2b51059835
2026-06-12T20:23:19Z	halt	250000	250000	293983ae-ec9b-4323-9823-ea2b51059835
2026-06-12T21:03:58Z	fired	250000	87721e01-7f63-454a-935a-29fd4de0fef3
2026-06-12T21:04:28Z	fired	250000	87721e01-7f63-454a-935a-29fd4de0fef3
2026-06-12T21:04:56Z	fired	250000	87721e01-7f63-454a-935a-29fd4de0fef3
2026-06-12T21:05:34Z	fired	260000	87721e01-7f63-454a-935a-29fd4de0fef3
2026-06-12T21:05:50Z	halt	260000	250000	87721e01-7f63-454a-935a-29fd4de0fef3
2026-06-12T22:58:48Z	fired	250000	ecac84d8-14fc-4a75-8b78-2054f3e4bad3
2026-06-12T22:58:59Z	fired	250000	ecac84d8-14fc-4a75-8b78-2054f3e4bad3
2026-06-12T22:59:48Z	fired	250000	ecac84d8-14fc-4a75-8b78-2054f3e4bad3
2026-06-12T23:00:07Z	halt	250000	250000	ecac84d8-14fc-4a75-8b78-2054f3e4bad3
2026-06-13T00:50:23Z	fired	250000	a05441cb-cbc6-4861-bd68-982a2ba8e91b
2026-06-13T00:50:37Z	halt	250000	250000	a05441cb-cbc6-4861-bd68-982a2ba8e91b
2026-06-13T01:44:45Z	fired	250000	bbf5b71d-78f9-40ce-9764-fd4d751d6209
2026-06-13T01:45:44Z	fired	250000	bbf5b71d-78f9-40ce-9764-fd4d751d6209
2026-06-13T01:46:00Z	halt	250000	250000	bbf5b71d-78f9-40ce-9764-fd4d751d6209
2026-06-13T04:03:50Z	fired	250000	43287be1-4756-4343-827e-3cf1efc640bc
2026-06-13T04:04:12Z	halt	250000	250000	43287be1-4756-4343-827e-3cf1efc640bc
2026-06-13T04:39:16Z	fired	250000	fb2ae929-cb8f-413c-b8dd-e327a16568b9
2026-06-13T04:39:36Z	halt	250000	250000	fb2ae929-cb8f-413c-b8dd-e327a16568b9
2026-06-13T05:14:34Z	fired	260000	46ddc052-23b1-40b1-b235-9d93400a6ba8
2026-06-13T05:14:44Z	fired	260000	46ddc052-23b1-40b1-b235-9d93400a6ba8
2026-06-13T05:15:17Z	fired	260000	46ddc052-23b1-40b1-b235-9d93400a6ba8
2026-06-13T05:15:32Z	halt	260000	250000	46ddc052-23b1-40b1-b235-9d93400a6ba8
2026-06-13T06:20:34Z	fired	250000	7459a30f-4212-49f6-a092-de1c50152f5c
2026-06-13T06:20:44Z	fired	250000	7459a30f-4212-49f6-a092-de1c50152f5c
2026-06-13T06:21:24Z	fired	250000	7459a30f-4212-49f6-a092-de1c50152f5c
2026-06-13T06:21:39Z	halt	250000	250000	7459a30f-4212-49f6-a092-de1c50152f5c
2026-06-13T07:35:38Z	fired	250000	20566678-4b24-4151-9c95-081536db77c2
2026-06-13T07:36:12Z	fired	250000	20566678-4b24-4151-9c95-081536db77c2
2026-06-13T07:36:26Z	halt	250000	250000	20566678-4b24-4151-9c95-081536db77c2
2026-06-13T08:30:59Z	fired	250000	6ab873ed-9a90-456b-89d2-c5fe66bf4781
2026-06-13T08:31:36Z	fired	250000	6ab873ed-9a90-456b-89d2-c5fe66bf4781
2026-06-13T08:32:00Z	fired	250000	6ab873ed-9a90-456b-89d2-c5fe66bf4781
2026-06-13T08:32:16Z	halt	250000	250000	6ab873ed-9a90-456b-89d2-c5fe66bf4781
2026-06-13T09:45:48Z	fired	250000	c33d3c19-a0e6-4ff1-9e3a-97a9db1986e8
2026-06-13T09:45:55Z	fired	250000	c33d3c19-a0e6-4ff1-9e3a-97a9db1986e8
2026-06-13T09:46:17Z	halt	250000	250000	c33d3c19-a0e6-4ff1-9e3a-97a9db1986e8
2026-06-13T10:11:24Z	fired	250000	e124a92c-6dc2-4b92-a0ec-5465d9492ce1
2026-06-13T10:11:30Z	fired	250000	e124a92c-6dc2-4b92-a0ec-5465d9492ce1
2026-06-13T10:11:37Z	fired	250000	e124a92c-6dc2-4b92-a0ec-5465d9492ce1
2026-06-13T10:12:17Z	fired	250000	e124a92c-6dc2-4b92-a0ec-5465d9492ce1
2026-06-13T10:12:32Z	halt	250000	250000	e124a92c-6dc2-4b92-a0ec-5465d9492ce1
2026-06-13T10:51:17Z	fired	250000	9cc9232f-2dbf-4c56-be40-3cb26b7a4dfe
2026-06-13T10:51:34Z	halt	250000	250000	9cc9232f-2dbf-4c56-be40-3cb26b7a4dfe
2026-06-13T11:43:20Z	fired	250000	df1d8ca5-beae-44fa-815b-102bbab731b1
2026-06-13T11:44:09Z	fired	250000	df1d8ca5-beae-44fa-815b-102bbab731b1
2026-06-13T11:44:29Z	fired	250000	df1d8ca5-beae-44fa-815b-102bbab731b1
2026-06-13T11:45:13Z	fired	250000	df1d8ca5-beae-44fa-815b-102bbab731b1
2026-06-13T11:45:29Z	halt	250000	250000	df1d8ca5-beae-44fa-815b-102bbab731b1
2026-06-13T13:07:23Z	fired	250000	c9dddcf7-6aa3-4fe2-9c57-421c3dc63c4b
2026-06-13T13:07:44Z	halt	250000	250000	c9dddcf7-6aa3-4fe2-9c57-421c3dc63c4b
2026-06-13T14:28:59Z	fired	250000	d8b61af9-8e3b-4765-9ce1-8e2dcad4962c
2026-06-13T14:29:19Z	halt	250000	250000	d8b61af9-8e3b-4765-9ce1-8e2dcad4962c
2026-06-13T15:24:41Z	fired	250000	d560ffbc-7aa7-4e4f-8e31-767d21bdafa2
2026-06-13T15:25:05Z	fired	250000	d560ffbc-7aa7-4e4f-8e31-767d21bdafa2
2026-06-13T15:25:34Z	fired	250000	d560ffbc-7aa7-4e4f-8e31-767d21bdafa2
2026-06-13T15:25:47Z	fired	250000	d560ffbc-7aa7-4e4f-8e31-767d21bdafa2
2026-06-13T15:25:51Z	fired	250000	d560ffbc-7aa7-4e4f-8e31-767d21bdafa2
2026-06-13T15:25:58Z	fired	250000	d560ffbc-7aa7-4e4f-8e31-767d21bdafa2
2026-06-13T15:26:57Z	fired	250000	d560ffbc-7aa7-4e4f-8e31-767d21bdafa2
2026-06-13T15:27:28Z	fired	250000	d560ffbc-7aa7-4e4f-8e31-767d21bdafa2
2026-06-13T15:28:02Z	fired	260000	d560ffbc-7aa7-4e4f-8e31-767d21bdafa2
2026-06-13T15:28:07Z	fired	260000	d560ffbc-7aa7-4e4f-8e31-767d21bdafa2
2026-06-13T15:28:14Z	fired	260000	d560ffbc-7aa7-4e4f-8e31-767d21bdafa2
2026-06-13T15:28:23Z	fired	260000	d560ffbc-7aa7-4e4f-8e31-767d21bdafa2
2026-06-13T15:32:07Z	fired	260000	d560ffbc-7aa7-4e4f-8e31-767d21bdafa2
2026-06-13T15:32:37Z	fired	270000	d560ffbc-7aa7-4e4f-8e31-767d21bdafa2
2026-06-13T15:33:00Z	fired	270000	d560ffbc-7aa7-4e4f-8e31-767d21bdafa2
2026-06-13T17:27:48Z	fired	250000	894c8816-93b7-4aa7-89d7-3cf75992795a
2026-06-13T17:28:07Z	halt	250000	250000	894c8816-93b7-4aa7-89d7-3cf75992795a
2026-06-13T18:37:48Z	fired	250000	e21d5f9f-2dd6-490f-b35a-b1b6316b4d1b
2026-06-13T18:38:02Z	fired	250000	e21d5f9f-2dd6-490f-b35a-b1b6316b4d1b
2026-06-13T18:38:16Z	fired	250000	e21d5f9f-2dd6-490f-b35a-b1b6316b4d1b
2026-06-13T18:39:11Z	fired	250000	e21d5f9f-2dd6-490f-b35a-b1b6316b4d1b
2026-06-13T18:39:28Z	halt	250000	250000	e21d5f9f-2dd6-490f-b35a-b1b6316b4d1b
2026-06-13T19:25:13Z	fired	250000	928bf30d-839b-4586-83fb-9239fac43ab9
2026-06-13T19:25:29Z	halt	260000	250000	928bf30d-839b-4586-83fb-9239fac43ab9
2026-06-13T20:07:13Z	fired	250000	bfa4cc6b-9b8d-4554-bf40-4719c5b86f9a
2026-06-13T20:07:19Z	fired	250000	bfa4cc6b-9b8d-4554-bf40-4719c5b86f9a
2026-06-13T20:07:32Z	fired	250000	bfa4cc6b-9b8d-4554-bf40-4719c5b86f9a
2026-06-13T20:07:51Z	halt	250000	250000	bfa4cc6b-9b8d-4554-bf40-4719c5b86f9a
2026-06-13T20:50:21Z	fired	250000	cd07229e-3b30-4f67-ac73-69b53c22729d
2026-06-13T20:50:34Z	fired	250000	cd07229e-3b30-4f67-ac73-69b53c22729d
2026-06-13T20:50:47Z	fired	250000	cd07229e-3b30-4f67-ac73-69b53c22729d
2026-06-13T20:51:24Z	fired	250000	cd07229e-3b30-4f67-ac73-69b53c22729d
2026-06-13T20:51:40Z	halt	250000	250000	cd07229e-3b30-4f67-ac73-69b53c22729d
2026-06-13T21:43:50Z	fired	250000	73cd2b5d-70d1-4373-9cb4-866633d0acbe
2026-06-13T21:44:51Z	fired	250000	73cd2b5d-70d1-4373-9cb4-866633d0acbe
2026-06-13T21:45:42Z	fired	250000	73cd2b5d-70d1-4373-9cb4-866633d0acbe
2026-06-13T21:46:07Z	fired	260000	73cd2b5d-70d1-4373-9cb4-866633d0acbe
2026-06-13T21:46:20Z	fired	260000	73cd2b5d-70d1-4373-9cb4-866633d0acbe
2026-06-13T21:47:22Z	fired	260000	73cd2b5d-70d1-4373-9cb4-866633d0acbe
2026-06-13T21:47:42Z	halt	260000	250000	73cd2b5d-70d1-4373-9cb4-866633d0acbe
2026-06-13T22:38:43Z	fired	250000	5cacf8b5-55d4-4288-bea2-1a3c1a4bcda7
2026-06-13T22:39:08Z	halt	250000	250000	5cacf8b5-55d4-4288-bea2-1a3c1a4bcda7
2026-06-13T23:11:16Z	fired	250000	ccf05dff-f623-441c-84bb-da24f6d664cc
2026-06-13T23:11:26Z	fired	250000	ccf05dff-f623-441c-84bb-da24f6d664cc
2026-06-13T23:11:39Z	fired	250000	ccf05dff-f623-441c-84bb-da24f6d664cc
2026-06-13T23:11:52Z	fired	250000	ccf05dff-f623-441c-84bb-da24f6d664cc
2026-06-13T23:11:59Z	fired	250000	ccf05dff-f623-441c-84bb-da24f6d664cc
2026-06-13T23:13:00Z	fired	260000	ccf05dff-f623-441c-84bb-da24f6d664cc
2026-06-13T23:13:39Z	fired	260000	ccf05dff-f623-441c-84bb-da24f6d664cc
2026-06-13T23:13:55Z	halt	260000	250000	ccf05dff-f623-441c-84bb-da24f6d664cc
2026-06-14T00:43:27Z	fired	250000	3b33c27d-7112-4546-b283-52da390439cf
2026-06-14T00:44:18Z	fired	250000	3b33c27d-7112-4546-b283-52da390439cf
2026-06-14T00:44:38Z	halt	250000	250000	3b33c27d-7112-4546-b283-52da390439cf
2026-06-14T01:16:31Z	halt	250000	250000	94179ed2-1cd1-4e3e-a0a9-91f187c2fcc0
2026-06-14T02:15:54Z	fired	250000	78d18c64-b7b6-481d-ae2c-c2b3346ab2d0
2026-06-14T02:16:03Z	fired	250000	78d18c64-b7b6-481d-ae2c-c2b3346ab2d0
2026-06-14T02:16:10Z	fired	250000	78d18c64-b7b6-481d-ae2c-c2b3346ab2d0
2026-06-14T02:16:29Z	halt	250000	250000	78d18c64-b7b6-481d-ae2c-c2b3346ab2d0
2026-06-14T03:20:21Z	fired	250000	14722027-ef29-47ec-bf12-ac5563d909b8
2026-06-14T03:20:29Z	fired	250000	14722027-ef29-47ec-bf12-ac5563d909b8
2026-06-14T03:21:08Z	fired	250000	14722027-ef29-47ec-bf12-ac5563d909b8
2026-06-14T03:21:26Z	halt	260000	250000	14722027-ef29-47ec-bf12-ac5563d909b8
2026-06-14T04:25:47Z	fired	260000	6dc2d5cd-17c0-4b75-a8ce-7a158f91224a
2026-06-14T04:26:17Z	halt	260000	250000	6dc2d5cd-17c0-4b75-a8ce-7a158f91224a
2026-06-14T09:28:10Z	fired	250000	fb210c5e-dde4-4fa0-9225-76bcd59b6927
2026-06-14T09:28:34Z	fired	250000	fb210c5e-dde4-4fa0-9225-76bcd59b6927
2026-06-14T09:29:09Z	fired	250000	fb210c5e-dde4-4fa0-9225-76bcd59b6927
2026-06-14T09:29:27Z	halt	260000	250000	fb210c5e-dde4-4fa0-9225-76bcd59b6927
2026-06-14T10:05:44Z	fired	250000	64f5e185-b9c5-46cf-b12c-5ffbb2ab4e06
2026-06-14T10:06:26Z	halt	260000	250000	64f5e185-b9c5-46cf-b12c-5ffbb2ab4e06
2026-06-14T10:39:11Z	fired	250000	d993613a-1f41-49f5-81fb-c1c4b3ebb769
2026-06-14T10:39:16Z	fired	250000	d993613a-1f41-49f5-81fb-c1c4b3ebb769
2026-06-14T10:39:54Z	fired	250000	d993613a-1f41-49f5-81fb-c1c4b3ebb769
2026-06-14T10:40:10Z	halt	250000	250000	d993613a-1f41-49f5-81fb-c1c4b3ebb769
2026-06-14T11:48:22Z	fired	250000	db6a4d05-0da5-4070-aca0-83e5ff6b3aac
2026-06-14T11:48:35Z	fired	250000	db6a4d05-0da5-4070-aca0-83e5ff6b3aac
2026-06-14T11:48:41Z	fired	250000	db6a4d05-0da5-4070-aca0-83e5ff6b3aac
2026-06-14T11:48:58Z	fired	250000	db6a4d05-0da5-4070-aca0-83e5ff6b3aac
2026-06-14T11:49:06Z	fired	250000	db6a4d05-0da5-4070-aca0-83e5ff6b3aac
2026-06-14T11:49:13Z	fired	250000	db6a4d05-0da5-4070-aca0-83e5ff6b3aac
2026-06-14T11:49:18Z	fired	250000	db6a4d05-0da5-4070-aca0-83e5ff6b3aac
2026-06-14T11:49:32Z	fired	250000	db6a4d05-0da5-4070-aca0-83e5ff6b3aac
2026-06-14T11:50:03Z	fired	260000	db6a4d05-0da5-4070-aca0-83e5ff6b3aac
2026-06-14T11:50:18Z	halt	260000	250000	db6a4d05-0da5-4070-aca0-83e5ff6b3aac
2026-06-14T12:49:55Z	fired	250000	424f73d0-825e-43ba-bfa0-b7c3c316aa6b
2026-06-14T12:50:27Z	fired	250000	424f73d0-825e-43ba-bfa0-b7c3c316aa6b
2026-06-14T12:50:44Z	halt	260000	250000	424f73d0-825e-43ba-bfa0-b7c3c316aa6b
2026-06-14T13:56:33Z	fired	250000	9e3d9abb-28f0-4c40-bcc2-81e38dbd4030
2026-06-14T13:57:01Z	halt	250000	250000	9e3d9abb-28f0-4c40-bcc2-81e38dbd4030
2026-06-14T14:49:50Z	fired	250000	a8482bf7-b47e-4ef8-8c4a-983d99d5edff
2026-06-14T14:50:26Z	fired	250000	a8482bf7-b47e-4ef8-8c4a-983d99d5edff
2026-06-14T14:51:30Z	fired	250000	a8482bf7-b47e-4ef8-8c4a-983d99d5edff
2026-06-14T14:51:48Z	halt	260000	250000	a8482bf7-b47e-4ef8-8c4a-983d99d5edff
2026-06-14T15:32:45Z	fired	250000	f53cdf91-b4ea-4800-b0c0-975d66b6bbee
2026-06-14T15:33:09Z	halt	250000	250000	f53cdf91-b4ea-4800-b0c0-975d66b6bbee
2026-06-14T16:58:49Z	fired	250000	16d47a4a-fcd8-468a-b181-f8025efd8190
2026-06-14T16:59:07Z	halt	250000	250000	16d47a4a-fcd8-468a-b181-f8025efd8190
