2026-06-03T13:25:12Z	fired	50000	4691bd4c-2d3b-4639-9080-5cb4303fdfb3
2026-06-03T13:25:21Z	fired	60000	4691bd4c-2d3b-4639-9080-5cb4303fdfb3
2026-06-03T13:25:36Z	fired	80000	4691bd4c-2d3b-4639-9080-5cb4303fdfb3
2026-06-03T13:25:52Z	fired	80000	4691bd4c-2d3b-4639-9080-5cb4303fdfb3
2026-06-03T13:25:56Z	fired	80000	4691bd4c-2d3b-4639-9080-5cb4303fdfb3
2026-06-03T13:26:23Z	fired	80000	4691bd4c-2d3b-4639-9080-5cb4303fdfb3
2026-06-03T13:26:26Z	fired	80000	4691bd4c-2d3b-4639-9080-5cb4303fdfb3
2026-06-03T13:26:58Z	fired	90000	4691bd4c-2d3b-4639-9080-5cb4303fdfb3
2026-06-03T13:28:07Z	fired	90000	4691bd4c-2d3b-4639-9080-5cb4303fdfb3
2026-06-03T13:28:28Z	fired	89556	4691bd4c-2d3b-4639-9080-5cb4303fdfb3
2026-06-03T13:28:38Z	fired	90000	4691bd4c-2d3b-4639-9080-5cb4303fdfb3
2026-06-03T13:29:01Z	fired	90000	4691bd4c-2d3b-4639-9080-5cb4303fdfb3
2026-06-03T13:29:04Z	fired	94195	4691bd4c-2d3b-4639-9080-5cb4303fdfb3
2026-06-03T13:29:35Z	fired	100000	4691bd4c-2d3b-4639-9080-5cb4303fdfb3
2026-06-03T13:32:01Z	fired	100000	4691bd4c-2d3b-4639-9080-5cb4303fdfb3
2026-06-03T13:42:09Z	fired	100000	4691bd4c-2d3b-4639-9080-5cb4303fdfb3
2026-06-03T13:42:12Z	fired	100000	4691bd4c-2d3b-4639-9080-5cb4303fdfb3
2026-06-03T13:42:18Z	fired	110000	4691bd4c-2d3b-4639-9080-5cb4303fdfb3
2026-06-03T13:42:59Z	fired	110000	4691bd4c-2d3b-4639-9080-5cb4303fdfb3
2026-06-03T13:43:04Z	fired	110000	4691bd4c-2d3b-4639-9080-5cb4303fdfb3
2026-06-03T13:43:44Z	fired	110000	4691bd4c-2d3b-4639-9080-5cb4303fdfb3
2026-06-03T13:43:56Z	fired	120000	4691bd4c-2d3b-4639-9080-5cb4303fdfb3
2026-06-03T13:44:00Z	fired	120000	4691bd4c-2d3b-4639-9080-5cb4303fdfb3
2026-06-03T13:44:11Z	fired	120000	4691bd4c-2d3b-4639-9080-5cb4303fdfb3
2026-06-03T13:44:26Z	fired	120000	4691bd4c-2d3b-4639-9080-5cb4303fdfb3
2026-06-03T13:44:31Z	fired	120000	4691bd4c-2d3b-4639-9080-5cb4303fdfb3
2026-06-03T13:44:35Z	fired	120000	4691bd4c-2d3b-4639-9080-5cb4303fdfb3
2026-06-03T13:44:40Z	fired	120000	4691bd4c-2d3b-4639-9080-5cb4303fdfb3
2026-06-03T13:44:44Z	fired	130000	4691bd4c-2d3b-4639-9080-5cb4303fdfb3
2026-06-03T13:44:50Z	fired	130000	4691bd4c-2d3b-4639-9080-5cb4303fdfb3
2026-06-03T13:45:30Z	fired	130000	4691bd4c-2d3b-4639-9080-5cb4303fdfb3
2026-06-03T13:45:47Z	fired	130000	4691bd4c-2d3b-4639-9080-5cb4303fdfb3
2026-06-03T13:46:07Z	fired	130000	4691bd4c-2d3b-4639-9080-5cb4303fdfb3
2026-06-03T13:48:12Z	fired	130000	4691bd4c-2d3b-4639-9080-5cb4303fdfb3
2026-06-03T13:58:20Z	fired	130000	4691bd4c-2d3b-4639-9080-5cb4303fdfb3
2026-06-03T13:58:37Z	fired	130000	4691bd4c-2d3b-4639-9080-5cb4303fdfb3
2026-06-03T13:59:11Z	fired	140000	4691bd4c-2d3b-4639-9080-5cb4303fdfb3
2026-06-03T13:59:47Z	fired	140000	4691bd4c-2d3b-4639-9080-5cb4303fdfb3
2026-06-03T13:59:54Z	fired	140000	4691bd4c-2d3b-4639-9080-5cb4303fdfb3
2026-06-03T14:00:01Z	fired	140000	4691bd4c-2d3b-4639-9080-5cb4303fdfb3
2026-06-03T14:01:57Z	fired	140000	4691bd4c-2d3b-4639-9080-5cb4303fdfb3
2026-06-03T14:02:06Z	fired	140000	4691bd4c-2d3b-4639-9080-5cb4303fdfb3
2026-06-03T14:03:24Z	fired	140000	4691bd4c-2d3b-4639-9080-5cb4303fdfb3
2026-06-03T14:03:47Z	fired	140000	4691bd4c-2d3b-4639-9080-5cb4303fdfb3
2026-06-03T14:07:26Z	fired	140000	4691bd4c-2d3b-4639-9080-5cb4303fdfb3
2026-06-03T14:07:39Z	fired	150000	4691bd4c-2d3b-4639-9080-5cb4303fdfb3
2026-06-03T14:09:34Z	fired	150000	4691bd4c-2d3b-4639-9080-5cb4303fdfb3
2026-06-03T14:09:53Z	fired	150000	4691bd4c-2d3b-4639-9080-5cb4303fdfb3
2026-06-03T14:12:00Z	fired	150000	4691bd4c-2d3b-4639-9080-5cb4303fdfb3
2026-06-03T14:22:07Z	fired	150000	4691bd4c-2d3b-4639-9080-5cb4303fdfb3
2026-06-03T14:22:19Z	fired	150000	4691bd4c-2d3b-4639-9080-5cb4303fdfb3
2026-06-03T14:22:58Z	fired	150000	4691bd4c-2d3b-4639-9080-5cb4303fdfb3
2026-06-03T14:23:48Z	fired	150000	4691bd4c-2d3b-4639-9080-5cb4303fdfb3
2026-06-03T14:24:14Z	fired	160000	4691bd4c-2d3b-4639-9080-5cb4303fdfb3
2026-06-03T14:24:54Z	fired	160000	4691bd4c-2d3b-4639-9080-5cb4303fdfb3
2026-06-03T14:25:10Z	halt	160000	160	4691bd4c-2d3b-4639-9080-5cb4303fdfb3
2026-06-03T14:25:21Z	fired	50000	827142e4-fc9f-4b2a-9787-403cbf4cf44e
2026-06-03T14:25:22Z	fired	50000	827142e4-fc9f-4b2a-9787-403cbf4cf44e
2026-06-03T14:25:42Z	fired	80000	827142e4-fc9f-4b2a-9787-403cbf4cf44e
2026-06-03T14:26:14Z	fired	80000	827142e4-fc9f-4b2a-9787-403cbf4cf44e
2026-06-03T14:26:17Z	fired	80000	827142e4-fc9f-4b2a-9787-403cbf4cf44e
2026-06-03T14:27:01Z	fired	80000	827142e4-fc9f-4b2a-9787-403cbf4cf44e
2026-06-03T14:29:13Z	fired	90000	827142e4-fc9f-4b2a-9787-403cbf4cf44e
2026-06-03T14:29:31Z	fired	90000	827142e4-fc9f-4b2a-9787-403cbf4cf44e
2026-06-03T14:29:49Z	halt	90000	160	827142e4-fc9f-4b2a-9787-403cbf4cf44e
2026-06-03T14:30:01Z	fired	50000	05bc3114-a589-422b-9d5a-759dd123a875
2026-06-03T14:30:07Z	fired	50000	05bc3114-a589-422b-9d5a-759dd123a875
2026-06-03T14:30:12Z	fired	50000	05bc3114-a589-422b-9d5a-759dd123a875
2026-06-03T14:31:07Z	fired	50000	05bc3114-a589-422b-9d5a-759dd123a875
2026-06-03T14:31:14Z	fired	60000	05bc3114-a589-422b-9d5a-759dd123a875
2026-06-03T14:31:27Z	fired	60000	05bc3114-a589-422b-9d5a-759dd123a875
2026-06-03T14:31:30Z	fired	60000	05bc3114-a589-422b-9d5a-759dd123a875
2026-06-03T14:32:02Z	fired	60000	05bc3114-a589-422b-9d5a-759dd123a875
2026-06-03T14:32:07Z	fired	60000	05bc3114-a589-422b-9d5a-759dd123a875
2026-06-03T14:32:52Z	fired	70000	05bc3114-a589-422b-9d5a-759dd123a875
2026-06-03T14:33:25Z	fired	70000	05bc3114-a589-422b-9d5a-759dd123a875
2026-06-03T14:33:35Z	fired	70000	05bc3114-a589-422b-9d5a-759dd123a875
2026-06-03T14:34:16Z	fired	80000	05bc3114-a589-422b-9d5a-759dd123a875
2026-06-03T14:35:08Z	fired	80000	05bc3114-a589-422b-9d5a-759dd123a875
2026-06-03T14:35:14Z	fired	90000	05bc3114-a589-422b-9d5a-759dd123a875
2026-06-03T14:35:48Z	fired	90000	05bc3114-a589-422b-9d5a-759dd123a875
2026-06-03T14:36:41Z	fired	90000	05bc3114-a589-422b-9d5a-759dd123a875
2026-06-03T14:37:32Z	fired	100000	05bc3114-a589-422b-9d5a-759dd123a875
2026-06-03T14:37:47Z	fired	100000	05bc3114-a589-422b-9d5a-759dd123a875
2026-06-03T14:37:58Z	fired	110000	05bc3114-a589-422b-9d5a-759dd123a875
2026-06-03T14:38:06Z	fired	110000	05bc3114-a589-422b-9d5a-759dd123a875
2026-06-03T14:38:31Z	fired	110000	05bc3114-a589-422b-9d5a-759dd123a875
2026-06-03T14:38:36Z	fired	110000	05bc3114-a589-422b-9d5a-759dd123a875
2026-06-03T14:39:00Z	fired	120000	05bc3114-a589-422b-9d5a-759dd123a875
2026-06-03T14:39:04Z	fired	120000	05bc3114-a589-422b-9d5a-759dd123a875
2026-06-03T14:39:13Z	fired	120000	05bc3114-a589-422b-9d5a-759dd123a875
2026-06-03T14:39:18Z	fired	120000	05bc3114-a589-422b-9d5a-759dd123a875
2026-06-03T14:39:25Z	fired	120000	05bc3114-a589-422b-9d5a-759dd123a875
2026-06-03T14:39:39Z	fired	120000	05bc3114-a589-422b-9d5a-759dd123a875
2026-06-03T14:39:44Z	fired	120000	05bc3114-a589-422b-9d5a-759dd123a875
2026-06-03T14:39:49Z	fired	120000	05bc3114-a589-422b-9d5a-759dd123a875
2026-06-03T14:40:01Z	fired	130000	05bc3114-a589-422b-9d5a-759dd123a875
2026-06-03T14:40:06Z	fired	130000	05bc3114-a589-422b-9d5a-759dd123a875
2026-06-03T14:40:09Z	fired	130000	05bc3114-a589-422b-9d5a-759dd123a875
2026-06-03T14:40:15Z	fired	130000	05bc3114-a589-422b-9d5a-759dd123a875
2026-06-03T14:40:24Z	fired	130000	05bc3114-a589-422b-9d5a-759dd123a875
2026-06-03T14:40:33Z	fired	130000	05bc3114-a589-422b-9d5a-759dd123a875
2026-06-03T14:40:38Z	fired	130000	05bc3114-a589-422b-9d5a-759dd123a875
2026-06-03T14:40:57Z	fired	130000	05bc3114-a589-422b-9d5a-759dd123a875
2026-06-03T14:41:31Z	fired	130000	05bc3114-a589-422b-9d5a-759dd123a875
2026-06-03T14:41:52Z	fired	130000	05bc3114-a589-422b-9d5a-759dd123a875
2026-06-03T14:42:14Z	fired	130000	05bc3114-a589-422b-9d5a-759dd123a875
2026-06-03T14:42:22Z	fired	140000	05bc3114-a589-422b-9d5a-759dd123a875
2026-06-03T14:43:11Z	fired	140000	05bc3114-a589-422b-9d5a-759dd123a875
2026-06-03T14:43:39Z	fired	140000	05bc3114-a589-422b-9d5a-759dd123a875
2026-06-03T14:43:59Z	fired	140000	05bc3114-a589-422b-9d5a-759dd123a875
2026-06-03T14:44:12Z	fired	150000	05bc3114-a589-422b-9d5a-759dd123a875
2026-06-03T14:44:20Z	fired	150000	05bc3114-a589-422b-9d5a-759dd123a875
2026-06-03T14:44:38Z	halt	150000	160	05bc3114-a589-422b-9d5a-759dd123a875
2026-06-03T14:44:48Z	fired	50000	af35ad34-ffb3-4496-9a06-12a68b06dc4e
2026-06-03T14:44:59Z	fired	60000	af35ad34-ffb3-4496-9a06-12a68b06dc4e
2026-06-03T14:44:59Z	fired	60000	af35ad34-ffb3-4496-9a06-12a68b06dc4e
2026-06-03T14:45:05Z	fired	60000	af35ad34-ffb3-4496-9a06-12a68b06dc4e
2026-06-03T14:45:12Z	fired	70000	af35ad34-ffb3-4496-9a06-12a68b06dc4e
2026-06-03T14:45:16Z	fired	70000	af35ad34-ffb3-4496-9a06-12a68b06dc4e
2026-06-03T14:45:38Z	fired	70000	af35ad34-ffb3-4496-9a06-12a68b06dc4e
2026-06-03T14:45:49Z	fired	70000	af35ad34-ffb3-4496-9a06-12a68b06dc4e
2026-06-03T14:46:06Z	fired	70000	af35ad34-ffb3-4496-9a06-12a68b06dc4e
2026-06-03T14:46:14Z	fired	70000	af35ad34-ffb3-4496-9a06-12a68b06dc4e
2026-06-03T14:46:32Z	fired	70000	af35ad34-ffb3-4496-9a06-12a68b06dc4e
2026-06-03T14:46:37Z	fired	70000	af35ad34-ffb3-4496-9a06-12a68b06dc4e
2026-06-03T14:47:06Z	fired	80000	af35ad34-ffb3-4496-9a06-12a68b06dc4e
2026-06-03T14:47:09Z	fired	80000	af35ad34-ffb3-4496-9a06-12a68b06dc4e
2026-06-03T14:48:01Z	fired	90000	af35ad34-ffb3-4496-9a06-12a68b06dc4e
2026-06-03T14:48:19Z	fired	90000	af35ad34-ffb3-4496-9a06-12a68b06dc4e
2026-06-03T14:48:22Z	fired	90000	af35ad34-ffb3-4496-9a06-12a68b06dc4e
2026-06-03T14:48:39Z	fired	90000	af35ad34-ffb3-4496-9a06-12a68b06dc4e
2026-06-03T14:49:11Z	fired	90000	af35ad34-ffb3-4496-9a06-12a68b06dc4e
2026-06-03T14:49:15Z	fired	100000	af35ad34-ffb3-4496-9a06-12a68b06dc4e
2026-06-03T14:49:53Z	fired	100000	af35ad34-ffb3-4496-9a06-12a68b06dc4e
2026-06-03T14:50:15Z	fired	100000	af35ad34-ffb3-4496-9a06-12a68b06dc4e
2026-06-03T14:50:33Z	fired	100000	af35ad34-ffb3-4496-9a06-12a68b06dc4e
2026-06-03T14:51:09Z	fired	110000	af35ad34-ffb3-4496-9a06-12a68b06dc4e
2026-06-03T14:51:17Z	fired	110000	af35ad34-ffb3-4496-9a06-12a68b06dc4e
2026-06-03T14:51:50Z	fired	110000	af35ad34-ffb3-4496-9a06-12a68b06dc4e
2026-06-03T14:52:16Z	fired	110000	af35ad34-ffb3-4496-9a06-12a68b06dc4e
2026-06-03T14:52:45Z	fired	120000	af35ad34-ffb3-4496-9a06-12a68b06dc4e
2026-06-03T14:53:09Z	fired	120000	af35ad34-ffb3-4496-9a06-12a68b06dc4e
2026-06-03T14:53:43Z	fired	120000	af35ad34-ffb3-4496-9a06-12a68b06dc4e
2026-06-03T14:53:49Z	fired	120000	af35ad34-ffb3-4496-9a06-12a68b06dc4e
2026-06-03T14:53:54Z	fired	130000	af35ad34-ffb3-4496-9a06-12a68b06dc4e
2026-06-03T14:54:32Z	fired	130000	af35ad34-ffb3-4496-9a06-12a68b06dc4e
2026-06-03T14:54:38Z	fired	130000	af35ad34-ffb3-4496-9a06-12a68b06dc4e
2026-06-03T14:55:13Z	fired	130000	af35ad34-ffb3-4496-9a06-12a68b06dc4e
2026-06-03T14:55:19Z	fired	140000	af35ad34-ffb3-4496-9a06-12a68b06dc4e
2026-06-03T14:55:57Z	fired	140000	af35ad34-ffb3-4496-9a06-12a68b06dc4e
2026-06-03T14:56:04Z	fired	140000	af35ad34-ffb3-4496-9a06-12a68b06dc4e
2026-06-03T14:56:25Z	fired	140000	af35ad34-ffb3-4496-9a06-12a68b06dc4e
2026-06-03T14:56:56Z	fired	140000	af35ad34-ffb3-4496-9a06-12a68b06dc4e
2026-06-03T14:57:07Z	fired	150000	af35ad34-ffb3-4496-9a06-12a68b06dc4e
2026-06-03T14:57:14Z	fired	150000	af35ad34-ffb3-4496-9a06-12a68b06dc4e
2026-06-03T14:57:29Z	halt	150000	160	af35ad34-ffb3-4496-9a06-12a68b06dc4e
2026-06-03T14:57:40Z	fired	50000	a86252dc-13aa-4ef2-a437-106a5ec1cf04
2026-06-03T14:57:40Z	fired	50000	a86252dc-13aa-4ef2-a437-106a5ec1cf04
2026-06-03T14:58:11Z	fired	80000	a86252dc-13aa-4ef2-a437-106a5ec1cf04
2026-06-03T14:58:26Z	halt	80000	160	a86252dc-13aa-4ef2-a437-106a5ec1cf04
2026-06-03T14:58:36Z	fired	50000	92a33963-53e1-420a-843a-2eec214f5a78
2026-06-03T14:59:06Z	fired	50000	92a33963-53e1-420a-843a-2eec214f5a78
2026-06-03T14:59:13Z	fired	50000	92a33963-53e1-420a-843a-2eec214f5a78
2026-06-03T14:59:16Z	fired	50000	92a33963-53e1-420a-843a-2eec214f5a78
2026-06-03T14:59:31Z	fired	50000	92a33963-53e1-420a-843a-2eec214f5a78
2026-06-03T14:59:42Z	fired	60000	92a33963-53e1-420a-843a-2eec214f5a78
2026-06-03T14:59:52Z	fired	60000	92a33963-53e1-420a-843a-2eec214f5a78
2026-06-03T14:59:55Z	fired	60000	92a33963-53e1-420a-843a-2eec214f5a78
2026-06-03T15:00:30Z	fired	60000	92a33963-53e1-420a-843a-2eec214f5a78
2026-06-03T15:00:35Z	fired	60000	92a33963-53e1-420a-843a-2eec214f5a78
2026-06-03T15:01:28Z	fired	70000	92a33963-53e1-420a-843a-2eec214f5a78
2026-06-03T15:01:43Z	fired	80000	92a33963-53e1-420a-843a-2eec214f5a78
2026-06-03T15:01:54Z	fired	80000	92a33963-53e1-420a-843a-2eec214f5a78
2026-06-03T15:02:20Z	fired	50000	80482414-55b0-41bc-972e-c9ca6b971792
2026-06-03T15:02:35Z	fired	50000	80482414-55b0-41bc-972e-c9ca6b971792
2026-06-03T15:02:40Z	fired	50000	80482414-55b0-41bc-972e-c9ca6b971792
2026-06-03T15:02:50Z	fired	60000	80482414-55b0-41bc-972e-c9ca6b971792
2026-06-03T15:04:13Z	fired	60000	80482414-55b0-41bc-972e-c9ca6b971792
2026-06-03T15:04:14Z	fired	60000	80482414-55b0-41bc-972e-c9ca6b971792
2026-06-03T15:04:25Z	fired	70000	80482414-55b0-41bc-972e-c9ca6b971792
2026-06-03T15:05:25Z	fired	80000	80482414-55b0-41bc-972e-c9ca6b971792
2026-06-03T15:06:02Z	fired	80000	80482414-55b0-41bc-972e-c9ca6b971792
2026-06-03T15:06:14Z	fired	90000	80482414-55b0-41bc-972e-c9ca6b971792
2026-06-03T15:06:31Z	fired	90000	80482414-55b0-41bc-972e-c9ca6b971792
2026-06-03T15:06:45Z	fired	90000	80482414-55b0-41bc-972e-c9ca6b971792
2026-06-03T15:07:02Z	fired	90000	80482414-55b0-41bc-972e-c9ca6b971792
2026-06-03T15:07:46Z	fired	100000	80482414-55b0-41bc-972e-c9ca6b971792
2026-06-03T15:08:14Z	fired	100000	80482414-55b0-41bc-972e-c9ca6b971792
2026-06-03T15:08:28Z	fired	100000	80482414-55b0-41bc-972e-c9ca6b971792
2026-06-03T15:08:48Z	fired	100000	80482414-55b0-41bc-972e-c9ca6b971792
2026-06-03T15:09:16Z	fired	100000	80482414-55b0-41bc-972e-c9ca6b971792
2026-06-03T15:10:19Z	fired	100000	80482414-55b0-41bc-972e-c9ca6b971792
2026-06-03T15:12:42Z	fired	110000	80482414-55b0-41bc-972e-c9ca6b971792
2026-06-03T15:13:40Z	fired	110000	80482414-55b0-41bc-972e-c9ca6b971792
2026-06-03T15:14:14Z	fired	110000	80482414-55b0-41bc-972e-c9ca6b971792
2026-06-03T15:14:27Z	fired	120000	80482414-55b0-41bc-972e-c9ca6b971792
2026-06-03T15:15:01Z	fired	120000	80482414-55b0-41bc-972e-c9ca6b971792
2026-06-03T15:15:39Z	fired	120000	80482414-55b0-41bc-972e-c9ca6b971792
2026-06-03T15:16:36Z	fired	130000	80482414-55b0-41bc-972e-c9ca6b971792
2026-06-03T15:16:42Z	fired	130000	80482414-55b0-41bc-972e-c9ca6b971792
2026-06-03T15:17:46Z	fired	140000	80482414-55b0-41bc-972e-c9ca6b971792
2026-06-03T15:18:12Z	fired	140000	80482414-55b0-41bc-972e-c9ca6b971792
2026-06-03T15:19:56Z	fired	140000	80482414-55b0-41bc-972e-c9ca6b971792
2026-06-03T15:21:23Z	fired	150000	80482414-55b0-41bc-972e-c9ca6b971792
2026-06-03T15:22:07Z	fired	150000	80482414-55b0-41bc-972e-c9ca6b971792
2026-06-03T15:23:06Z	fired	150000	80482414-55b0-41bc-972e-c9ca6b971792
2026-06-03T15:23:23Z	fired	160000	80482414-55b0-41bc-972e-c9ca6b971792
2026-06-03T15:23:33Z	fired	160000	80482414-55b0-41bc-972e-c9ca6b971792
2026-06-03T16:08:49Z	fired	50000	15a17872-a5b4-4403-b816-8efda671e610
2026-06-03T16:09:21Z	fired	50000	15a17872-a5b4-4403-b816-8efda671e610
2026-06-03T16:09:30Z	fired	60000	15a17872-a5b4-4403-b816-8efda671e610
2026-06-03T16:09:43Z	fired	60000	15a17872-a5b4-4403-b816-8efda671e610
2026-06-03T16:09:54Z	fired	60000	15a17872-a5b4-4403-b816-8efda671e610
2026-06-03T16:11:04Z	halt	60000	160	15a17872-a5b4-4403-b816-8efda671e610
2026-06-03T16:11:15Z	fired	50000	756cb496-33e5-4113-9d6a-8f43a01545f1
2026-06-03T16:11:21Z	fired	50000	756cb496-33e5-4113-9d6a-8f43a01545f1
2026-06-03T16:11:22Z	fired	50000	756cb496-33e5-4113-9d6a-8f43a01545f1
2026-06-03T16:11:47Z	fired	60000	756cb496-33e5-4113-9d6a-8f43a01545f1
2026-06-03T16:11:50Z	fired	60000	756cb496-33e5-4113-9d6a-8f43a01545f1
2026-06-03T16:12:07Z	fired	60000	756cb496-33e5-4113-9d6a-8f43a01545f1
2026-06-03T16:12:19Z	fired	60000	756cb496-33e5-4113-9d6a-8f43a01545f1
2026-06-03T16:12:24Z	fired	60000	756cb496-33e5-4113-9d6a-8f43a01545f1
2026-06-03T16:12:31Z	fired	60000	756cb496-33e5-4113-9d6a-8f43a01545f1
2026-06-03T16:13:43Z	fired	70000	756cb496-33e5-4113-9d6a-8f43a01545f1
2026-06-03T16:16:21Z	fired	69085	756cb496-33e5-4113-9d6a-8f43a01545f1
2026-06-03T16:16:42Z	halt	70000	160	756cb496-33e5-4113-9d6a-8f43a01545f1
2026-06-03T16:16:53Z	fired	50000	29b10eea-1ff9-42f3-b7bc-66bdce6ca726
2026-06-03T16:17:05Z	fired	60000	29b10eea-1ff9-42f3-b7bc-66bdce6ca726
2026-06-03T16:17:09Z	fired	60000	29b10eea-1ff9-42f3-b7bc-66bdce6ca726
2026-06-03T16:17:27Z	fired	60000	29b10eea-1ff9-42f3-b7bc-66bdce6ca726
2026-06-03T16:17:32Z	fired	70000	29b10eea-1ff9-42f3-b7bc-66bdce6ca726
2026-06-03T16:17:36Z	fired	70000	29b10eea-1ff9-42f3-b7bc-66bdce6ca726
2026-06-03T16:18:53Z	fired	70904	29b10eea-1ff9-42f3-b7bc-66bdce6ca726
2026-06-03T16:19:01Z	fired	80000	29b10eea-1ff9-42f3-b7bc-66bdce6ca726
2026-06-03T16:19:40Z	fired	80000	29b10eea-1ff9-42f3-b7bc-66bdce6ca726
2026-06-03T16:20:34Z	fired	80000	29b10eea-1ff9-42f3-b7bc-66bdce6ca726
2026-06-03T16:20:48Z	fired	90000	29b10eea-1ff9-42f3-b7bc-66bdce6ca726
2026-06-03T16:21:14Z	fired	90000	29b10eea-1ff9-42f3-b7bc-66bdce6ca726
2026-06-03T16:21:27Z	fired	90000	29b10eea-1ff9-42f3-b7bc-66bdce6ca726
2026-06-03T16:21:58Z	fired	50000	5e33333b-079d-40c5-aeb4-3514eb065500
2026-06-03T16:22:03Z	fired	50000	5e33333b-079d-40c5-aeb4-3514eb065500
2026-06-03T16:22:10Z	fired	60000	5e33333b-079d-40c5-aeb4-3514eb065500
2026-06-03T16:22:37Z	fired	60000	5e33333b-079d-40c5-aeb4-3514eb065500
2026-06-03T16:23:18Z	fired	70000	5e33333b-079d-40c5-aeb4-3514eb065500
2026-06-03T16:23:22Z	fired	70000	5e33333b-079d-40c5-aeb4-3514eb065500
2026-06-03T16:24:31Z	fired	80000	5e33333b-079d-40c5-aeb4-3514eb065500
2026-06-03T16:24:50Z	fired	90000	5e33333b-079d-40c5-aeb4-3514eb065500
2026-06-03T16:24:59Z	fired	90000	5e33333b-079d-40c5-aeb4-3514eb065500
2026-06-03T16:25:59Z	fired	90000	5e33333b-079d-40c5-aeb4-3514eb065500
2026-06-03T16:26:07Z	fired	100000	5e33333b-079d-40c5-aeb4-3514eb065500
2026-06-03T16:35:46Z	fired	160000	5e33333b-079d-40c5-aeb4-3514eb065500
2026-06-03T16:36:18Z	fired	160000	5e33333b-079d-40c5-aeb4-3514eb065500
2026-06-03T16:36:22Z	fired	160000	5e33333b-079d-40c5-aeb4-3514eb065500
2026-06-03T16:36:32Z	fired	160000	5e33333b-079d-40c5-aeb4-3514eb065500
2026-06-03T16:37:17Z	fired	160000	5e33333b-079d-40c5-aeb4-3514eb065500
2026-06-03T16:37:24Z	fired	170000	5e33333b-079d-40c5-aeb4-3514eb065500
2026-06-03T16:37:44Z	fired	170000	5e33333b-079d-40c5-aeb4-3514eb065500
2026-06-03T16:38:06Z	fired	170000	5e33333b-079d-40c5-aeb4-3514eb065500
2026-06-03T16:38:22Z	fired	170000	5e33333b-079d-40c5-aeb4-3514eb065500
2026-06-03T16:38:28Z	fired	180000	5e33333b-079d-40c5-aeb4-3514eb065500
2026-06-03T16:38:37Z	fired	180000	5e33333b-079d-40c5-aeb4-3514eb065500
2026-06-03T16:38:40Z	fired	180000	5e33333b-079d-40c5-aeb4-3514eb065500
2026-06-03T16:38:45Z	fired	180000	5e33333b-079d-40c5-aeb4-3514eb065500
2026-06-03T16:39:00Z	fired	180000	5e33333b-079d-40c5-aeb4-3514eb065500
2026-06-03T16:39:21Z	fired	180000	5e33333b-079d-40c5-aeb4-3514eb065500
2026-06-03T16:39:23Z	fired	180000	5e33333b-079d-40c5-aeb4-3514eb065500
2026-06-03T16:39:34Z	fired	180000	5e33333b-079d-40c5-aeb4-3514eb065500
2026-06-03T16:39:39Z	fired	180000	5e33333b-079d-40c5-aeb4-3514eb065500
2026-06-03T16:39:44Z	fired	180000	5e33333b-079d-40c5-aeb4-3514eb065500
2026-06-03T16:39:50Z	fired	190000	5e33333b-079d-40c5-aeb4-3514eb065500
2026-06-03T16:40:09Z	fired	190000	5e33333b-079d-40c5-aeb4-3514eb065500
2026-06-03T16:40:16Z	fired	190000	5e33333b-079d-40c5-aeb4-3514eb065500
2026-06-03T16:40:28Z	fired	190000	5e33333b-079d-40c5-aeb4-3514eb065500
2026-06-03T16:40:48Z	halt	190000	160000	5e33333b-079d-40c5-aeb4-3514eb065500
2026-06-03T16:55:31Z	fired	160000	754423f5-b473-40b8-84fe-7bb16397396b
2026-06-03T16:55:51Z	halt	160000	160000	754423f5-b473-40b8-84fe-7bb16397396b
2026-06-03T17:18:43Z	fired	160000	9428e83f-84f5-43b2-bcd4-e1afabeb8302
2026-06-03T17:19:03Z	fired	170000	9428e83f-84f5-43b2-bcd4-e1afabeb8302
2026-06-03T17:19:32Z	fired	170000	9428e83f-84f5-43b2-bcd4-e1afabeb8302
2026-06-03T17:19:45Z	halt	170000	160000	9428e83f-84f5-43b2-bcd4-e1afabeb8302
2026-06-03T17:34:08Z	fired	160000	55ac9f77-2905-41a4-a172-061548eac0f7
2026-06-03T17:34:20Z	fired	160000	55ac9f77-2905-41a4-a172-061548eac0f7
2026-06-03T17:34:25Z	fired	160000	55ac9f77-2905-41a4-a172-061548eac0f7
2026-06-03T17:35:03Z	fired	160000	55ac9f77-2905-41a4-a172-061548eac0f7
2026-06-03T17:35:20Z	halt	160000	160000	55ac9f77-2905-41a4-a172-061548eac0f7
2026-06-03T17:53:11Z	fired	160000	f6f90c6f-8d39-4d7b-8996-71df39711cb4
2026-06-03T17:53:16Z	fired	160000	f6f90c6f-8d39-4d7b-8996-71df39711cb4
2026-06-03T17:53:49Z	fired	160000	f6f90c6f-8d39-4d7b-8996-71df39711cb4
2026-06-03T17:54:03Z	halt	170000	160000	f6f90c6f-8d39-4d7b-8996-71df39711cb4
2026-06-03T18:08:40Z	fired	160000	e1e49ba9-f790-4880-9ffa-95643515bbb8
2026-06-03T18:09:21Z	fired	160000	e1e49ba9-f790-4880-9ffa-95643515bbb8
2026-06-03T18:09:42Z	fired	160000	e1e49ba9-f790-4880-9ffa-95643515bbb8
2026-06-03T18:09:55Z	halt	160000	160000	e1e49ba9-f790-4880-9ffa-95643515bbb8
2026-06-03T18:35:28Z	fired	160000	aba62c99-7293-4822-abb0-e3f27a771615
2026-06-03T18:35:43Z	fired	160000	aba62c99-7293-4822-abb0-e3f27a771615
2026-06-03T18:36:13Z	fired	160000	aba62c99-7293-4822-abb0-e3f27a771615
2026-06-03T18:36:28Z	halt	160000	160000	aba62c99-7293-4822-abb0-e3f27a771615
2026-06-03T18:58:48Z	fired	160000	6f4501a5-0836-4c86-8c97-488cec34518c
2026-06-03T18:59:07Z	halt	160000	160000	6f4501a5-0836-4c86-8c97-488cec34518c
2026-06-03T19:41:51Z	fired	160000	6a6e3b82-43fe-4c7a-8920-ceee3d0b0c4e
2026-06-03T19:42:00Z	fired	160000	6a6e3b82-43fe-4c7a-8920-ceee3d0b0c4e
2026-06-03T19:42:33Z	fired	160000	6a6e3b82-43fe-4c7a-8920-ceee3d0b0c4e
2026-06-03T19:42:50Z	halt	160000	160000	6a6e3b82-43fe-4c7a-8920-ceee3d0b0c4e
2026-06-03T20:10:56Z	fired	160000	8e7b11d4-254f-4813-93b8-feb748d812a4
2026-06-03T20:13:05Z	fired	160000	8e7b11d4-254f-4813-93b8-feb748d812a4
2026-06-03T20:15:05Z	fired	160000	8e7b11d4-254f-4813-93b8-feb748d812a4
2026-06-03T20:15:16Z	fired	160000	8e7b11d4-254f-4813-93b8-feb748d812a4
2026-06-03T20:15:28Z	fired	160000	8e7b11d4-254f-4813-93b8-feb748d812a4
2026-06-03T20:15:59Z	fired	160000	8e7b11d4-254f-4813-93b8-feb748d812a4
2026-06-03T20:16:10Z	fired	160000	8e7b11d4-254f-4813-93b8-feb748d812a4
2026-06-03T20:16:46Z	fired	160000	8e7b11d4-254f-4813-93b8-feb748d812a4
2026-06-03T20:16:58Z	halt	170000	160000	8e7b11d4-254f-4813-93b8-feb748d812a4
2026-06-03T20:36:34Z	fired	160000	9a865b51-d39f-4152-b679-dc3efc6f9873
2026-06-03T20:36:41Z	fired	160000	9a865b51-d39f-4152-b679-dc3efc6f9873
2026-06-03T20:37:30Z	fired	170000	9a865b51-d39f-4152-b679-dc3efc6f9873
2026-06-03T20:38:17Z	fired	170000	9a865b51-d39f-4152-b679-dc3efc6f9873
2026-06-03T20:38:26Z	fired	170000	9a865b51-d39f-4152-b679-dc3efc6f9873
2026-06-03T20:38:41Z	halt	180000	160000	9a865b51-d39f-4152-b679-dc3efc6f9873
2026-06-03T21:01:07Z	fired	160000	dd85e01f-3309-4ee7-97b2-f454b51110e5
2026-06-03T21:01:27Z	fired	160000	dd85e01f-3309-4ee7-97b2-f454b51110e5
2026-06-03T21:01:54Z	fired	160000	dd85e01f-3309-4ee7-97b2-f454b51110e5
2026-06-03T21:02:09Z	halt	160000	160000	dd85e01f-3309-4ee7-97b2-f454b51110e5
2026-06-03T21:17:26Z	fired	160000	f4befd6e-fdd3-459a-bf58-c7cbc7310079
2026-06-03T21:17:56Z	fired	160000	f4befd6e-fdd3-459a-bf58-c7cbc7310079
2026-06-03T21:18:00Z	fired	160000	f4befd6e-fdd3-459a-bf58-c7cbc7310079
2026-06-03T21:18:28Z	fired	160000	f4befd6e-fdd3-459a-bf58-c7cbc7310079
2026-06-03T21:18:44Z	halt	160000	160000	f4befd6e-fdd3-459a-bf58-c7cbc7310079
2026-06-03T21:33:20Z	fired	160000	dd2c57dd-e4aa-4302-bd19-4e839d3da670
2026-06-03T21:33:32Z	fired	160000	dd2c57dd-e4aa-4302-bd19-4e839d3da670
2026-06-03T21:33:35Z	fired	160000	dd2c57dd-e4aa-4302-bd19-4e839d3da670
2026-06-03T21:33:44Z	fired	170000	dd2c57dd-e4aa-4302-bd19-4e839d3da670
2026-06-03T21:34:19Z	fired	170000	dd2c57dd-e4aa-4302-bd19-4e839d3da670
2026-06-03T21:34:39Z	fired	170000	dd2c57dd-e4aa-4302-bd19-4e839d3da670
2026-06-03T21:34:52Z	halt	170000	160000	dd2c57dd-e4aa-4302-bd19-4e839d3da670
2026-06-03T21:57:14Z	fired	160000	8ba51db4-245d-4ec6-9c86-86b0370163ea
2026-06-03T21:57:32Z	halt	160000	160000	8ba51db4-245d-4ec6-9c86-86b0370163ea
2026-06-03T22:20:50Z	fired	160000	62ea40e9-80c1-461b-afdd-64dbdfba5d0c
2026-06-03T22:22:13Z	fired	160000	62ea40e9-80c1-461b-afdd-64dbdfba5d0c
2026-06-03T22:22:35Z	fired	160000	62ea40e9-80c1-461b-afdd-64dbdfba5d0c
2026-06-03T22:22:48Z	halt	160000	160000	62ea40e9-80c1-461b-afdd-64dbdfba5d0c
2026-06-04T12:50:20Z	fired	160000	2739b1db-7c42-4e33-b9aa-0805eaa8f883
2026-06-04T12:50:33Z	fired	160000	2739b1db-7c42-4e33-b9aa-0805eaa8f883
2026-06-04T12:50:38Z	fired	160000	2739b1db-7c42-4e33-b9aa-0805eaa8f883
2026-06-04T12:51:13Z	fired	160000	2739b1db-7c42-4e33-b9aa-0805eaa8f883
2026-06-04T12:51:27Z	halt	160000	160000	2739b1db-7c42-4e33-b9aa-0805eaa8f883
2026-06-04T13:17:06Z	fired	160000	160f3570-152b-491c-bd0f-3341f846edb0
2026-06-04T13:17:33Z	fired	160000	160f3570-152b-491c-bd0f-3341f846edb0
2026-06-04T13:17:49Z	fired	160000	160f3570-152b-491c-bd0f-3341f846edb0
2026-06-04T13:17:56Z	fired	160000	160f3570-152b-491c-bd0f-3341f846edb0
2026-06-04T13:18:10Z	halt	160000	160000	160f3570-152b-491c-bd0f-3341f846edb0
2026-06-04T13:38:45Z	fired	160000	1c266d43-b8d0-49b9-87d0-a918bd671e6b
2026-06-04T13:38:59Z	fired	160000	1c266d43-b8d0-49b9-87d0-a918bd671e6b
2026-06-04T13:39:30Z	fired	160000	1c266d43-b8d0-49b9-87d0-a918bd671e6b
2026-06-04T13:39:44Z	halt	160000	160000	1c266d43-b8d0-49b9-87d0-a918bd671e6b
2026-06-04T13:59:53Z	fired	160000	a099cf95-bd9d-422c-ad07-997d26ab4294
2026-06-04T14:00:22Z	fired	160000	a099cf95-bd9d-422c-ad07-997d26ab4294
2026-06-04T14:00:55Z	fired	160000	a099cf95-bd9d-422c-ad07-997d26ab4294
2026-06-04T14:01:13Z	halt	160000	160000	a099cf95-bd9d-422c-ad07-997d26ab4294
2026-06-04T14:15:24Z	fired	160000	a0270ebb-3be7-4068-9f71-b53b605c32e3
2026-06-04T14:15:42Z	fired	160000	a0270ebb-3be7-4068-9f71-b53b605c32e3
2026-06-04T14:16:17Z	fired	160000	a0270ebb-3be7-4068-9f71-b53b605c32e3
2026-06-04T14:16:30Z	halt	160000	160000	a0270ebb-3be7-4068-9f71-b53b605c32e3
2026-06-04T14:36:55Z	fired	160000	3f69887f-d94e-480f-8fc5-aad42317a1d6
2026-06-04T14:37:00Z	fired	160000	3f69887f-d94e-480f-8fc5-aad42317a1d6
2026-06-04T14:37:33Z	fired	160000	3f69887f-d94e-480f-8fc5-aad42317a1d6
2026-06-04T14:37:46Z	halt	160000	160000	3f69887f-d94e-480f-8fc5-aad42317a1d6
2026-06-04T14:55:19Z	fired	160000	606d2d20-4859-4be3-a50f-63c3e7fe3a2e
2026-06-04T14:55:42Z	fired	160000	606d2d20-4859-4be3-a50f-63c3e7fe3a2e
2026-06-04T14:56:03Z	halt	160000	160000	606d2d20-4859-4be3-a50f-63c3e7fe3a2e
2026-06-04T15:20:59Z	fired	160000	79dac4fb-980e-4f43-99f4-a544eac3b982
2026-06-04T15:21:04Z	fired	160000	79dac4fb-980e-4f43-99f4-a544eac3b982
2026-06-04T15:21:25Z	halt	160000	160000	79dac4fb-980e-4f43-99f4-a544eac3b982
2026-06-04T15:41:33Z	fired	160000	89921f68-beee-4f09-81a1-1697a4fa7dbb
2026-06-04T15:41:55Z	halt	160000	160000	89921f68-beee-4f09-81a1-1697a4fa7dbb
2026-06-04T16:28:44Z	fired	250000	8e07607a-e702-46a5-9d82-9f4c99fdd236
2026-06-04T16:28:57Z	fired	250000	8e07607a-e702-46a5-9d82-9f4c99fdd236
2026-06-04T16:29:13Z	halt	250000	250000	8e07607a-e702-46a5-9d82-9f4c99fdd236
2026-06-04T17:14:26Z	fired	250000	1d07d44f-fe21-4f11-aa6f-00f01b63d982
2026-06-04T17:14:38Z	fired	250000	1d07d44f-fe21-4f11-aa6f-00f01b63d982
2026-06-04T17:15:14Z	fired	250000	1d07d44f-fe21-4f11-aa6f-00f01b63d982
2026-06-04T17:15:30Z	halt	260000	250000	1d07d44f-fe21-4f11-aa6f-00f01b63d982
2026-06-04T18:06:03Z	fired	250000	7dca9aa5-b270-4b0a-b453-26ec1d043ba2
2026-06-04T18:06:11Z	fired	250000	7dca9aa5-b270-4b0a-b453-26ec1d043ba2
2026-06-04T18:06:21Z	fired	250000	7dca9aa5-b270-4b0a-b453-26ec1d043ba2
2026-06-04T18:06:29Z	fired	250000	7dca9aa5-b270-4b0a-b453-26ec1d043ba2
2026-06-04T18:06:47Z	fired	250000	7dca9aa5-b270-4b0a-b453-26ec1d043ba2
2026-06-04T18:07:08Z	halt	250000	250000	7dca9aa5-b270-4b0a-b453-26ec1d043ba2
2026-06-04T18:58:08Z	fired	250000	6c599d7b-cb0f-454c-ab2e-ae950dad2a47
2026-06-04T19:00:27Z	fired	250000	6c599d7b-cb0f-454c-ab2e-ae950dad2a47
2026-06-04T19:02:41Z	fired	250000	6c599d7b-cb0f-454c-ab2e-ae950dad2a47
2026-06-04T19:02:46Z	fired	250000	6c599d7b-cb0f-454c-ab2e-ae950dad2a47
2026-06-04T19:03:16Z	halt	250000	250000	6c599d7b-cb0f-454c-ab2e-ae950dad2a47
2026-06-04T19:45:46Z	fired	250000	0bccfd1f-b789-41aa-b942-dc42de40d63e
2026-06-04T19:45:58Z	fired	250000	0bccfd1f-b789-41aa-b942-dc42de40d63e
2026-06-04T19:46:14Z	fired	250000	0bccfd1f-b789-41aa-b942-dc42de40d63e
2026-06-04T19:46:35Z	halt	250000	250000	0bccfd1f-b789-41aa-b942-dc42de40d63e
2026-06-04T20:46:55Z	fired	250000	ef940f06-c2b0-474a-a230-c7e71a723a05
2026-06-04T20:47:14Z	halt	250000	250000	ef940f06-c2b0-474a-a230-c7e71a723a05
2026-06-04T21:20:13Z	fired	250000	760b6ece-53ba-47d0-831d-f56a934ad725
2026-06-04T21:20:21Z	fired	250000	760b6ece-53ba-47d0-831d-f56a934ad725
2026-06-04T21:20:55Z	fired	250000	760b6ece-53ba-47d0-831d-f56a934ad725
2026-06-04T21:21:30Z	fired	250000	760b6ece-53ba-47d0-831d-f56a934ad725
2026-06-04T21:21:41Z	fired	250000	760b6ece-53ba-47d0-831d-f56a934ad725
2026-06-04T21:21:48Z	fired	250000	760b6ece-53ba-47d0-831d-f56a934ad725
2026-06-04T21:21:54Z	fired	260000	760b6ece-53ba-47d0-831d-f56a934ad725
2026-06-04T21:22:14Z	fired	260000	760b6ece-53ba-47d0-831d-f56a934ad725
2026-06-04T21:22:22Z	fired	260000	760b6ece-53ba-47d0-831d-f56a934ad725
2026-06-04T21:22:38Z	halt	260000	250000	760b6ece-53ba-47d0-831d-f56a934ad725
2026-06-04T21:56:56Z	fired	250000	138940aa-4e27-4669-9083-92212fb2ad17
2026-06-04T21:57:26Z	fired	250000	138940aa-4e27-4669-9083-92212fb2ad17
2026-06-04T21:58:38Z	fired	250000	138940aa-4e27-4669-9083-92212fb2ad17
2026-06-04T21:58:54Z	fired	260000	138940aa-4e27-4669-9083-92212fb2ad17
2026-06-04T21:59:03Z	fired	260000	138940aa-4e27-4669-9083-92212fb2ad17
2026-06-04T21:59:20Z	halt	260000	250000	138940aa-4e27-4669-9083-92212fb2ad17
2026-06-04T23:40:59Z	fired	250000	65619bf7-be8e-4e84-9eb7-237e01f00557
2026-06-04T23:41:29Z	fired	250000	65619bf7-be8e-4e84-9eb7-237e01f00557
2026-06-04T23:41:40Z	fired	250000	65619bf7-be8e-4e84-9eb7-237e01f00557
2026-06-04T23:41:59Z	halt	250000	250000	65619bf7-be8e-4e84-9eb7-237e01f00557
2026-06-05T00:31:39Z	fired	250000	46b10855-2f89-4a75-ae83-22f6642e1597
2026-06-05T00:32:35Z	fired	250000	46b10855-2f89-4a75-ae83-22f6642e1597
2026-06-05T00:32:52Z	fired	260000	46b10855-2f89-4a75-ae83-22f6642e1597
2026-06-05T00:33:03Z	fired	260000	46b10855-2f89-4a75-ae83-22f6642e1597
2026-06-05T00:33:20Z	halt	260000	250000	46b10855-2f89-4a75-ae83-22f6642e1597
2026-06-05T01:16:13Z	fired	250000	2051855d-d301-4626-951d-406c0a2cbfe2
2026-06-05T01:16:22Z	fired	250000	2051855d-d301-4626-951d-406c0a2cbfe2
2026-06-05T01:16:40Z	fired	250000	2051855d-d301-4626-951d-406c0a2cbfe2
2026-06-05T01:17:29Z	fired	250000	2051855d-d301-4626-951d-406c0a2cbfe2
2026-06-05T01:17:42Z	fired	250000	2051855d-d301-4626-951d-406c0a2cbfe2
2026-06-05T01:17:52Z	fired	250000	2051855d-d301-4626-951d-406c0a2cbfe2
2026-06-05T01:18:10Z	halt	250000	250000	2051855d-d301-4626-951d-406c0a2cbfe2
2026-06-05T02:15:07Z	fired	250000	d49b874b-0908-4355-85ef-a2394c360dbc
2026-06-05T02:15:20Z	fired	260000	d49b874b-0908-4355-85ef-a2394c360dbc
2026-06-05T02:15:39Z	halt	260000	250000	d49b874b-0908-4355-85ef-a2394c360dbc
2026-06-05T03:36:37Z	fired	250000	954c0e4d-a7da-4e35-b24d-6c1f445b930c
2026-06-05T03:36:52Z	fired	250000	954c0e4d-a7da-4e35-b24d-6c1f445b930c
2026-06-05T03:37:09Z	fired	250000	954c0e4d-a7da-4e35-b24d-6c1f445b930c
2026-06-05T03:37:26Z	halt	250000	250000	954c0e4d-a7da-4e35-b24d-6c1f445b930c
2026-06-05T04:12:05Z	fired	250000	7ba77e77-ab4e-4293-96a5-399031997af5
2026-06-05T04:12:55Z	fired	250000	7ba77e77-ab4e-4293-96a5-399031997af5
2026-06-05T04:13:12Z	fired	250000	7ba77e77-ab4e-4293-96a5-399031997af5
2026-06-05T04:13:25Z	fired	250000	7ba77e77-ab4e-4293-96a5-399031997af5
2026-06-05T04:13:41Z	halt	250000	250000	7ba77e77-ab4e-4293-96a5-399031997af5
2026-06-05T05:40:55Z	fired	250000	2cc57d0c-b810-4172-8dfa-1df7bb657e91
2026-06-05T05:41:10Z	fired	250000	2cc57d0c-b810-4172-8dfa-1df7bb657e91
2026-06-05T05:41:25Z	halt	250000	250000	2cc57d0c-b810-4172-8dfa-1df7bb657e91
2026-06-05T13:11:12Z	fired	250000	40c13542-421e-4c70-81b8-ab77b8eda003
2026-06-05T13:12:43Z	halt	250000	250000	40c13542-421e-4c70-81b8-ab77b8eda003
2026-06-05T14:02:39Z	fired	250000	775f2647-7c8f-47db-a885-434390a59dc5
2026-06-05T14:03:29Z	fired	250000	775f2647-7c8f-47db-a885-434390a59dc5
2026-06-05T14:03:40Z	fired	250000	775f2647-7c8f-47db-a885-434390a59dc5
2026-06-05T14:03:58Z	fired	250000	775f2647-7c8f-47db-a885-434390a59dc5
2026-06-05T14:04:09Z	fired	250000	775f2647-7c8f-47db-a885-434390a59dc5
2026-06-05T14:04:24Z	halt	260000	250000	775f2647-7c8f-47db-a885-434390a59dc5
2026-06-05T14:51:08Z	fired	260000	c6e57496-a565-405a-b1c1-acf5e69effa4
2026-06-05T14:51:45Z	fired	260000	c6e57496-a565-405a-b1c1-acf5e69effa4
2026-06-05T14:52:02Z	halt	260000	250000	c6e57496-a565-405a-b1c1-acf5e69effa4
2026-06-05T17:19:39Z	fired	260000	7d8e3c89-cc9b-4473-b39a-cafc454c70b5
2026-06-05T17:20:03Z	fired	260000	7d8e3c89-cc9b-4473-b39a-cafc454c70b5
2026-06-05T17:20:07Z	fired	260000	7d8e3c89-cc9b-4473-b39a-cafc454c70b5
2026-06-05T17:20:59Z	fired	260000	7d8e3c89-cc9b-4473-b39a-cafc454c70b5
2026-06-05T17:21:14Z	halt	270000	250000	7d8e3c89-cc9b-4473-b39a-cafc454c70b5
2026-06-05T18:10:41Z	fired	250000	c7d6fa76-218c-4020-a47a-7428cb1baa3c
2026-06-05T18:11:09Z	halt	250000	250000	c7d6fa76-218c-4020-a47a-7428cb1baa3c
2026-06-05T19:09:11Z	fired	250000	270fa975-7942-4c0e-b190-a9e105075df0
2026-06-05T19:10:09Z	fired	250000	270fa975-7942-4c0e-b190-a9e105075df0
2026-06-05T19:10:26Z	halt	250000	250000	270fa975-7942-4c0e-b190-a9e105075df0
2026-06-05T20:26:42Z	fired	250000	45c23641-4241-40d8-a51c-f827e5452117
2026-06-05T20:27:36Z	fired	250000	45c23641-4241-40d8-a51c-f827e5452117
2026-06-05T20:27:55Z	halt	260000	250000	45c23641-4241-40d8-a51c-f827e5452117
2026-06-05T21:24:17Z	fired	250000	bdc10078-2ea1-40a6-a567-ff978059596a
2026-06-05T21:24:59Z	fired	250000	bdc10078-2ea1-40a6-a567-ff978059596a
2026-06-05T21:25:13Z	halt	260000	250000	bdc10078-2ea1-40a6-a567-ff978059596a
2026-06-05T22:46:41Z	fired	250000	9c38e337-5538-4aaf-b368-b670de7fec84
2026-06-05T22:47:25Z	fired	260000	9c38e337-5538-4aaf-b368-b670de7fec84
2026-06-05T22:47:44Z	halt	260000	250000	9c38e337-5538-4aaf-b368-b670de7fec84
2026-06-05T23:42:30Z	fired	250000	1b9789b8-223d-42dd-8833-942ddc7ce1ad
2026-06-05T23:44:19Z	fired	250000	1b9789b8-223d-42dd-8833-942ddc7ce1ad
2026-06-05T23:44:27Z	fired	250000	1b9789b8-223d-42dd-8833-942ddc7ce1ad
2026-06-05T23:45:15Z	fired	250000	1b9789b8-223d-42dd-8833-942ddc7ce1ad
2026-06-05T23:45:41Z	halt	250000	250000	1b9789b8-223d-42dd-8833-942ddc7ce1ad
2026-06-06T00:42:21Z	fired	250000	8386b3e8-2dcd-41fe-8369-6634f3734d01
2026-06-06T00:42:41Z	fired	250000	8386b3e8-2dcd-41fe-8369-6634f3734d01
2026-06-06T00:42:44Z	fired	250000	8386b3e8-2dcd-41fe-8369-6634f3734d01
2026-06-06T00:42:59Z	fired	250000	8386b3e8-2dcd-41fe-8369-6634f3734d01
2026-06-06T00:43:51Z	fired	250000	8386b3e8-2dcd-41fe-8369-6634f3734d01
2026-06-06T00:44:39Z	fired	250000	8386b3e8-2dcd-41fe-8369-6634f3734d01
2026-06-06T00:44:54Z	halt	250000	250000	8386b3e8-2dcd-41fe-8369-6634f3734d01
2026-06-06T01:29:00Z	fired	250000	2ab22621-2fa4-4a6d-85e2-94524a93517e
2026-06-06T01:29:50Z	fired	250000	2ab22621-2fa4-4a6d-85e2-94524a93517e
2026-06-06T01:30:05Z	halt	250000	250000	2ab22621-2fa4-4a6d-85e2-94524a93517e
2026-06-06T02:15:09Z	fired	250000	008d555c-e14f-4b82-ad2b-89a3bc997c85
2026-06-06T02:15:50Z	fired	260000	008d555c-e14f-4b82-ad2b-89a3bc997c85
2026-06-06T02:15:53Z	fired	260000	008d555c-e14f-4b82-ad2b-89a3bc997c85
2026-06-06T02:16:14Z	fired	260000	008d555c-e14f-4b82-ad2b-89a3bc997c85
2026-06-06T02:16:32Z	halt	260000	250000	008d555c-e14f-4b82-ad2b-89a3bc997c85
2026-06-06T02:57:23Z	fired	260000	e8dbc4b6-1990-48a8-bcca-c2e94e6eceb2
2026-06-06T02:58:04Z	fired	260000	e8dbc4b6-1990-48a8-bcca-c2e94e6eceb2
2026-06-06T02:58:20Z	halt	260000	250000	e8dbc4b6-1990-48a8-bcca-c2e94e6eceb2
2026-06-06T03:32:27Z	fired	250000	e02c1682-9cff-4ed4-93f6-1eb2b62fc7e0
2026-06-06T03:33:06Z	fired	250000	e02c1682-9cff-4ed4-93f6-1eb2b62fc7e0
2026-06-06T03:33:12Z	fired	250000	e02c1682-9cff-4ed4-93f6-1eb2b62fc7e0
2026-06-06T03:33:29Z	halt	250000	250000	e02c1682-9cff-4ed4-93f6-1eb2b62fc7e0
2026-06-06T04:38:34Z	fired	250000	881763ff-4a47-4c30-9988-b1c61717ce1f
2026-06-06T04:39:17Z	fired	260000	881763ff-4a47-4c30-9988-b1c61717ce1f
2026-06-06T04:39:50Z	fired	260000	881763ff-4a47-4c30-9988-b1c61717ce1f
2026-06-06T04:39:58Z	fired	260000	881763ff-4a47-4c30-9988-b1c61717ce1f
2026-06-06T04:40:22Z	fired	260000	881763ff-4a47-4c30-9988-b1c61717ce1f
2026-06-06T04:41:07Z	fired	260000	881763ff-4a47-4c30-9988-b1c61717ce1f
2026-06-06T04:41:26Z	halt	270000	250000	881763ff-4a47-4c30-9988-b1c61717ce1f
2026-06-06T05:27:16Z	fired	250000	8a97be08-cc29-40b9-ad77-1f5a32099a49
2026-06-06T05:27:26Z	fired	250000	8a97be08-cc29-40b9-ad77-1f5a32099a49
2026-06-06T05:27:30Z	fired	250000	8a97be08-cc29-40b9-ad77-1f5a32099a49
2026-06-06T05:27:42Z	fired	250000	8a97be08-cc29-40b9-ad77-1f5a32099a49
2026-06-06T05:28:15Z	fired	250000	8a97be08-cc29-40b9-ad77-1f5a32099a49
2026-06-06T05:28:31Z	halt	250000	250000	8a97be08-cc29-40b9-ad77-1f5a32099a49
2026-06-06T06:16:57Z	fired	250000	9edf00c8-4705-42c6-8795-6fe38c8e2300
2026-06-06T06:17:18Z	fired	250000	9edf00c8-4705-42c6-8795-6fe38c8e2300
2026-06-06T06:18:00Z	fired	250000	9edf00c8-4705-42c6-8795-6fe38c8e2300
2026-06-06T06:18:07Z	fired	250000	9edf00c8-4705-42c6-8795-6fe38c8e2300
2026-06-06T06:18:38Z	fired	250000	9edf00c8-4705-42c6-8795-6fe38c8e2300
2026-06-06T06:18:52Z	halt	250000	250000	9edf00c8-4705-42c6-8795-6fe38c8e2300
2026-06-06T07:15:34Z	fired	250000	6f230766-37bd-456e-b582-51bc370d8e16
2026-06-06T07:15:38Z	fired	250000	6f230766-37bd-456e-b582-51bc370d8e16
2026-06-06T07:15:59Z	fired	250000	6f230766-37bd-456e-b582-51bc370d8e16
2026-06-06T07:16:40Z	fired	250000	6f230766-37bd-456e-b582-51bc370d8e16
2026-06-06T07:16:57Z	halt	260000	250000	6f230766-37bd-456e-b582-51bc370d8e16
2026-06-06T08:19:15Z	fired	250000	0619271a-4687-4dd2-862a-44d26a96ae09
2026-06-06T08:19:24Z	fired	250000	0619271a-4687-4dd2-862a-44d26a96ae09
2026-06-06T08:20:00Z	fired	250000	0619271a-4687-4dd2-862a-44d26a96ae09
2026-06-06T08:20:14Z	halt	250000	250000	0619271a-4687-4dd2-862a-44d26a96ae09
2026-06-06T09:45:23Z	fired	250000	15c9b1fc-4146-4468-8afe-cb9d23ff77dd
2026-06-06T09:46:09Z	fired	250000	15c9b1fc-4146-4468-8afe-cb9d23ff77dd
2026-06-06T09:46:23Z	halt	260000	250000	15c9b1fc-4146-4468-8afe-cb9d23ff77dd
2026-06-06T10:22:19Z	fired	250000	f09f7e01-d145-4590-ad20-5127123446bd
2026-06-06T10:22:30Z	fired	250000	f09f7e01-d145-4590-ad20-5127123446bd
2026-06-06T10:23:02Z	fired	250000	f09f7e01-d145-4590-ad20-5127123446bd
2026-06-06T10:23:15Z	halt	250000	250000	f09f7e01-d145-4590-ad20-5127123446bd
2026-06-06T11:08:02Z	fired	250000	6c7dc488-475e-47ff-a57b-b8b821c2164d
2026-06-06T11:08:42Z	fired	250000	6c7dc488-475e-47ff-a57b-b8b821c2164d
2026-06-06T11:08:58Z	halt	250000	250000	6c7dc488-475e-47ff-a57b-b8b821c2164d
2026-06-06T11:59:50Z	fired	250000	2e76ab5a-4e12-41a4-84f2-7b3006fc9658
2026-06-06T12:00:34Z	fired	250000	2e76ab5a-4e12-41a4-84f2-7b3006fc9658
2026-06-06T12:00:50Z	halt	250000	250000	2e76ab5a-4e12-41a4-84f2-7b3006fc9658
2026-06-06T13:37:57Z	fired	250000	fe7dd270-6ac2-4da9-b922-e0af9f05e55c
2026-06-06T13:38:14Z	halt	250000	250000	fe7dd270-6ac2-4da9-b922-e0af9f05e55c
