d41aca09-0dca-465c-9dbd-4396736cbb59
efd1f3bd-eaba-4192-bbb1-98139d3b29f8
4691bd4c-2d3b-4639-9080-5cb4303fdfb3
827142e4-fc9f-4b2a-9787-403cbf4cf44e
05bc3114-a589-422b-9d5a-759dd123a875
af35ad34-ffb3-4496-9a06-12a68b06dc4e
a86252dc-13aa-4ef2-a437-106a5ec1cf04
92a33963-53e1-420a-843a-2eec214f5a78
80482414-55b0-41bc-972e-c9ca6b971792
15a17872-a5b4-4403-b816-8efda671e610
756cb496-33e5-4113-9d6a-8f43a01545f1
29b10eea-1ff9-42f3-b7bc-66bdce6ca726
5e33333b-079d-40c5-aeb4-3514eb065500
754423f5-b473-40b8-84fe-7bb16397396b
9428e83f-84f5-43b2-bcd4-e1afabeb8302
55ac9f77-2905-41a4-a172-061548eac0f7
f6f90c6f-8d39-4d7b-8996-71df39711cb4
e1e49ba9-f790-4880-9ffa-95643515bbb8
aba62c99-7293-4822-abb0-e3f27a771615
6f4501a5-0836-4c86-8c97-488cec34518c
6a6e3b82-43fe-4c7a-8920-ceee3d0b0c4e
8e7b11d4-254f-4813-93b8-feb748d812a4
9a865b51-d39f-4152-b679-dc3efc6f9873
dd85e01f-3309-4ee7-97b2-f454b51110e5
f4befd6e-fdd3-459a-bf58-c7cbc7310079
dd2c57dd-e4aa-4302-bd19-4e839d3da670
8ba51db4-245d-4ec6-9c86-86b0370163ea
62ea40e9-80c1-461b-afdd-64dbdfba5d0c
bf90b9cd-2496-4762-85c1-9a20795527c4
c411aa3b-5dfd-49c6-acb3-384ad5be126b
2739b1db-7c42-4e33-b9aa-0805eaa8f883
160f3570-152b-491c-bd0f-3341f846edb0
1c266d43-b8d0-49b9-87d0-a918bd671e6b
a099cf95-bd9d-422c-ad07-997d26ab4294
a0270ebb-3be7-4068-9f71-b53b605c32e3
3f69887f-d94e-480f-8fc5-aad42317a1d6
606d2d20-4859-4be3-a50f-63c3e7fe3a2e
79dac4fb-980e-4f43-99f4-a544eac3b982
89921f68-beee-4f09-81a1-1697a4fa7dbb
8e07607a-e702-46a5-9d82-9f4c99fdd236
1d07d44f-fe21-4f11-aa6f-00f01b63d982
7dca9aa5-b270-4b0a-b453-26ec1d043ba2
6c599d7b-cb0f-454c-ab2e-ae950dad2a47
0bccfd1f-b789-41aa-b942-dc42de40d63e
ef940f06-c2b0-474a-a230-c7e71a723a05
760b6ece-53ba-47d0-831d-f56a934ad725
138940aa-4e27-4669-9083-92212fb2ad17
65619bf7-be8e-4e84-9eb7-237e01f00557
46b10855-2f89-4a75-ae83-22f6642e1597
2051855d-d301-4626-951d-406c0a2cbfe2
d49b874b-0908-4355-85ef-a2394c360dbc
954c0e4d-a7da-4e35-b24d-6c1f445b930c
7ba77e77-ab4e-4293-96a5-399031997af5
2cc57d0c-b810-4172-8dfa-1df7bb657e91
7fb67e49-0941-4293-984d-68e77b003122
40c13542-421e-4c70-81b8-ab77b8eda003
775f2647-7c8f-47db-a885-434390a59dc5
c6e57496-a565-405a-b1c1-acf5e69effa4
adfc0a60-e61f-4088-886b-c123e33fcff3
7d8e3c89-cc9b-4473-b39a-cafc454c70b5
c7d6fa76-218c-4020-a47a-7428cb1baa3c
270fa975-7942-4c0e-b190-a9e105075df0
45c23641-4241-40d8-a51c-f827e5452117
bdc10078-2ea1-40a6-a567-ff978059596a
9c38e337-5538-4aaf-b368-b670de7fec84
1b9789b8-223d-42dd-8833-942ddc7ce1ad
8386b3e8-2dcd-41fe-8369-6634f3734d01
2ab22621-2fa4-4a6d-85e2-94524a93517e
008d555c-e14f-4b82-ad2b-89a3bc997c85
e8dbc4b6-1990-48a8-bcca-c2e94e6eceb2
e02c1682-9cff-4ed4-93f6-1eb2b62fc7e0
881763ff-4a47-4c30-9988-b1c61717ce1f
8a97be08-cc29-40b9-ad77-1f5a32099a49
9edf00c8-4705-42c6-8795-6fe38c8e2300
6f230766-37bd-456e-b582-51bc370d8e16
0619271a-4687-4dd2-862a-44d26a96ae09
15c9b1fc-4146-4468-8afe-cb9d23ff77dd
f09f7e01-d145-4590-ad20-5127123446bd
6c7dc488-475e-47ff-a57b-b8b821c2164d
2e76ab5a-4e12-41a4-84f2-7b3006fc9658
fe7dd270-6ac2-4da9-b922-e0af9f05e55c
7c9e98dd-bf94-44d1-a66e-26605cd546fd
