2026-07-28T14:47:31Z	fired	500000	3ac98621-524f-4274-955a-4d37394570c5
2026-07-28T14:47:40Z	fired	500000	3ac98621-524f-4274-955a-4d37394570c5
2026-07-28T14:48:11Z	halt	500000	500000	3ac98621-524f-4274-955a-4d37394570c5
2026-07-28T18:40:48Z	fired	500000	079dd7ae-2eb8-477e-a0b1-375e2055d604
2026-07-28T18:41:13Z	fired	500000	079dd7ae-2eb8-477e-a0b1-375e2055d604
2026-07-28T18:42:09Z	fired	500000	079dd7ae-2eb8-477e-a0b1-375e2055d604
2026-07-28T18:42:30Z	halt	500000	500000	079dd7ae-2eb8-477e-a0b1-375e2055d604
2026-07-29T00:10:04Z	fired	500000	95fc2088-1e31-43d3-a499-512d05dc9232
2026-07-29T00:10:18Z	fired	500000	95fc2088-1e31-43d3-a499-512d05dc9232
2026-07-29T00:10:33Z	halt	500000	500000	95fc2088-1e31-43d3-a499-512d05dc9232
2026-07-29T20:22:42Z	fired	500000	7eb2da28-2b75-4fff-9ea4-382207f71400
2026-07-29T20:22:48Z	fired	500000	7eb2da28-2b75-4fff-9ea4-382207f71400
2026-07-29T20:22:55Z	fired	500000	7eb2da28-2b75-4fff-9ea4-382207f71400
2026-07-29T20:25:31Z	fired	500000	7eb2da28-2b75-4fff-9ea4-382207f71400
2026-07-29T20:25:48Z	halt	500000	500000	7eb2da28-2b75-4fff-9ea4-382207f71400
2026-07-29T23:46:25Z	fired	500000	cf1061d3-034e-412f-b1fe-85039c155c5a
2026-07-29T23:47:05Z	fired	500000	cf1061d3-034e-412f-b1fe-85039c155c5a
2026-07-29T23:47:23Z	halt	500000	500000	cf1061d3-034e-412f-b1fe-85039c155c5a
2026-07-30T05:58:36Z	fired	500000	3ccaa66a-29ad-4bcc-a4a9-854688abdbaa
2026-07-30T05:58:45Z	fired	500000	3ccaa66a-29ad-4bcc-a4a9-854688abdbaa
2026-07-30T05:58:48Z	fired	500000	3ccaa66a-29ad-4bcc-a4a9-854688abdbaa
2026-07-30T05:59:04Z	fired	500000	3ccaa66a-29ad-4bcc-a4a9-854688abdbaa
2026-07-30T05:59:29Z	halt	500000	500000	3ccaa66a-29ad-4bcc-a4a9-854688abdbaa
2026-07-30T11:23:28Z	fired	500000	19e01171-67b2-4d9e-a64f-a15b233d1c6e
2026-07-30T11:23:50Z	fired	500000	19e01171-67b2-4d9e-a64f-a15b233d1c6e
2026-07-30T11:24:11Z	halt	500000	500000	19e01171-67b2-4d9e-a64f-a15b233d1c6e
2026-07-30T16:15:13Z	fired	500000	28025f35-d28b-407d-8183-1c61cc3a0744
2026-07-30T16:15:31Z	halt	500000	500000	28025f35-d28b-407d-8183-1c61cc3a0744
2026-07-30T20:37:28Z	fired	500000	ea3e54fc-f23a-484a-b8b2-1f46cf838605
2026-07-30T20:37:41Z	fired	500000	ea3e54fc-f23a-484a-b8b2-1f46cf838605
2026-07-30T20:37:49Z	fired	500000	ea3e54fc-f23a-484a-b8b2-1f46cf838605
2026-07-30T20:38:02Z	fired	500000	ea3e54fc-f23a-484a-b8b2-1f46cf838605
2026-07-30T20:38:12Z	fired	510000	ea3e54fc-f23a-484a-b8b2-1f46cf838605
2026-07-30T20:38:39Z	fired	510000	ea3e54fc-f23a-484a-b8b2-1f46cf838605
2026-07-30T20:38:59Z	fired	510000	ea3e54fc-f23a-484a-b8b2-1f46cf838605
2026-07-30T20:39:16Z	halt	510000	500000	ea3e54fc-f23a-484a-b8b2-1f46cf838605
2026-07-31T01:56:08Z	fired	500000	b4a5e2cb-38cb-4923-b574-429b5e74e580
2026-07-31T02:01:35Z	fired	500000	b4a5e2cb-38cb-4923-b574-429b5e74e580
2026-07-31T02:01:45Z	fired	500000	b4a5e2cb-38cb-4923-b574-429b5e74e580
2026-07-31T02:02:00Z	fired	510000	b4a5e2cb-38cb-4923-b574-429b5e74e580
2026-07-31T02:02:16Z	halt	510000	500000	b4a5e2cb-38cb-4923-b574-429b5e74e580
2026-07-31T06:21:02Z	fired	500000	820f8e82-e416-4088-9daa-0b9771c5e1eb
2026-07-31T06:21:21Z	halt	500000	500000	820f8e82-e416-4088-9daa-0b9771c5e1eb
2026-07-31T10:02:13Z	fired	500000	8e42a341-b25d-4061-8352-a67c53c7396e
2026-07-31T10:02:20Z	fired	500000	8e42a341-b25d-4061-8352-a67c53c7396e
2026-07-31T10:02:34Z	halt	500000	500000	8e42a341-b25d-4061-8352-a67c53c7396e
2026-07-31T13:45:20Z	fired	500000	5eb65340-1fe9-4cf5-b54e-81ffb89cea71
2026-07-31T13:45:23Z	fired	500000	5eb65340-1fe9-4cf5-b54e-81ffb89cea71
2026-07-31T13:46:11Z	fired	500000	5eb65340-1fe9-4cf5-b54e-81ffb89cea71
2026-07-31T13:46:32Z	fired	510000	5eb65340-1fe9-4cf5-b54e-81ffb89cea71
2026-07-31T13:46:51Z	halt	510000	500000	5eb65340-1fe9-4cf5-b54e-81ffb89cea71
2026-07-31T17:15:07Z	fired	500000	263d361b-585f-4025-8d7d-e3c0134b1e71
2026-07-31T17:15:29Z	fired	500000	263d361b-585f-4025-8d7d-e3c0134b1e71
2026-07-31T17:15:48Z	halt	500000	500000	263d361b-585f-4025-8d7d-e3c0134b1e71
2026-08-01T01:04:23Z	fired	500000	be0752e9-e790-4491-8d8e-141b6f133142
2026-08-01T01:04:52Z	fired	500000	be0752e9-e790-4491-8d8e-141b6f133142
2026-08-01T01:05:29Z	fired	500000	be0752e9-e790-4491-8d8e-141b6f133142
2026-08-01T01:05:44Z	fired	500000	be0752e9-e790-4491-8d8e-141b6f133142
2026-08-01T01:06:10Z	fired	500000	be0752e9-e790-4491-8d8e-141b6f133142
2026-08-01T01:06:29Z	halt	500000	500000	be0752e9-e790-4491-8d8e-141b6f133142
2026-08-01T04:32:32Z	fired	500000	a78a1bf7-77ba-4129-9c49-47e4cdf19c3c
2026-08-01T04:34:49Z	fired	500000	a78a1bf7-77ba-4129-9c49-47e4cdf19c3c
2026-08-01T04:36:31Z	fired	500000	a78a1bf7-77ba-4129-9c49-47e4cdf19c3c
2026-08-01T04:36:52Z	fired	500000	a78a1bf7-77ba-4129-9c49-47e4cdf19c3c
2026-08-01T04:37:33Z	fired	500000	a78a1bf7-77ba-4129-9c49-47e4cdf19c3c
2026-08-01T04:37:51Z	fired	500000	a78a1bf7-77ba-4129-9c49-47e4cdf19c3c
2026-08-01T04:38:19Z	fired	500000	a78a1bf7-77ba-4129-9c49-47e4cdf19c3c
2026-08-01T04:38:36Z	halt	500000	500000	a78a1bf7-77ba-4129-9c49-47e4cdf19c3c
2026-08-01T08:41:40Z	fired	500000	91052ad0-0a14-4d36-abb7-a21359f3a019
2026-08-01T08:41:58Z	halt	500000	500000	91052ad0-0a14-4d36-abb7-a21359f3a019
2026-08-01T12:39:21Z	fired	500000	92b84bce-37cf-46c8-ad43-bd3d6fe0bdb9
2026-08-01T12:39:38Z	halt	500000	500000	92b84bce-37cf-46c8-ad43-bd3d6fe0bdb9
2026-08-01T17:24:15Z	fired	500000	f219cb04-230f-42ba-b7a7-005e51cc82eb
2026-08-01T17:24:34Z	halt	500000	500000	f219cb04-230f-42ba-b7a7-005e51cc82eb
2026-08-01T21:17:47Z	fired	500000	6472d82d-cfbe-4c13-9340-871602173f8d
2026-08-01T21:18:12Z	fired	500000	6472d82d-cfbe-4c13-9340-871602173f8d
2026-08-01T21:18:47Z	fired	500000	6472d82d-cfbe-4c13-9340-871602173f8d
2026-08-01T21:19:12Z	halt	500000	500000	6472d82d-cfbe-4c13-9340-871602173f8d
2026-08-02T00:38:40Z	fired	500000	e0eaea36-1e9b-4afb-b27f-1be1589d7660
2026-08-02T00:38:55Z	fired	510000	e0eaea36-1e9b-4afb-b27f-1be1589d7660
2026-08-02T00:39:04Z	fired	510000	e0eaea36-1e9b-4afb-b27f-1be1589d7660
2026-08-02T00:39:11Z	fired	510000	e0eaea36-1e9b-4afb-b27f-1be1589d7660
2026-08-02T00:39:19Z	fired	510000	e0eaea36-1e9b-4afb-b27f-1be1589d7660
2026-08-02T00:39:27Z	fired	510000	e0eaea36-1e9b-4afb-b27f-1be1589d7660
2026-08-02T00:41:16Z	fired	510000	e0eaea36-1e9b-4afb-b27f-1be1589d7660
2026-08-02T00:41:27Z	fired	510000	e0eaea36-1e9b-4afb-b27f-1be1589d7660
2026-08-02T00:42:16Z	fired	510000	e0eaea36-1e9b-4afb-b27f-1be1589d7660
2026-08-02T00:42:33Z	halt	510000	500000	e0eaea36-1e9b-4afb-b27f-1be1589d7660
2026-08-02T05:39:35Z	fired	500000	2137269c-3603-47df-ad7b-fa0d8c0a6acf
2026-08-02T05:39:38Z	fired	500000	2137269c-3603-47df-ad7b-fa0d8c0a6acf
2026-08-02T05:39:43Z	fired	500000	2137269c-3603-47df-ad7b-fa0d8c0a6acf
2026-08-02T05:39:52Z	fired	500000	2137269c-3603-47df-ad7b-fa0d8c0a6acf
2026-08-02T05:40:03Z	fired	500000	2137269c-3603-47df-ad7b-fa0d8c0a6acf
2026-08-02T05:40:40Z	fired	500000	2137269c-3603-47df-ad7b-fa0d8c0a6acf
2026-08-02T05:41:01Z	fired	500000	2137269c-3603-47df-ad7b-fa0d8c0a6acf
2026-08-02T05:41:33Z	fired	500000	2137269c-3603-47df-ad7b-fa0d8c0a6acf
2026-08-02T05:41:48Z	halt	500000	500000	2137269c-3603-47df-ad7b-fa0d8c0a6acf
2026-08-02T11:02:29Z	fired	500000	972dab8c-cd50-4e4f-aaf9-8ca41c1adb2c
2026-08-02T11:02:52Z	fired	500000	972dab8c-cd50-4e4f-aaf9-8ca41c1adb2c
2026-08-02T11:03:08Z	halt	500000	500000	972dab8c-cd50-4e4f-aaf9-8ca41c1adb2c
2026-08-02T15:09:25Z	fired	500000	881a0a58-86cf-4efc-bc48-9ca378d3bff7
2026-08-02T15:09:49Z	halt	500000	500000	881a0a58-86cf-4efc-bc48-9ca378d3bff7
2026-08-02T20:37:15Z	fired	500000	03ab5fc0-0c11-4c2c-9c0f-7daaf6f7f35f
2026-08-02T20:37:46Z	fired	500000	03ab5fc0-0c11-4c2c-9c0f-7daaf6f7f35f
2026-08-02T20:38:04Z	halt	500000	500000	03ab5fc0-0c11-4c2c-9c0f-7daaf6f7f35f
2026-08-03T03:19:41Z	halt	500000	500000	52c0d823-14ae-430c-b1f7-64b8f6419fcb
2026-08-03T12:48:28Z	fired	500000	e3a53544-9238-4a45-81ef-6b43c03a7477
2026-08-03T12:48:56Z	fired	500000	e3a53544-9238-4a45-81ef-6b43c03a7477
2026-08-03T12:49:11Z	halt	500000	500000	e3a53544-9238-4a45-81ef-6b43c03a7477
2026-08-03T19:47:45Z	fired	150000	94122397-ec06-4836-88bf-58f57e768189
2026-08-03T19:48:06Z	halt	150000	145000	94122397-ec06-4836-88bf-58f57e768189
2026-08-03T19:57:48Z	fired	150000	13d0795f-f231-4c0a-abee-56df37857879
2026-08-03T19:57:57Z	fired	150000	13d0795f-f231-4c0a-abee-56df37857879
2026-08-03T19:58:44Z	fired	150000	13d0795f-f231-4c0a-abee-56df37857879
2026-08-03T19:59:05Z	halt	150000	145000	13d0795f-f231-4c0a-abee-56df37857879
2026-08-03T20:06:53Z	fired	150000	05f1c84f-e704-48e7-9695-4f87264ab50a
2026-08-03T20:07:49Z	fired	150000	05f1c84f-e704-48e7-9695-4f87264ab50a
2026-08-03T20:08:08Z	halt	160000	145000	05f1c84f-e704-48e7-9695-4f87264ab50a
2026-08-03T20:21:01Z	fired	150000	50427f6e-2425-46b3-aa74-590f4ee00f44
2026-08-03T20:21:20Z	fired	150000	50427f6e-2425-46b3-aa74-590f4ee00f44
2026-08-03T20:21:26Z	fired	150000	50427f6e-2425-46b3-aa74-590f4ee00f44
2026-08-03T20:21:31Z	fired	150000	50427f6e-2425-46b3-aa74-590f4ee00f44
2026-08-03T20:21:37Z	fired	150000	50427f6e-2425-46b3-aa74-590f4ee00f44
2026-08-03T20:21:46Z	fired	150000	50427f6e-2425-46b3-aa74-590f4ee00f44
2026-08-03T20:21:52Z	fired	150000	50427f6e-2425-46b3-aa74-590f4ee00f44
2026-08-03T20:21:59Z	fired	150000	50427f6e-2425-46b3-aa74-590f4ee00f44
2026-08-03T20:22:07Z	fired	150000	50427f6e-2425-46b3-aa74-590f4ee00f44
2026-08-03T20:22:29Z	fired	150000	50427f6e-2425-46b3-aa74-590f4ee00f44
2026-08-03T20:22:36Z	fired	150000	50427f6e-2425-46b3-aa74-590f4ee00f44
2026-08-03T20:23:38Z	fired	150000	50427f6e-2425-46b3-aa74-590f4ee00f44
2026-08-03T20:23:56Z	halt	160000	145000	50427f6e-2425-46b3-aa74-590f4ee00f44
2026-08-03T20:35:46Z	fired	150000	7484bc92-0a8b-4ff9-b50e-2de09e45f479
2026-08-03T20:36:25Z	fired	150000	7484bc92-0a8b-4ff9-b50e-2de09e45f479
2026-08-03T20:36:44Z	halt	150000	145000	7484bc92-0a8b-4ff9-b50e-2de09e45f479
2026-08-03T20:51:05Z	fired	150000	7d382185-2f8c-40db-b5b2-205850f07333
2026-08-03T20:51:16Z	fired	150000	7d382185-2f8c-40db-b5b2-205850f07333
2026-08-03T20:51:56Z	fired	150000	7d382185-2f8c-40db-b5b2-205850f07333
2026-08-03T20:52:14Z	halt	150000	145000	7d382185-2f8c-40db-b5b2-205850f07333
2026-08-03T21:02:47Z	fired	150000	4e61f9a8-e884-4944-b494-1f323af8f408
2026-08-03T21:04:22Z	fired	150000	4e61f9a8-e884-4944-b494-1f323af8f408
2026-08-03T21:04:42Z	halt	160000	145000	4e61f9a8-e884-4944-b494-1f323af8f408
2026-08-03T21:11:40Z	fired	150000	b809d8c1-598d-4b4d-ba95-4c76cda48399
2026-08-03T21:11:54Z	fired	150000	b809d8c1-598d-4b4d-ba95-4c76cda48399
2026-08-03T21:12:06Z	fired	150000	b809d8c1-598d-4b4d-ba95-4c76cda48399
2026-08-03T21:12:20Z	fired	150000	b809d8c1-598d-4b4d-ba95-4c76cda48399
2026-08-03T21:13:56Z	fired	150000	b809d8c1-598d-4b4d-ba95-4c76cda48399
2026-08-03T21:14:10Z	fired	160000	b809d8c1-598d-4b4d-ba95-4c76cda48399
2026-08-03T21:14:13Z	fired	160000	b809d8c1-598d-4b4d-ba95-4c76cda48399
2026-08-03T21:14:18Z	fired	160000	b809d8c1-598d-4b4d-ba95-4c76cda48399
2026-08-03T21:14:51Z	fired	160000	b809d8c1-598d-4b4d-ba95-4c76cda48399
2026-08-03T21:15:07Z	halt	160000	145000	b809d8c1-598d-4b4d-ba95-4c76cda48399
2026-08-03T21:26:35Z	fired	150000	cae02881-12f5-4442-81ad-8c7befac6f0e
2026-08-03T21:26:51Z	fired	150000	cae02881-12f5-4442-81ad-8c7befac6f0e
2026-08-03T21:27:20Z	fired	160000	cae02881-12f5-4442-81ad-8c7befac6f0e
2026-08-03T21:28:08Z	fired	160000	cae02881-12f5-4442-81ad-8c7befac6f0e
2026-08-03T21:28:32Z	halt	160000	145000	cae02881-12f5-4442-81ad-8c7befac6f0e
2026-08-03T21:34:59Z	fired	150000	7598e079-07bc-41b7-9118-0bcd8615d33b
2026-08-03T21:35:08Z	fired	150000	7598e079-07bc-41b7-9118-0bcd8615d33b
2026-08-03T21:35:24Z	fired	150000	7598e079-07bc-41b7-9118-0bcd8615d33b
2026-08-03T21:35:41Z	fired	150000	7598e079-07bc-41b7-9118-0bcd8615d33b
2026-08-03T21:35:46Z	fired	150000	7598e079-07bc-41b7-9118-0bcd8615d33b
2026-08-03T21:36:00Z	fired	150000	7598e079-07bc-41b7-9118-0bcd8615d33b
2026-08-03T21:36:14Z	fired	150000	7598e079-07bc-41b7-9118-0bcd8615d33b
2026-08-03T21:36:19Z	fired	150000	7598e079-07bc-41b7-9118-0bcd8615d33b
2026-08-03T21:36:24Z	fired	150000	7598e079-07bc-41b7-9118-0bcd8615d33b
2026-08-03T21:36:30Z	fired	150000	7598e079-07bc-41b7-9118-0bcd8615d33b
2026-08-03T21:38:30Z	fired	150000	7598e079-07bc-41b7-9118-0bcd8615d33b
2026-08-03T21:39:14Z	fired	150000	7598e079-07bc-41b7-9118-0bcd8615d33b
2026-08-03T21:39:34Z	halt	150000	145000	7598e079-07bc-41b7-9118-0bcd8615d33b
2026-08-03T21:47:45Z	fired	150000	0e771def-bdb6-4282-87a2-fa63e3c0ef1a
2026-08-03T21:47:56Z	fired	150000	0e771def-bdb6-4282-87a2-fa63e3c0ef1a
2026-08-03T21:48:03Z	fired	150000	0e771def-bdb6-4282-87a2-fa63e3c0ef1a
2026-08-03T21:48:12Z	fired	150000	0e771def-bdb6-4282-87a2-fa63e3c0ef1a
2026-08-03T21:48:18Z	fired	150000	0e771def-bdb6-4282-87a2-fa63e3c0ef1a
2026-08-03T21:48:24Z	fired	150000	0e771def-bdb6-4282-87a2-fa63e3c0ef1a
2026-08-03T21:53:02Z	fired	160000	0e771def-bdb6-4282-87a2-fa63e3c0ef1a
2026-08-03T21:53:45Z	fired	160000	0e771def-bdb6-4282-87a2-fa63e3c0ef1a
2026-08-03T21:54:00Z	halt	160000	145000	0e771def-bdb6-4282-87a2-fa63e3c0ef1a
2026-08-03T22:00:59Z	fired	150000	a6cee812-46f9-4e20-9ea2-956a5d0906c4
2026-08-03T22:01:05Z	fired	150000	a6cee812-46f9-4e20-9ea2-956a5d0906c4
2026-08-03T22:01:11Z	fired	150000	a6cee812-46f9-4e20-9ea2-956a5d0906c4
2026-08-03T22:01:14Z	fired	150000	a6cee812-46f9-4e20-9ea2-956a5d0906c4
2026-08-03T22:01:19Z	fired	150000	a6cee812-46f9-4e20-9ea2-956a5d0906c4
2026-08-03T22:01:27Z	fired	150000	a6cee812-46f9-4e20-9ea2-956a5d0906c4
2026-08-03T22:01:38Z	fired	150000	a6cee812-46f9-4e20-9ea2-956a5d0906c4
2026-08-03T22:01:48Z	fired	150000	a6cee812-46f9-4e20-9ea2-956a5d0906c4
2026-08-03T22:01:56Z	fired	150000	a6cee812-46f9-4e20-9ea2-956a5d0906c4
2026-08-03T22:02:01Z	fired	150000	a6cee812-46f9-4e20-9ea2-956a5d0906c4
2026-08-03T22:03:17Z	fired	150000	a6cee812-46f9-4e20-9ea2-956a5d0906c4
2026-08-03T22:03:29Z	fired	160000	a6cee812-46f9-4e20-9ea2-956a5d0906c4
2026-08-03T22:03:34Z	fired	160000	a6cee812-46f9-4e20-9ea2-956a5d0906c4
2026-08-03T22:03:37Z	fired	160000	a6cee812-46f9-4e20-9ea2-956a5d0906c4
2026-08-03T22:03:41Z	fired	160000	a6cee812-46f9-4e20-9ea2-956a5d0906c4
2026-08-03T22:03:46Z	fired	160000	a6cee812-46f9-4e20-9ea2-956a5d0906c4
2026-08-03T22:03:52Z	fired	160000	a6cee812-46f9-4e20-9ea2-956a5d0906c4
2026-08-03T22:04:43Z	fired	160000	a6cee812-46f9-4e20-9ea2-956a5d0906c4
2026-08-03T22:05:19Z	fired	160000	a6cee812-46f9-4e20-9ea2-956a5d0906c4
2026-08-03T22:05:34Z	halt	160000	145000	a6cee812-46f9-4e20-9ea2-956a5d0906c4
2026-08-03T22:12:36Z	fired	150000	f9d74b9d-3f4c-4918-891e-ed3bad0f760f
2026-08-03T22:12:52Z	fired	150000	f9d74b9d-3f4c-4918-891e-ed3bad0f760f
2026-08-03T22:12:58Z	fired	150000	f9d74b9d-3f4c-4918-891e-ed3bad0f760f
2026-08-03T22:13:33Z	fired	150000	f9d74b9d-3f4c-4918-891e-ed3bad0f760f
2026-08-03T22:13:49Z	halt	150000	145000	f9d74b9d-3f4c-4918-891e-ed3bad0f760f
2026-08-03T22:23:57Z	fired	150000	007e2ebf-e35f-49cd-b4e5-84f7a6394cd8
2026-08-03T22:24:07Z	fired	150000	007e2ebf-e35f-49cd-b4e5-84f7a6394cd8
2026-08-03T22:24:24Z	fired	150000	007e2ebf-e35f-49cd-b4e5-84f7a6394cd8
2026-08-03T22:24:33Z	fired	150000	007e2ebf-e35f-49cd-b4e5-84f7a6394cd8
2026-08-03T22:24:36Z	fired	150000	007e2ebf-e35f-49cd-b4e5-84f7a6394cd8
2026-08-03T22:24:40Z	fired	150000	007e2ebf-e35f-49cd-b4e5-84f7a6394cd8
2026-08-03T22:24:47Z	fired	150000	007e2ebf-e35f-49cd-b4e5-84f7a6394cd8
2026-08-03T22:27:18Z	fired	160000	007e2ebf-e35f-49cd-b4e5-84f7a6394cd8
2026-08-03T22:27:30Z	fired	160000	007e2ebf-e35f-49cd-b4e5-84f7a6394cd8
2026-08-03T22:27:33Z	fired	160000	007e2ebf-e35f-49cd-b4e5-84f7a6394cd8
2026-08-03T22:27:36Z	fired	160000	007e2ebf-e35f-49cd-b4e5-84f7a6394cd8
2026-08-03T22:27:40Z	fired	160000	007e2ebf-e35f-49cd-b4e5-84f7a6394cd8
2026-08-03T22:27:47Z	fired	160000	007e2ebf-e35f-49cd-b4e5-84f7a6394cd8
2026-08-03T22:32:30Z	fired	160000	007e2ebf-e35f-49cd-b4e5-84f7a6394cd8
2026-08-03T22:32:59Z	fired	160000	007e2ebf-e35f-49cd-b4e5-84f7a6394cd8
2026-08-03T22:33:36Z	fired	160000	007e2ebf-e35f-49cd-b4e5-84f7a6394cd8
2026-08-03T22:33:51Z	halt	160000	145000	007e2ebf-e35f-49cd-b4e5-84f7a6394cd8
2026-08-03T22:43:17Z	fired	150000	acc329e7-49f3-46b6-9d29-c37559fb3752
2026-08-03T22:43:29Z	fired	150000	acc329e7-49f3-46b6-9d29-c37559fb3752
2026-08-03T22:45:09Z	fired	150000	acc329e7-49f3-46b6-9d29-c37559fb3752
2026-08-03T22:45:18Z	fired	160000	acc329e7-49f3-46b6-9d29-c37559fb3752
2026-08-03T22:46:18Z	fired	160000	acc329e7-49f3-46b6-9d29-c37559fb3752
2026-08-03T22:46:59Z	fired	170000	acc329e7-49f3-46b6-9d29-c37559fb3752
2026-08-03T22:47:20Z	halt	170000	145000	acc329e7-49f3-46b6-9d29-c37559fb3752
2026-08-03T22:52:56Z	fired	150000	ec51298c-8c72-4094-bad2-9ea150e86f6e
2026-08-03T22:53:35Z	fired	150000	ec51298c-8c72-4094-bad2-9ea150e86f6e
2026-08-03T22:53:43Z	fired	150000	ec51298c-8c72-4094-bad2-9ea150e86f6e
2026-08-03T22:53:58Z	fired	150000	ec51298c-8c72-4094-bad2-9ea150e86f6e
2026-08-03T22:54:07Z	fired	150000	ec51298c-8c72-4094-bad2-9ea150e86f6e
2026-08-03T22:54:17Z	fired	150000	ec51298c-8c72-4094-bad2-9ea150e86f6e
2026-08-03T22:54:52Z	fired	160000	ec51298c-8c72-4094-bad2-9ea150e86f6e
2026-08-03T22:55:08Z	fired	160000	ec51298c-8c72-4094-bad2-9ea150e86f6e
2026-08-03T22:55:52Z	fired	160000	ec51298c-8c72-4094-bad2-9ea150e86f6e
2026-08-03T22:56:09Z	halt	160000	145000	ec51298c-8c72-4094-bad2-9ea150e86f6e
2026-08-03T23:03:13Z	fired	150000	45055bb9-4ef5-496a-ae8c-cec21c85d9b8
2026-08-03T23:03:22Z	fired	150000	45055bb9-4ef5-496a-ae8c-cec21c85d9b8
2026-08-03T23:03:25Z	fired	160000	45055bb9-4ef5-496a-ae8c-cec21c85d9b8
2026-08-03T23:04:03Z	fired	160000	45055bb9-4ef5-496a-ae8c-cec21c85d9b8
2026-08-03T23:05:24Z	fired	160000	45055bb9-4ef5-496a-ae8c-cec21c85d9b8
2026-08-03T23:05:33Z	fired	170000	45055bb9-4ef5-496a-ae8c-cec21c85d9b8
2026-08-03T23:05:40Z	fired	170000	45055bb9-4ef5-496a-ae8c-cec21c85d9b8
2026-08-03T23:05:49Z	fired	170000	45055bb9-4ef5-496a-ae8c-cec21c85d9b8
2026-08-03T23:05:58Z	fired	170000	45055bb9-4ef5-496a-ae8c-cec21c85d9b8
2026-08-03T23:06:16Z	fired	170000	45055bb9-4ef5-496a-ae8c-cec21c85d9b8
2026-08-03T23:06:27Z	fired	170000	45055bb9-4ef5-496a-ae8c-cec21c85d9b8
2026-08-03T23:06:34Z	fired	180000	45055bb9-4ef5-496a-ae8c-cec21c85d9b8
2026-08-03T23:06:40Z	fired	180000	45055bb9-4ef5-496a-ae8c-cec21c85d9b8
2026-08-03T23:06:43Z	fired	180000	45055bb9-4ef5-496a-ae8c-cec21c85d9b8
2026-08-03T23:06:48Z	fired	180000	45055bb9-4ef5-496a-ae8c-cec21c85d9b8
2026-08-03T23:06:53Z	fired	180000	45055bb9-4ef5-496a-ae8c-cec21c85d9b8
2026-08-03T23:07:09Z	fired	180000	45055bb9-4ef5-496a-ae8c-cec21c85d9b8
2026-08-03T23:07:19Z	fired	180000	45055bb9-4ef5-496a-ae8c-cec21c85d9b8
2026-08-03T23:09:04Z	fired	180000	45055bb9-4ef5-496a-ae8c-cec21c85d9b8
2026-08-03T23:09:18Z	fired	180000	45055bb9-4ef5-496a-ae8c-cec21c85d9b8
2026-08-03T23:09:38Z	fired	180000	45055bb9-4ef5-496a-ae8c-cec21c85d9b8
2026-08-03T23:10:29Z	fired	180000	45055bb9-4ef5-496a-ae8c-cec21c85d9b8
2026-08-03T23:10:46Z	halt	180000	145000	45055bb9-4ef5-496a-ae8c-cec21c85d9b8
2026-08-03T23:18:32Z	fired	150000	40dfa26f-0095-4252-9ac7-73df515b0810
2026-08-03T23:18:57Z	fired	150000	40dfa26f-0095-4252-9ac7-73df515b0810
2026-08-03T23:19:17Z	fired	150000	40dfa26f-0095-4252-9ac7-73df515b0810
2026-08-03T23:19:27Z	fired	150000	40dfa26f-0095-4252-9ac7-73df515b0810
2026-08-03T23:20:11Z	fired	160000	40dfa26f-0095-4252-9ac7-73df515b0810
2026-08-03T23:20:35Z	halt	160000	145000	40dfa26f-0095-4252-9ac7-73df515b0810
2026-08-03T23:26:41Z	fired	150000	e7977087-8efb-48de-acbd-d5869f401c6f
2026-08-03T23:26:42Z	fired	150000	e7977087-8efb-48de-acbd-d5869f401c6f
2026-08-03T23:26:51Z	fired	150000	e7977087-8efb-48de-acbd-d5869f401c6f
2026-08-03T23:26:57Z	fired	150000	e7977087-8efb-48de-acbd-d5869f401c6f
2026-08-03T23:27:02Z	fired	150000	e7977087-8efb-48de-acbd-d5869f401c6f
2026-08-03T23:27:06Z	fired	150000	e7977087-8efb-48de-acbd-d5869f401c6f
2026-08-03T23:27:15Z	fired	150000	e7977087-8efb-48de-acbd-d5869f401c6f
2026-08-03T23:27:52Z	fired	160000	e7977087-8efb-48de-acbd-d5869f401c6f
2026-08-03T23:28:00Z	fired	160000	e7977087-8efb-48de-acbd-d5869f401c6f
2026-08-03T23:28:38Z	fired	160000	e7977087-8efb-48de-acbd-d5869f401c6f
2026-08-03T23:28:57Z	halt	160000	145000	e7977087-8efb-48de-acbd-d5869f401c6f
2026-08-03T23:36:48Z	fired	150000	54b60d1d-cd98-402f-b79f-f43e28ce61ed
2026-08-03T23:36:53Z	fired	150000	54b60d1d-cd98-402f-b79f-f43e28ce61ed
2026-08-03T23:37:06Z	fired	150000	54b60d1d-cd98-402f-b79f-f43e28ce61ed
2026-08-03T23:37:37Z	fired	150000	54b60d1d-cd98-402f-b79f-f43e28ce61ed
2026-08-03T23:38:15Z	fired	160000	54b60d1d-cd98-402f-b79f-f43e28ce61ed
2026-08-03T23:39:13Z	fired	160000	54b60d1d-cd98-402f-b79f-f43e28ce61ed
2026-08-03T23:39:17Z	fired	160000	54b60d1d-cd98-402f-b79f-f43e28ce61ed
2026-08-03T23:39:36Z	halt	160000	145000	54b60d1d-cd98-402f-b79f-f43e28ce61ed
2026-08-03T23:59:08Z	fired	150000	d6f1ad5c-9001-42f1-b689-9613c93bb279
2026-08-04T00:00:38Z	fired	150000	d6f1ad5c-9001-42f1-b689-9613c93bb279
2026-08-04T00:01:40Z	fired	160000	d6f1ad5c-9001-42f1-b689-9613c93bb279
2026-08-04T00:02:01Z	halt	160000	145000	d6f1ad5c-9001-42f1-b689-9613c93bb279
2026-08-04T00:14:22Z	fired	150000	40d049d2-1ee3-4234-acb7-741615e25e71
2026-08-04T00:15:24Z	fired	150000	40d049d2-1ee3-4234-acb7-741615e25e71
2026-08-04T00:15:44Z	halt	160000	145000	40d049d2-1ee3-4234-acb7-741615e25e71
2026-08-04T00:26:36Z	fired	150000	40b99725-d54b-42e8-8c8a-16048481538b
2026-08-04T00:26:46Z	fired	150000	40b99725-d54b-42e8-8c8a-16048481538b
2026-08-04T00:26:52Z	fired	150000	40b99725-d54b-42e8-8c8a-16048481538b
2026-08-04T00:27:25Z	fired	150000	40b99725-d54b-42e8-8c8a-16048481538b
2026-08-04T00:27:33Z	fired	150000	40b99725-d54b-42e8-8c8a-16048481538b
2026-08-04T00:27:39Z	fired	160000	40b99725-d54b-42e8-8c8a-16048481538b
2026-08-04T00:27:50Z	fired	160000	40b99725-d54b-42e8-8c8a-16048481538b
2026-08-04T00:27:54Z	fired	160000	40b99725-d54b-42e8-8c8a-16048481538b
2026-08-04T00:31:21Z	fired	160000	40b99725-d54b-42e8-8c8a-16048481538b
2026-08-04T00:31:28Z	fired	160000	40b99725-d54b-42e8-8c8a-16048481538b
2026-08-04T00:32:52Z	fired	160000	40b99725-d54b-42e8-8c8a-16048481538b
2026-08-04T00:33:11Z	halt	160000	145000	40b99725-d54b-42e8-8c8a-16048481538b
2026-08-04T00:46:54Z	fired	150000	0020670e-14d7-4979-97a3-de358fcb8470
2026-08-04T00:47:00Z	fired	150000	0020670e-14d7-4979-97a3-de358fcb8470
2026-08-04T00:47:43Z	fired	150000	0020670e-14d7-4979-97a3-de358fcb8470
2026-08-04T00:48:03Z	halt	150000	145000	0020670e-14d7-4979-97a3-de358fcb8470
2026-08-04T01:01:55Z	fired	150000	d7fd7d46-a185-44f5-9be7-80e7e47cc86b
2026-08-04T01:01:57Z	fired	150000	d7fd7d46-a185-44f5-9be7-80e7e47cc86b
2026-08-04T01:02:11Z	fired	150000	d7fd7d46-a185-44f5-9be7-80e7e47cc86b
2026-08-04T01:02:44Z	halt	150000	145000	d7fd7d46-a185-44f5-9be7-80e7e47cc86b
2026-08-04T01:10:42Z	fired	150000	81ab51ef-ec97-462e-92cc-3fc4a51c6d98
2026-08-04T01:10:46Z	fired	150000	81ab51ef-ec97-462e-92cc-3fc4a51c6d98
2026-08-04T01:11:30Z	fired	150000	81ab51ef-ec97-462e-92cc-3fc4a51c6d98
2026-08-04T01:13:23Z	fired	160000	81ab51ef-ec97-462e-92cc-3fc4a51c6d98
2026-08-04T01:13:43Z	halt	160000	145000	81ab51ef-ec97-462e-92cc-3fc4a51c6d98
2026-08-04T01:19:33Z	fired	150000	c2294c33-eec2-4568-a27a-bc7404ea6630
2026-08-04T01:20:17Z	fired	150000	c2294c33-eec2-4568-a27a-bc7404ea6630
2026-08-04T01:20:28Z	fired	150000	c2294c33-eec2-4568-a27a-bc7404ea6630
2026-08-04T01:20:37Z	fired	150000	c2294c33-eec2-4568-a27a-bc7404ea6630
2026-08-04T01:20:39Z	fired	150000	c2294c33-eec2-4568-a27a-bc7404ea6630
2026-08-04T01:20:45Z	fired	150000	c2294c33-eec2-4568-a27a-bc7404ea6630
2026-08-04T01:20:48Z	fired	150000	c2294c33-eec2-4568-a27a-bc7404ea6630
2026-08-04T01:21:04Z	fired	150000	c2294c33-eec2-4568-a27a-bc7404ea6630
2026-08-04T01:21:54Z	fired	160000	c2294c33-eec2-4568-a27a-bc7404ea6630
2026-08-04T01:22:15Z	halt	160000	145000	c2294c33-eec2-4568-a27a-bc7404ea6630
2026-08-04T01:35:26Z	fired	150000	c702f897-0933-40e6-92f9-f57c2df0957f
2026-08-04T01:35:32Z	fired	150000	c702f897-0933-40e6-92f9-f57c2df0957f
2026-08-04T01:35:39Z	fired	150000	c702f897-0933-40e6-92f9-f57c2df0957f
2026-08-04T01:35:42Z	fired	150000	c702f897-0933-40e6-92f9-f57c2df0957f
2026-08-04T01:35:50Z	fired	150000	c702f897-0933-40e6-92f9-f57c2df0957f
2026-08-04T01:36:30Z	fired	160000	c702f897-0933-40e6-92f9-f57c2df0957f
2026-08-04T01:36:50Z	halt	160000	145000	c702f897-0933-40e6-92f9-f57c2df0957f
2026-08-04T01:46:20Z	fired	150000	8d73e759-aa99-421a-ac44-dc84404f0b7a
2026-08-04T01:46:49Z	halt	150000	145000	8d73e759-aa99-421a-ac44-dc84404f0b7a
2026-08-04T01:56:14Z	fired	150000	eede3b0e-503a-49f7-a370-937f4de417bd
2026-08-04T01:56:23Z	fired	150000	eede3b0e-503a-49f7-a370-937f4de417bd
2026-08-04T01:56:30Z	fired	150000	eede3b0e-503a-49f7-a370-937f4de417bd
2026-08-04T01:56:36Z	fired	150000	eede3b0e-503a-49f7-a370-937f4de417bd
2026-08-04T01:57:37Z	fired	150000	eede3b0e-503a-49f7-a370-937f4de417bd
2026-08-04T01:57:45Z	fired	150000	eede3b0e-503a-49f7-a370-937f4de417bd
2026-08-04T01:58:24Z	fired	150000	eede3b0e-503a-49f7-a370-937f4de417bd
2026-08-04T01:58:41Z	halt	150000	145000	eede3b0e-503a-49f7-a370-937f4de417bd
2026-08-04T02:21:08Z	fired	150000	29efad35-9678-4c32-bf3b-a3dbfcb0b5d6
2026-08-04T02:22:35Z	fired	150000	29efad35-9678-4c32-bf3b-a3dbfcb0b5d6
2026-08-04T02:22:40Z	fired	150000	29efad35-9678-4c32-bf3b-a3dbfcb0b5d6
2026-08-04T02:23:00Z	halt	150000	145000	29efad35-9678-4c32-bf3b-a3dbfcb0b5d6
2026-08-04T02:37:13Z	fired	150000	f7544200-5a7a-4d52-8bbf-cdb2be7b3c75
2026-08-04T02:37:17Z	fired	150000	f7544200-5a7a-4d52-8bbf-cdb2be7b3c75
2026-08-04T02:38:01Z	fired	150000	f7544200-5a7a-4d52-8bbf-cdb2be7b3c75
2026-08-04T02:38:17Z	fired	150000	f7544200-5a7a-4d52-8bbf-cdb2be7b3c75
2026-08-04T02:38:34Z	halt	150000	145000	f7544200-5a7a-4d52-8bbf-cdb2be7b3c75
2026-08-04T02:48:05Z	fired	150000	d866bde6-3a1c-40fb-a1d6-b63f100b111a
2026-08-04T02:48:12Z	fired	150000	d866bde6-3a1c-40fb-a1d6-b63f100b111a
2026-08-04T02:48:45Z	fired	150000	d866bde6-3a1c-40fb-a1d6-b63f100b111a
2026-08-04T02:49:06Z	halt	150000	145000	d866bde6-3a1c-40fb-a1d6-b63f100b111a
2026-08-04T03:06:15Z	fired	150000	6e267725-7a58-4928-bfaa-58f49e69262a
2026-08-04T03:06:40Z	fired	150000	6e267725-7a58-4928-bfaa-58f49e69262a
2026-08-04T03:06:57Z	halt	150000	145000	6e267725-7a58-4928-bfaa-58f49e69262a
2026-08-04T03:17:23Z	fired	150000	1d0c9cd4-03b7-40de-9c04-5e8c3ed8660a
2026-08-04T03:18:03Z	fired	150000	1d0c9cd4-03b7-40de-9c04-5e8c3ed8660a
2026-08-04T03:18:56Z	fired	150000	1d0c9cd4-03b7-40de-9c04-5e8c3ed8660a
2026-08-04T03:19:01Z	fired	160000	1d0c9cd4-03b7-40de-9c04-5e8c3ed8660a
2026-08-04T03:19:06Z	fired	160000	1d0c9cd4-03b7-40de-9c04-5e8c3ed8660a
2026-08-04T03:19:50Z	fired	160000	1d0c9cd4-03b7-40de-9c04-5e8c3ed8660a
2026-08-04T03:19:55Z	fired	160000	1d0c9cd4-03b7-40de-9c04-5e8c3ed8660a
2026-08-04T03:20:02Z	fired	160000	1d0c9cd4-03b7-40de-9c04-5e8c3ed8660a
2026-08-04T03:20:32Z	halt	170000	145000	1d0c9cd4-03b7-40de-9c04-5e8c3ed8660a
2026-08-04T03:26:06Z	fired	150000	a02eeced-3bc8-4a46-9ae2-8b2a0aadaff7
2026-08-04T03:27:01Z	fired	150000	a02eeced-3bc8-4a46-9ae2-8b2a0aadaff7
2026-08-04T03:27:08Z	fired	160000	a02eeced-3bc8-4a46-9ae2-8b2a0aadaff7
2026-08-04T03:27:25Z	fired	160000	a02eeced-3bc8-4a46-9ae2-8b2a0aadaff7
2026-08-04T03:27:40Z	halt	160000	145000	a02eeced-3bc8-4a46-9ae2-8b2a0aadaff7
2026-08-04T03:37:18Z	fired	150000	a567ee9d-dcb2-4399-94d0-47e1208ce2f7
2026-08-04T03:37:36Z	fired	150000	a567ee9d-dcb2-4399-94d0-47e1208ce2f7
2026-08-04T03:38:22Z	fired	150000	a567ee9d-dcb2-4399-94d0-47e1208ce2f7
2026-08-04T03:38:35Z	fired	150000	a567ee9d-dcb2-4399-94d0-47e1208ce2f7
2026-08-04T03:38:51Z	halt	160000	145000	a567ee9d-dcb2-4399-94d0-47e1208ce2f7
2026-08-04T03:46:54Z	fired	150000	0108132e-7071-4abd-b14c-aa72890e34d8
2026-08-04T03:47:04Z	fired	150000	0108132e-7071-4abd-b14c-aa72890e34d8
2026-08-04T03:47:48Z	fired	150000	0108132e-7071-4abd-b14c-aa72890e34d8
2026-08-04T03:47:57Z	fired	150000	0108132e-7071-4abd-b14c-aa72890e34d8
2026-08-04T03:48:14Z	halt	150000	145000	0108132e-7071-4abd-b14c-aa72890e34d8
2026-08-04T04:02:58Z	fired	150000	814b61b0-8b5d-4f38-8bc0-a0b188abae47
2026-08-04T04:03:09Z	fired	150000	814b61b0-8b5d-4f38-8bc0-a0b188abae47
2026-08-04T04:03:15Z	fired	150000	814b61b0-8b5d-4f38-8bc0-a0b188abae47
2026-08-04T04:03:18Z	fired	150000	814b61b0-8b5d-4f38-8bc0-a0b188abae47
2026-08-04T04:04:34Z	fired	150000	814b61b0-8b5d-4f38-8bc0-a0b188abae47
2026-08-04T04:04:40Z	fired	150000	814b61b0-8b5d-4f38-8bc0-a0b188abae47
2026-08-04T04:04:58Z	fired	150000	814b61b0-8b5d-4f38-8bc0-a0b188abae47
2026-08-04T04:05:13Z	halt	150000	145000	814b61b0-8b5d-4f38-8bc0-a0b188abae47
2026-08-04T04:17:19Z	fired	150000	cf1e9204-0cf6-45a2-8bba-b44d6bda272c
2026-08-04T04:18:07Z	fired	150000	cf1e9204-0cf6-45a2-8bba-b44d6bda272c
2026-08-04T04:18:25Z	fired	150000	cf1e9204-0cf6-45a2-8bba-b44d6bda272c
2026-08-04T04:18:30Z	fired	150000	cf1e9204-0cf6-45a2-8bba-b44d6bda272c
2026-08-04T04:18:49Z	halt	150000	145000	cf1e9204-0cf6-45a2-8bba-b44d6bda272c
2026-08-04T04:29:48Z	fired	150000	3861c3d5-c91e-419c-8350-e86c04290065
2026-08-04T04:30:20Z	fired	150000	3861c3d5-c91e-419c-8350-e86c04290065
2026-08-04T04:30:56Z	fired	150000	3861c3d5-c91e-419c-8350-e86c04290065
2026-08-04T04:31:30Z	fired	160000	3861c3d5-c91e-419c-8350-e86c04290065
2026-08-04T04:31:41Z	fired	160000	3861c3d5-c91e-419c-8350-e86c04290065
2026-08-04T04:32:00Z	halt	160000	145000	3861c3d5-c91e-419c-8350-e86c04290065
2026-08-04T05:01:25Z	fired	150000	2f999182-7ba2-4a62-aca3-907d6dc4cc51
2026-08-04T05:02:11Z	fired	150000	2f999182-7ba2-4a62-aca3-907d6dc4cc51
2026-08-04T05:03:02Z	fired	150000	2f999182-7ba2-4a62-aca3-907d6dc4cc51
2026-08-04T05:03:20Z	halt	160000	145000	2f999182-7ba2-4a62-aca3-907d6dc4cc51
2026-08-04T05:12:17Z	fired	150000	257fd512-4eea-4855-a02b-c5ca46479123
2026-08-04T05:12:27Z	fired	150000	257fd512-4eea-4855-a02b-c5ca46479123
2026-08-04T05:12:30Z	fired	150000	257fd512-4eea-4855-a02b-c5ca46479123
2026-08-04T05:12:38Z	fired	150000	257fd512-4eea-4855-a02b-c5ca46479123
2026-08-04T05:12:45Z	fired	150000	257fd512-4eea-4855-a02b-c5ca46479123
2026-08-04T05:12:55Z	fired	150000	257fd512-4eea-4855-a02b-c5ca46479123
2026-08-04T05:13:05Z	fired	150000	257fd512-4eea-4855-a02b-c5ca46479123
2026-08-04T05:13:12Z	fired	160000	257fd512-4eea-4855-a02b-c5ca46479123
2026-08-04T05:13:21Z	fired	160000	257fd512-4eea-4855-a02b-c5ca46479123
2026-08-04T05:13:35Z	fired	160000	257fd512-4eea-4855-a02b-c5ca46479123
2026-08-04T05:13:46Z	fired	160000	257fd512-4eea-4855-a02b-c5ca46479123
2026-08-04T05:17:54Z	fired	160000	257fd512-4eea-4855-a02b-c5ca46479123
2026-08-04T05:18:35Z	fired	160000	257fd512-4eea-4855-a02b-c5ca46479123
2026-08-04T05:18:58Z	fired	170000	257fd512-4eea-4855-a02b-c5ca46479123
2026-08-04T05:19:02Z	fired	170000	257fd512-4eea-4855-a02b-c5ca46479123
2026-08-04T05:19:06Z	fired	170000	257fd512-4eea-4855-a02b-c5ca46479123
2026-08-04T05:19:29Z	fired	170000	257fd512-4eea-4855-a02b-c5ca46479123
2026-08-04T05:20:10Z	fired	180000	257fd512-4eea-4855-a02b-c5ca46479123
2026-08-04T05:22:42Z	fired	180000	257fd512-4eea-4855-a02b-c5ca46479123
2026-08-04T05:22:43Z	fired	180000	257fd512-4eea-4855-a02b-c5ca46479123
2026-08-04T05:22:55Z	fired	190000	257fd512-4eea-4855-a02b-c5ca46479123
2026-08-04T05:23:32Z	fired	190000	257fd512-4eea-4855-a02b-c5ca46479123
2026-08-04T05:24:23Z	fired	200000	257fd512-4eea-4855-a02b-c5ca46479123
2026-08-04T05:24:34Z	fired	200000	257fd512-4eea-4855-a02b-c5ca46479123
2026-08-04T05:24:40Z	fired	200000	257fd512-4eea-4855-a02b-c5ca46479123
2026-08-04T05:24:44Z	fired	200000	257fd512-4eea-4855-a02b-c5ca46479123
2026-08-04T05:24:59Z	fired	200000	257fd512-4eea-4855-a02b-c5ca46479123
2026-08-04T05:25:24Z	fired	210000	257fd512-4eea-4855-a02b-c5ca46479123
2026-08-04T05:25:32Z	fired	210000	257fd512-4eea-4855-a02b-c5ca46479123
2026-08-04T05:25:40Z	fired	210000	257fd512-4eea-4855-a02b-c5ca46479123
2026-08-04T05:25:56Z	fired	210000	257fd512-4eea-4855-a02b-c5ca46479123
2026-08-04T05:26:01Z	fired	210000	257fd512-4eea-4855-a02b-c5ca46479123
2026-08-04T05:26:15Z	fired	210000	257fd512-4eea-4855-a02b-c5ca46479123
2026-08-04T05:27:36Z	fired	210000	257fd512-4eea-4855-a02b-c5ca46479123
2026-08-04T05:29:08Z	fired	210000	257fd512-4eea-4855-a02b-c5ca46479123
2026-08-04T05:29:27Z	fired	220000	257fd512-4eea-4855-a02b-c5ca46479123
2026-08-04T05:32:08Z	fired	220000	257fd512-4eea-4855-a02b-c5ca46479123
2026-08-04T05:32:24Z	fired	220000	257fd512-4eea-4855-a02b-c5ca46479123
2026-08-04T05:35:30Z	fired	230000	257fd512-4eea-4855-a02b-c5ca46479123
2026-08-04T05:37:56Z	fired	230000	257fd512-4eea-4855-a02b-c5ca46479123
2026-08-04T05:40:19Z	fired	230000	257fd512-4eea-4855-a02b-c5ca46479123
2026-08-04T05:46:07Z	fired	240000	257fd512-4eea-4855-a02b-c5ca46479123
2026-08-04T05:48:19Z	fired	240000	257fd512-4eea-4855-a02b-c5ca46479123
2026-08-04T05:50:55Z	fired	240000	257fd512-4eea-4855-a02b-c5ca46479123
2026-08-04T05:52:10Z	fired	240000	257fd512-4eea-4855-a02b-c5ca46479123
2026-08-04T05:53:25Z	fired	240000	257fd512-4eea-4855-a02b-c5ca46479123
2026-08-04T05:54:38Z	fired	240000	257fd512-4eea-4855-a02b-c5ca46479123
2026-08-04T05:55:12Z	fired	250000	257fd512-4eea-4855-a02b-c5ca46479123
2026-08-04T05:55:49Z	fired	250000	257fd512-4eea-4855-a02b-c5ca46479123
2026-08-04T05:55:52Z	fired	250000	257fd512-4eea-4855-a02b-c5ca46479123
2026-08-04T05:56:26Z	fired	250000	257fd512-4eea-4855-a02b-c5ca46479123
2026-08-04T05:56:30Z	fired	260000	257fd512-4eea-4855-a02b-c5ca46479123
2026-08-04T05:56:50Z	fired	260000	257fd512-4eea-4855-a02b-c5ca46479123
2026-08-04T05:56:58Z	fired	260000	257fd512-4eea-4855-a02b-c5ca46479123
2026-08-04T05:57:29Z	fired	260000	257fd512-4eea-4855-a02b-c5ca46479123
2026-08-04T05:58:06Z	fired	270000	257fd512-4eea-4855-a02b-c5ca46479123
2026-08-04T05:58:13Z	fired	270000	257fd512-4eea-4855-a02b-c5ca46479123
2026-08-04T05:58:33Z	fired	270000	257fd512-4eea-4855-a02b-c5ca46479123
2026-08-04T05:58:39Z	fired	270000	257fd512-4eea-4855-a02b-c5ca46479123
2026-08-04T06:01:02Z	fired	270000	257fd512-4eea-4855-a02b-c5ca46479123
2026-08-04T06:02:38Z	fired	280000	257fd512-4eea-4855-a02b-c5ca46479123
2026-08-04T06:02:53Z	fired	280000	257fd512-4eea-4855-a02b-c5ca46479123
2026-08-04T06:03:12Z	fired	280000	257fd512-4eea-4855-a02b-c5ca46479123
2026-08-04T06:04:32Z	fired	280000	257fd512-4eea-4855-a02b-c5ca46479123
2026-08-04T06:06:01Z	fired	290000	257fd512-4eea-4855-a02b-c5ca46479123
2026-08-04T06:11:36Z	fired	290000	257fd512-4eea-4855-a02b-c5ca46479123
2026-08-04T06:12:14Z	fired	290000	257fd512-4eea-4855-a02b-c5ca46479123
2026-08-04T06:13:26Z	fired	290000	257fd512-4eea-4855-a02b-c5ca46479123
2026-08-04T06:13:47Z	fired	300000	257fd512-4eea-4855-a02b-c5ca46479123
2026-08-04T06:14:10Z	fired	300000	257fd512-4eea-4855-a02b-c5ca46479123
2026-08-04T06:14:20Z	fired	310000	257fd512-4eea-4855-a02b-c5ca46479123
2026-08-04T06:14:58Z	fired	310000	257fd512-4eea-4855-a02b-c5ca46479123
2026-08-04T06:18:04Z	fired	310000	257fd512-4eea-4855-a02b-c5ca46479123
2026-08-04T06:18:52Z	fired	310000	257fd512-4eea-4855-a02b-c5ca46479123
2026-08-04T06:18:55Z	fired	310000	257fd512-4eea-4855-a02b-c5ca46479123
2026-08-04T06:19:08Z	fired	320000	257fd512-4eea-4855-a02b-c5ca46479123
2026-08-04T06:19:13Z	fired	320000	257fd512-4eea-4855-a02b-c5ca46479123
2026-08-04T06:19:20Z	fired	320000	257fd512-4eea-4855-a02b-c5ca46479123
2026-08-04T06:19:30Z	fired	320000	257fd512-4eea-4855-a02b-c5ca46479123
2026-08-04T06:19:35Z	fired	330000	257fd512-4eea-4855-a02b-c5ca46479123
2026-08-04T06:20:10Z	fired	330000	257fd512-4eea-4855-a02b-c5ca46479123
2026-08-04T06:20:11Z	fired	330000	257fd512-4eea-4855-a02b-c5ca46479123
2026-08-04T06:20:22Z	fired	330000	257fd512-4eea-4855-a02b-c5ca46479123
2026-08-04T06:20:27Z	fired	330000	257fd512-4eea-4855-a02b-c5ca46479123
2026-08-04T06:21:31Z	fired	330000	257fd512-4eea-4855-a02b-c5ca46479123
2026-08-04T06:22:16Z	fired	340000	257fd512-4eea-4855-a02b-c5ca46479123
2026-08-04T06:22:25Z	fired	340000	257fd512-4eea-4855-a02b-c5ca46479123
2026-08-04T06:22:31Z	fired	340000	257fd512-4eea-4855-a02b-c5ca46479123
2026-08-04T06:22:51Z	fired	340000	257fd512-4eea-4855-a02b-c5ca46479123
2026-08-04T06:24:18Z	fired	350000	257fd512-4eea-4855-a02b-c5ca46479123
2026-08-04T06:27:46Z	fired	350000	257fd512-4eea-4855-a02b-c5ca46479123
2026-08-04T06:28:09Z	fired	360000	257fd512-4eea-4855-a02b-c5ca46479123
2026-08-04T06:28:16Z	fired	360000	257fd512-4eea-4855-a02b-c5ca46479123
2026-08-04T06:28:29Z	fired	360000	257fd512-4eea-4855-a02b-c5ca46479123
2026-08-04T06:28:42Z	fired	360000	257fd512-4eea-4855-a02b-c5ca46479123
2026-08-04T06:28:58Z	fired	360000	257fd512-4eea-4855-a02b-c5ca46479123
2026-08-04T06:29:15Z	fired	360000	257fd512-4eea-4855-a02b-c5ca46479123
2026-08-04T06:30:10Z	fired	370000	257fd512-4eea-4855-a02b-c5ca46479123
2026-08-04T06:32:57Z	fired	370000	257fd512-4eea-4855-a02b-c5ca46479123
2026-08-04T06:33:29Z	fired	370000	257fd512-4eea-4855-a02b-c5ca46479123
2026-08-04T06:33:42Z	fired	370000	257fd512-4eea-4855-a02b-c5ca46479123
2026-08-04T06:34:01Z	halt	380000	145000	257fd512-4eea-4855-a02b-c5ca46479123
2026-08-04T06:39:56Z	fired	150000	bd4b9219-80fe-45dc-8846-550605f65e59
2026-08-04T06:40:11Z	fired	150000	bd4b9219-80fe-45dc-8846-550605f65e59
2026-08-04T06:40:53Z	fired	150000	bd4b9219-80fe-45dc-8846-550605f65e59
2026-08-04T06:41:12Z	fired	150000	bd4b9219-80fe-45dc-8846-550605f65e59
2026-08-04T06:41:24Z	fired	150000	bd4b9219-80fe-45dc-8846-550605f65e59
2026-08-04T06:41:44Z	halt	150000	145000	bd4b9219-80fe-45dc-8846-550605f65e59
2026-08-04T06:48:08Z	fired	150000	61501ea6-09d7-49d7-80c5-97426d1a761a
2026-08-04T06:48:14Z	fired	150000	61501ea6-09d7-49d7-80c5-97426d1a761a
2026-08-04T06:48:22Z	fired	150000	61501ea6-09d7-49d7-80c5-97426d1a761a
2026-08-04T06:49:54Z	fired	160000	61501ea6-09d7-49d7-80c5-97426d1a761a
2026-08-04T06:51:14Z	fired	170000	61501ea6-09d7-49d7-80c5-97426d1a761a
2026-08-04T06:51:14Z	fired	170000	61501ea6-09d7-49d7-80c5-97426d1a761a
2026-08-04T06:51:21Z	fired	180000	61501ea6-09d7-49d7-80c5-97426d1a761a
2026-08-04T06:51:21Z	fired	180000	61501ea6-09d7-49d7-80c5-97426d1a761a
2026-08-04T06:51:46Z	fired	180000	61501ea6-09d7-49d7-80c5-97426d1a761a
2026-08-04T06:51:51Z	fired	180000	61501ea6-09d7-49d7-80c5-97426d1a761a
2026-08-04T06:52:01Z	fired	180000	61501ea6-09d7-49d7-80c5-97426d1a761a
2026-08-04T06:53:01Z	fired	190000	61501ea6-09d7-49d7-80c5-97426d1a761a
2026-08-04T06:53:20Z	fired	190000	61501ea6-09d7-49d7-80c5-97426d1a761a
2026-08-04T06:53:27Z	fired	190000	61501ea6-09d7-49d7-80c5-97426d1a761a
2026-08-04T06:53:31Z	fired	190000	61501ea6-09d7-49d7-80c5-97426d1a761a
2026-08-04T06:53:43Z	fired	190000	61501ea6-09d7-49d7-80c5-97426d1a761a
2026-08-04T06:53:48Z	fired	200000	61501ea6-09d7-49d7-80c5-97426d1a761a
2026-08-04T06:53:55Z	fired	200000	61501ea6-09d7-49d7-80c5-97426d1a761a
2026-08-04T06:54:03Z	fired	200000	61501ea6-09d7-49d7-80c5-97426d1a761a
2026-08-04T06:54:35Z	fired	200000	61501ea6-09d7-49d7-80c5-97426d1a761a
2026-08-04T06:55:14Z	fired	200000	61501ea6-09d7-49d7-80c5-97426d1a761a
2026-08-04T06:55:40Z	fired	210000	61501ea6-09d7-49d7-80c5-97426d1a761a
2026-08-04T06:55:55Z	fired	210000	61501ea6-09d7-49d7-80c5-97426d1a761a
2026-08-04T06:56:07Z	fired	210000	61501ea6-09d7-49d7-80c5-97426d1a761a
2026-08-04T06:56:38Z	fired	210000	61501ea6-09d7-49d7-80c5-97426d1a761a
2026-08-04T06:56:46Z	fired	210000	61501ea6-09d7-49d7-80c5-97426d1a761a
2026-08-04T06:56:50Z	fired	210000	61501ea6-09d7-49d7-80c5-97426d1a761a
2026-08-04T06:56:56Z	fired	220000	61501ea6-09d7-49d7-80c5-97426d1a761a
2026-08-04T06:57:11Z	fired	220000	61501ea6-09d7-49d7-80c5-97426d1a761a
2026-08-04T06:57:15Z	fired	220000	61501ea6-09d7-49d7-80c5-97426d1a761a
2026-08-04T06:57:31Z	fired	220000	61501ea6-09d7-49d7-80c5-97426d1a761a
2026-08-04T06:57:41Z	fired	220000	61501ea6-09d7-49d7-80c5-97426d1a761a
2026-08-04T06:57:48Z	fired	220000	61501ea6-09d7-49d7-80c5-97426d1a761a
2026-08-04T06:57:55Z	fired	220000	61501ea6-09d7-49d7-80c5-97426d1a761a
2026-08-04T06:58:01Z	fired	220000	61501ea6-09d7-49d7-80c5-97426d1a761a
2026-08-04T06:59:47Z	fired	220000	61501ea6-09d7-49d7-80c5-97426d1a761a
2026-08-04T06:59:53Z	fired	230000	61501ea6-09d7-49d7-80c5-97426d1a761a
2026-08-04T07:00:09Z	fired	230000	61501ea6-09d7-49d7-80c5-97426d1a761a
2026-08-04T07:00:28Z	fired	230000	61501ea6-09d7-49d7-80c5-97426d1a761a
2026-08-04T07:00:57Z	fired	230000	61501ea6-09d7-49d7-80c5-97426d1a761a
2026-08-04T07:01:06Z	fired	230000	61501ea6-09d7-49d7-80c5-97426d1a761a
2026-08-04T07:01:26Z	fired	230000	61501ea6-09d7-49d7-80c5-97426d1a761a
2026-08-04T07:01:49Z	fired	240000	61501ea6-09d7-49d7-80c5-97426d1a761a
2026-08-04T07:02:21Z	fired	240000	61501ea6-09d7-49d7-80c5-97426d1a761a
2026-08-04T07:02:35Z	fired	240000	61501ea6-09d7-49d7-80c5-97426d1a761a
2026-08-04T07:02:46Z	fired	240000	61501ea6-09d7-49d7-80c5-97426d1a761a
2026-08-04T07:02:58Z	fired	240000	61501ea6-09d7-49d7-80c5-97426d1a761a
2026-08-04T07:03:15Z	fired	240000	61501ea6-09d7-49d7-80c5-97426d1a761a
2026-08-04T07:04:33Z	fired	240000	61501ea6-09d7-49d7-80c5-97426d1a761a
2026-08-04T07:04:39Z	fired	240000	61501ea6-09d7-49d7-80c5-97426d1a761a
2026-08-04T07:04:42Z	fired	240000	61501ea6-09d7-49d7-80c5-97426d1a761a
2026-08-04T07:04:53Z	fired	250000	61501ea6-09d7-49d7-80c5-97426d1a761a
2026-08-04T07:05:42Z	fired	250000	61501ea6-09d7-49d7-80c5-97426d1a761a
2026-08-04T07:08:22Z	fired	250000	61501ea6-09d7-49d7-80c5-97426d1a761a
2026-08-04T07:09:21Z	fired	260000	61501ea6-09d7-49d7-80c5-97426d1a761a
2026-08-04T07:10:37Z	fired	260000	61501ea6-09d7-49d7-80c5-97426d1a761a
2026-08-04T07:10:45Z	fired	260000	61501ea6-09d7-49d7-80c5-97426d1a761a
2026-08-04T07:11:45Z	fired	260000	61501ea6-09d7-49d7-80c5-97426d1a761a
2026-08-04T07:11:51Z	fired	260000	61501ea6-09d7-49d7-80c5-97426d1a761a
2026-08-04T07:11:55Z	fired	260000	61501ea6-09d7-49d7-80c5-97426d1a761a
2026-08-04T07:12:03Z	fired	270000	61501ea6-09d7-49d7-80c5-97426d1a761a
2026-08-04T07:19:15Z	fired	270000	61501ea6-09d7-49d7-80c5-97426d1a761a
2026-08-04T07:19:37Z	fired	270000	61501ea6-09d7-49d7-80c5-97426d1a761a
2026-08-04T07:19:52Z	fired	270000	61501ea6-09d7-49d7-80c5-97426d1a761a
2026-08-04T07:19:56Z	fired	270000	61501ea6-09d7-49d7-80c5-97426d1a761a
2026-08-04T07:20:00Z	fired	280000	61501ea6-09d7-49d7-80c5-97426d1a761a
2026-08-04T07:27:30Z	fired	280000	61501ea6-09d7-49d7-80c5-97426d1a761a
2026-08-04T07:28:09Z	fired	280000	61501ea6-09d7-49d7-80c5-97426d1a761a
2026-08-04T07:28:17Z	fired	280000	61501ea6-09d7-49d7-80c5-97426d1a761a
2026-08-04T07:28:37Z	fired	280000	61501ea6-09d7-49d7-80c5-97426d1a761a
2026-08-04T07:28:41Z	fired	290000	61501ea6-09d7-49d7-80c5-97426d1a761a
2026-08-04T07:28:57Z	fired	290000	61501ea6-09d7-49d7-80c5-97426d1a761a
2026-08-04T07:29:04Z	fired	290000	61501ea6-09d7-49d7-80c5-97426d1a761a
2026-08-04T07:29:11Z	fired	290000	61501ea6-09d7-49d7-80c5-97426d1a761a
2026-08-04T07:29:48Z	fired	290000	61501ea6-09d7-49d7-80c5-97426d1a761a
2026-08-04T07:31:10Z	fired	300000	61501ea6-09d7-49d7-80c5-97426d1a761a
2026-08-04T07:31:39Z	fired	300000	61501ea6-09d7-49d7-80c5-97426d1a761a
2026-08-04T07:32:03Z	fired	310000	61501ea6-09d7-49d7-80c5-97426d1a761a
2026-08-04T07:32:08Z	fired	310000	61501ea6-09d7-49d7-80c5-97426d1a761a
2026-08-04T07:32:31Z	fired	310000	61501ea6-09d7-49d7-80c5-97426d1a761a
2026-08-04T07:33:42Z	fired	310000	61501ea6-09d7-49d7-80c5-97426d1a761a
2026-08-04T07:35:08Z	fired	320000	61501ea6-09d7-49d7-80c5-97426d1a761a
2026-08-04T07:35:39Z	fired	320000	61501ea6-09d7-49d7-80c5-97426d1a761a
2026-08-04T07:37:14Z	fired	320000	61501ea6-09d7-49d7-80c5-97426d1a761a
2026-08-04T07:42:04Z	fired	320000	61501ea6-09d7-49d7-80c5-97426d1a761a
2026-08-04T07:42:33Z	fired	320000	61501ea6-09d7-49d7-80c5-97426d1a761a
2026-08-04T07:46:15Z	fired	320000	61501ea6-09d7-49d7-80c5-97426d1a761a
2026-08-04T07:47:08Z	fired	320000	61501ea6-09d7-49d7-80c5-97426d1a761a
2026-08-04T07:47:12Z	fired	320000	61501ea6-09d7-49d7-80c5-97426d1a761a
2026-08-04T07:47:45Z	fired	330000	61501ea6-09d7-49d7-80c5-97426d1a761a
2026-08-04T07:47:56Z	fired	330000	61501ea6-09d7-49d7-80c5-97426d1a761a
2026-08-04T07:48:00Z	fired	330000	61501ea6-09d7-49d7-80c5-97426d1a761a
2026-08-04T07:49:02Z	fired	330000	61501ea6-09d7-49d7-80c5-97426d1a761a
2026-08-04T07:49:06Z	fired	340000	61501ea6-09d7-49d7-80c5-97426d1a761a
2026-08-04T07:49:16Z	fired	340000	61501ea6-09d7-49d7-80c5-97426d1a761a
2026-08-04T07:53:00Z	fired	340000	61501ea6-09d7-49d7-80c5-97426d1a761a
2026-08-04T07:53:33Z	fired	350000	61501ea6-09d7-49d7-80c5-97426d1a761a
2026-08-04T07:56:27Z	fired	350000	61501ea6-09d7-49d7-80c5-97426d1a761a
2026-08-04T07:56:40Z	fired	350000	61501ea6-09d7-49d7-80c5-97426d1a761a
2026-08-04T07:57:11Z	fired	350000	61501ea6-09d7-49d7-80c5-97426d1a761a
2026-08-04T07:57:37Z	fired	360000	61501ea6-09d7-49d7-80c5-97426d1a761a
2026-08-04T07:57:53Z	fired	360000	61501ea6-09d7-49d7-80c5-97426d1a761a
2026-08-04T07:58:28Z	fired	370000	61501ea6-09d7-49d7-80c5-97426d1a761a
2026-08-04T07:58:35Z	fired	370000	61501ea6-09d7-49d7-80c5-97426d1a761a
2026-08-04T07:59:23Z	fired	370000	61501ea6-09d7-49d7-80c5-97426d1a761a
2026-08-04T08:01:03Z	fired	370000	61501ea6-09d7-49d7-80c5-97426d1a761a
2026-08-04T08:01:43Z	fired	370000	61501ea6-09d7-49d7-80c5-97426d1a761a
2026-08-04T08:04:25Z	fired	380000	61501ea6-09d7-49d7-80c5-97426d1a761a
2026-08-04T08:05:03Z	fired	380000	61501ea6-09d7-49d7-80c5-97426d1a761a
2026-08-04T08:08:37Z	fired	380000	61501ea6-09d7-49d7-80c5-97426d1a761a
2026-08-04T08:15:46Z	fired	380000	61501ea6-09d7-49d7-80c5-97426d1a761a
2026-08-04T08:23:04Z	fired	380000	61501ea6-09d7-49d7-80c5-97426d1a761a
2026-08-04T08:24:08Z	fired	380000	61501ea6-09d7-49d7-80c5-97426d1a761a
2026-08-04T08:24:20Z	fired	390000	61501ea6-09d7-49d7-80c5-97426d1a761a
2026-08-04T08:24:58Z	fired	390000	61501ea6-09d7-49d7-80c5-97426d1a761a
2026-08-04T08:25:01Z	fired	390000	61501ea6-09d7-49d7-80c5-97426d1a761a
2026-08-04T08:25:11Z	fired	390000	61501ea6-09d7-49d7-80c5-97426d1a761a
2026-08-04T08:25:26Z	fired	400000	61501ea6-09d7-49d7-80c5-97426d1a761a
2026-08-04T08:25:38Z	fired	400000	61501ea6-09d7-49d7-80c5-97426d1a761a
2026-08-04T08:25:44Z	fired	400000	61501ea6-09d7-49d7-80c5-97426d1a761a
2026-08-04T08:25:49Z	fired	400000	61501ea6-09d7-49d7-80c5-97426d1a761a
2026-08-04T08:26:09Z	fired	400000	61501ea6-09d7-49d7-80c5-97426d1a761a
2026-08-04T08:26:28Z	fired	400000	61501ea6-09d7-49d7-80c5-97426d1a761a
2026-08-04T08:26:32Z	fired	400000	61501ea6-09d7-49d7-80c5-97426d1a761a
2026-08-04T08:26:50Z	fired	400000	61501ea6-09d7-49d7-80c5-97426d1a761a
2026-08-04T08:27:33Z	fired	410000	61501ea6-09d7-49d7-80c5-97426d1a761a
2026-08-04T08:27:44Z	fired	410000	61501ea6-09d7-49d7-80c5-97426d1a761a
2026-08-04T08:28:20Z	fired	410000	61501ea6-09d7-49d7-80c5-97426d1a761a
2026-08-04T08:29:00Z	fired	410000	61501ea6-09d7-49d7-80c5-97426d1a761a
2026-08-04T08:29:22Z	fired	410000	61501ea6-09d7-49d7-80c5-97426d1a761a
2026-08-04T08:31:20Z	fired	420000	61501ea6-09d7-49d7-80c5-97426d1a761a
2026-08-04T08:31:26Z	fired	420000	61501ea6-09d7-49d7-80c5-97426d1a761a
2026-08-04T08:31:32Z	fired	420000	61501ea6-09d7-49d7-80c5-97426d1a761a
2026-08-04T08:32:10Z	fired	420000	61501ea6-09d7-49d7-80c5-97426d1a761a
2026-08-04T08:32:17Z	fired	430000	61501ea6-09d7-49d7-80c5-97426d1a761a
2026-08-04T08:32:21Z	fired	430000	61501ea6-09d7-49d7-80c5-97426d1a761a
2026-08-04T08:32:58Z	fired	430000	61501ea6-09d7-49d7-80c5-97426d1a761a
2026-08-04T08:33:32Z	fired	430000	61501ea6-09d7-49d7-80c5-97426d1a761a
2026-08-04T08:35:52Z	fired	430000	61501ea6-09d7-49d7-80c5-97426d1a761a
2026-08-04T08:35:58Z	fired	430000	61501ea6-09d7-49d7-80c5-97426d1a761a
2026-08-04T08:39:03Z	fired	430000	61501ea6-09d7-49d7-80c5-97426d1a761a
2026-08-04T08:48:04Z	fired	440000	61501ea6-09d7-49d7-80c5-97426d1a761a
2026-08-04T08:55:24Z	fired	440000	61501ea6-09d7-49d7-80c5-97426d1a761a
2026-08-04T08:55:49Z	fired	440000	61501ea6-09d7-49d7-80c5-97426d1a761a
2026-08-04T08:56:33Z	fired	440000	61501ea6-09d7-49d7-80c5-97426d1a761a
2026-08-04T08:56:44Z	fired	440000	61501ea6-09d7-49d7-80c5-97426d1a761a
2026-08-04T08:56:48Z	fired	450000	61501ea6-09d7-49d7-80c5-97426d1a761a
2026-08-04T08:57:08Z	fired	450000	61501ea6-09d7-49d7-80c5-97426d1a761a
2026-08-04T08:57:29Z	fired	450000	61501ea6-09d7-49d7-80c5-97426d1a761a
2026-08-04T08:57:38Z	fired	450000	61501ea6-09d7-49d7-80c5-97426d1a761a
2026-08-04T08:57:44Z	fired	450000	61501ea6-09d7-49d7-80c5-97426d1a761a
2026-08-04T08:58:04Z	fired	460000	61501ea6-09d7-49d7-80c5-97426d1a761a
2026-08-04T08:58:27Z	fired	460000	61501ea6-09d7-49d7-80c5-97426d1a761a
2026-08-04T08:58:55Z	fired	460000	61501ea6-09d7-49d7-80c5-97426d1a761a
2026-08-04T09:00:15Z	fired	460000	61501ea6-09d7-49d7-80c5-97426d1a761a
2026-08-04T09:02:18Z	fired	460000	61501ea6-09d7-49d7-80c5-97426d1a761a
2026-08-04T09:02:32Z	fired	460000	61501ea6-09d7-49d7-80c5-97426d1a761a
2026-08-04T09:05:07Z	fired	460000	61501ea6-09d7-49d7-80c5-97426d1a761a
2026-08-04T09:07:21Z	fired	460000	61501ea6-09d7-49d7-80c5-97426d1a761a
2026-08-04T09:08:06Z	fired	470000	61501ea6-09d7-49d7-80c5-97426d1a761a
2026-08-04T09:14:53Z	fired	470000	61501ea6-09d7-49d7-80c5-97426d1a761a
2026-08-04T09:22:17Z	fired	470000	61501ea6-09d7-49d7-80c5-97426d1a761a
2026-08-04T09:22:26Z	fired	470000	61501ea6-09d7-49d7-80c5-97426d1a761a
2026-08-04T09:23:06Z	fired	470000	61501ea6-09d7-49d7-80c5-97426d1a761a
2026-08-04T09:23:35Z	fired	480000	61501ea6-09d7-49d7-80c5-97426d1a761a
2026-08-04T09:23:54Z	halt	480000	145000	61501ea6-09d7-49d7-80c5-97426d1a761a
2026-08-04T09:37:22Z	fired	150000	ed368bf0-88ec-447a-88ce-f186944169d1
2026-08-04T09:37:29Z	fired	150000	ed368bf0-88ec-447a-88ce-f186944169d1
2026-08-04T09:38:13Z	fired	150000	ed368bf0-88ec-447a-88ce-f186944169d1
2026-08-04T09:39:31Z	fired	150000	ed368bf0-88ec-447a-88ce-f186944169d1
2026-08-04T09:39:54Z	fired	160000	ed368bf0-88ec-447a-88ce-f186944169d1
2026-08-04T09:43:14Z	fired	160000	ed368bf0-88ec-447a-88ce-f186944169d1
2026-08-04T09:43:36Z	halt	160000	145000	ed368bf0-88ec-447a-88ce-f186944169d1
2026-08-04T09:52:53Z	fired	150000	a0901cc2-bbae-478b-9e71-c17b2b78958c
2026-08-04T09:52:54Z	fired	150000	a0901cc2-bbae-478b-9e71-c17b2b78958c
2026-08-04T09:53:02Z	fired	150000	a0901cc2-bbae-478b-9e71-c17b2b78958c
2026-08-04T09:53:17Z	fired	150000	a0901cc2-bbae-478b-9e71-c17b2b78958c
2026-08-04T09:53:31Z	fired	150000	a0901cc2-bbae-478b-9e71-c17b2b78958c
2026-08-04T09:53:36Z	fired	160000	a0901cc2-bbae-478b-9e71-c17b2b78958c
2026-08-04T09:53:40Z	fired	160000	a0901cc2-bbae-478b-9e71-c17b2b78958c
2026-08-04T09:53:49Z	fired	160000	a0901cc2-bbae-478b-9e71-c17b2b78958c
2026-08-04T09:54:25Z	fired	160000	a0901cc2-bbae-478b-9e71-c17b2b78958c
2026-08-04T09:54:59Z	fired	160000	a0901cc2-bbae-478b-9e71-c17b2b78958c
2026-08-04T09:55:31Z	fired	160000	a0901cc2-bbae-478b-9e71-c17b2b78958c
2026-08-04T09:55:51Z	halt	170000	145000	a0901cc2-bbae-478b-9e71-c17b2b78958c
2026-08-04T10:03:57Z	fired	150000	c70d4651-fb58-48a6-84e1-ef0c033077c3
2026-08-04T10:04:01Z	fired	150000	c70d4651-fb58-48a6-84e1-ef0c033077c3
2026-08-04T10:04:05Z	fired	150000	c70d4651-fb58-48a6-84e1-ef0c033077c3
2026-08-04T10:04:49Z	fired	150000	c70d4651-fb58-48a6-84e1-ef0c033077c3
2026-08-04T10:04:57Z	fired	160000	c70d4651-fb58-48a6-84e1-ef0c033077c3
2026-08-04T10:05:02Z	fired	160000	c70d4651-fb58-48a6-84e1-ef0c033077c3
2026-08-04T10:05:14Z	fired	160000	c70d4651-fb58-48a6-84e1-ef0c033077c3
2026-08-04T10:05:23Z	fired	160000	c70d4651-fb58-48a6-84e1-ef0c033077c3
2026-08-04T10:05:30Z	fired	160000	c70d4651-fb58-48a6-84e1-ef0c033077c3
2026-08-04T10:05:35Z	fired	160000	c70d4651-fb58-48a6-84e1-ef0c033077c3
2026-08-04T10:05:44Z	fired	160000	c70d4651-fb58-48a6-84e1-ef0c033077c3
2026-08-04T10:05:52Z	fired	160000	c70d4651-fb58-48a6-84e1-ef0c033077c3
2026-08-04T10:06:04Z	fired	170000	c70d4651-fb58-48a6-84e1-ef0c033077c3
2026-08-04T10:06:45Z	fired	170000	c70d4651-fb58-48a6-84e1-ef0c033077c3
2026-08-04T10:07:18Z	fired	170000	c70d4651-fb58-48a6-84e1-ef0c033077c3
2026-08-04T10:07:24Z	fired	170000	c70d4651-fb58-48a6-84e1-ef0c033077c3
2026-08-04T10:07:50Z	fired	170000	c70d4651-fb58-48a6-84e1-ef0c033077c3
2026-08-04T10:08:11Z	halt	180000	145000	c70d4651-fb58-48a6-84e1-ef0c033077c3
2026-08-04T10:15:43Z	fired	150000	886abb90-2941-45e7-a6c0-c5c5925e5a9e
2026-08-04T10:15:55Z	fired	150000	886abb90-2941-45e7-a6c0-c5c5925e5a9e
2026-08-04T10:16:01Z	fired	150000	886abb90-2941-45e7-a6c0-c5c5925e5a9e
2026-08-04T10:16:07Z	fired	150000	886abb90-2941-45e7-a6c0-c5c5925e5a9e
2026-08-04T10:16:20Z	fired	150000	886abb90-2941-45e7-a6c0-c5c5925e5a9e
2026-08-04T10:16:32Z	fired	150000	886abb90-2941-45e7-a6c0-c5c5925e5a9e
2026-08-04T10:16:39Z	fired	150000	886abb90-2941-45e7-a6c0-c5c5925e5a9e
2026-08-04T10:16:43Z	fired	160000	886abb90-2941-45e7-a6c0-c5c5925e5a9e
2026-08-04T10:16:48Z	fired	160000	886abb90-2941-45e7-a6c0-c5c5925e5a9e
2026-08-04T10:16:58Z	fired	160000	886abb90-2941-45e7-a6c0-c5c5925e5a9e
2026-08-04T10:17:03Z	fired	160000	886abb90-2941-45e7-a6c0-c5c5925e5a9e
2026-08-04T10:17:11Z	fired	160000	886abb90-2941-45e7-a6c0-c5c5925e5a9e
2026-08-04T10:17:25Z	fired	160000	886abb90-2941-45e7-a6c0-c5c5925e5a9e
2026-08-04T10:17:55Z	fired	160000	886abb90-2941-45e7-a6c0-c5c5925e5a9e
2026-08-04T10:18:05Z	fired	160000	886abb90-2941-45e7-a6c0-c5c5925e5a9e
2026-08-04T10:18:43Z	fired	170000	886abb90-2941-45e7-a6c0-c5c5925e5a9e
2026-08-04T10:18:47Z	fired	170000	886abb90-2941-45e7-a6c0-c5c5925e5a9e
2026-08-04T10:18:53Z	fired	170000	886abb90-2941-45e7-a6c0-c5c5925e5a9e
2026-08-04T10:19:13Z	fired	170000	886abb90-2941-45e7-a6c0-c5c5925e5a9e
2026-08-04T10:19:19Z	fired	170000	886abb90-2941-45e7-a6c0-c5c5925e5a9e
2026-08-04T10:19:38Z	halt	170000	145000	886abb90-2941-45e7-a6c0-c5c5925e5a9e
2026-08-04T10:26:38Z	fired	150000	8db0122a-288a-4490-afa4-77cf13992146
2026-08-04T10:27:42Z	fired	150000	8db0122a-288a-4490-afa4-77cf13992146
2026-08-04T10:27:47Z	fired	150000	8db0122a-288a-4490-afa4-77cf13992146
2026-08-04T10:27:50Z	fired	150000	8db0122a-288a-4490-afa4-77cf13992146
2026-08-04T10:28:04Z	fired	160000	8db0122a-288a-4490-afa4-77cf13992146
2026-08-04T10:28:12Z	fired	160000	8db0122a-288a-4490-afa4-77cf13992146
2026-08-04T10:28:16Z	fired	160000	8db0122a-288a-4490-afa4-77cf13992146
2026-08-04T10:28:23Z	fired	160000	8db0122a-288a-4490-afa4-77cf13992146
2026-08-04T10:28:30Z	fired	160000	8db0122a-288a-4490-afa4-77cf13992146
2026-08-04T10:29:11Z	fired	160000	8db0122a-288a-4490-afa4-77cf13992146
2026-08-04T10:29:41Z	fired	160000	8db0122a-288a-4490-afa4-77cf13992146
2026-08-04T10:30:15Z	fired	160000	8db0122a-288a-4490-afa4-77cf13992146
2026-08-04T10:30:33Z	halt	170000	145000	8db0122a-288a-4490-afa4-77cf13992146
2026-08-04T10:37:43Z	fired	150000	e87b780e-d0d5-4644-8eca-2664ca431583
2026-08-04T10:37:52Z	fired	150000	e87b780e-d0d5-4644-8eca-2664ca431583
2026-08-04T10:38:09Z	fired	150000	e87b780e-d0d5-4644-8eca-2664ca431583
2026-08-04T10:38:12Z	fired	150000	e87b780e-d0d5-4644-8eca-2664ca431583
2026-08-04T10:38:17Z	fired	150000	e87b780e-d0d5-4644-8eca-2664ca431583
2026-08-04T10:38:23Z	fired	150000	e87b780e-d0d5-4644-8eca-2664ca431583
2026-08-04T10:38:27Z	fired	150000	e87b780e-d0d5-4644-8eca-2664ca431583
2026-08-04T10:38:32Z	fired	160000	e87b780e-d0d5-4644-8eca-2664ca431583
2026-08-04T10:40:24Z	fired	160000	e87b780e-d0d5-4644-8eca-2664ca431583
2026-08-04T10:40:27Z	fired	160000	e87b780e-d0d5-4644-8eca-2664ca431583
2026-08-04T10:40:37Z	fired	160000	e87b780e-d0d5-4644-8eca-2664ca431583
2026-08-04T10:40:40Z	fired	160000	e87b780e-d0d5-4644-8eca-2664ca431583
2026-08-04T10:41:32Z	fired	160000	e87b780e-d0d5-4644-8eca-2664ca431583
2026-08-04T10:41:37Z	fired	160000	e87b780e-d0d5-4644-8eca-2664ca431583
2026-08-04T10:41:46Z	fired	160000	e87b780e-d0d5-4644-8eca-2664ca431583
2026-08-04T10:41:51Z	fired	160000	e87b780e-d0d5-4644-8eca-2664ca431583
2026-08-04T10:41:56Z	fired	160000	e87b780e-d0d5-4644-8eca-2664ca431583
2026-08-04T10:43:20Z	fired	160000	e87b780e-d0d5-4644-8eca-2664ca431583
2026-08-04T10:43:26Z	fired	160000	e87b780e-d0d5-4644-8eca-2664ca431583
2026-08-04T10:44:08Z	fired	160000	e87b780e-d0d5-4644-8eca-2664ca431583
2026-08-04T10:44:25Z	halt	160000	145000	e87b780e-d0d5-4644-8eca-2664ca431583
2026-08-04T10:57:47Z	fired	150000	e7e25ee5-d447-4b2f-a4a3-ebbc83476287
2026-08-04T10:57:54Z	fired	150000	e7e25ee5-d447-4b2f-a4a3-ebbc83476287
2026-08-04T10:57:58Z	fired	150000	e7e25ee5-d447-4b2f-a4a3-ebbc83476287
2026-08-04T10:58:07Z	fired	150000	e7e25ee5-d447-4b2f-a4a3-ebbc83476287
2026-08-04T10:58:49Z	fired	150000	e7e25ee5-d447-4b2f-a4a3-ebbc83476287
2026-08-04T10:59:07Z	halt	160000	145000	e7e25ee5-d447-4b2f-a4a3-ebbc83476287
2026-08-04T11:12:06Z	fired	150000	68c33fa3-79f6-42ab-9697-e4385af85f7f
2026-08-04T11:12:15Z	fired	150000	68c33fa3-79f6-42ab-9697-e4385af85f7f
2026-08-04T11:13:08Z	fired	150000	68c33fa3-79f6-42ab-9697-e4385af85f7f
2026-08-04T11:13:34Z	halt	150000	145000	68c33fa3-79f6-42ab-9697-e4385af85f7f
2026-08-04T11:31:59Z	fired	150000	0a8c40fc-3133-4892-af0e-03498c5695ab
2026-08-04T11:32:37Z	fired	150000	0a8c40fc-3133-4892-af0e-03498c5695ab
2026-08-04T11:32:57Z	halt	150000	145000	0a8c40fc-3133-4892-af0e-03498c5695ab
2026-08-04T11:40:33Z	fired	150000	b28bd6d7-854a-4a0c-b68e-3f5299ff69e6
2026-08-04T11:40:45Z	fired	150000	b28bd6d7-854a-4a0c-b68e-3f5299ff69e6
2026-08-04T11:40:50Z	fired	150000	b28bd6d7-854a-4a0c-b68e-3f5299ff69e6
2026-08-04T11:41:00Z	fired	150000	b28bd6d7-854a-4a0c-b68e-3f5299ff69e6
2026-08-04T11:41:07Z	fired	150000	b28bd6d7-854a-4a0c-b68e-3f5299ff69e6
2026-08-04T11:41:31Z	fired	150000	b28bd6d7-854a-4a0c-b68e-3f5299ff69e6
2026-08-04T11:41:39Z	fired	150000	b28bd6d7-854a-4a0c-b68e-3f5299ff69e6
2026-08-04T11:42:14Z	fired	150000	b28bd6d7-854a-4a0c-b68e-3f5299ff69e6
2026-08-04T11:42:20Z	fired	160000	b28bd6d7-854a-4a0c-b68e-3f5299ff69e6
2026-08-04T11:43:01Z	fired	160000	b28bd6d7-854a-4a0c-b68e-3f5299ff69e6
2026-08-04T11:43:19Z	halt	160000	145000	b28bd6d7-854a-4a0c-b68e-3f5299ff69e6
2026-08-04T12:00:41Z	fired	150000	29434096-c830-45f4-bd7d-9a965c16b41c
2026-08-04T12:01:55Z	fired	150000	29434096-c830-45f4-bd7d-9a965c16b41c
2026-08-04T12:02:34Z	fired	150000	29434096-c830-45f4-bd7d-9a965c16b41c
2026-08-04T12:02:51Z	halt	150000	145000	29434096-c830-45f4-bd7d-9a965c16b41c
2026-08-04T12:11:53Z	fired	150000	bfa01d82-074b-4751-887c-4f33d2d7c194
2026-08-04T12:12:04Z	fired	150000	bfa01d82-074b-4751-887c-4f33d2d7c194
2026-08-04T12:12:35Z	fired	150000	bfa01d82-074b-4751-887c-4f33d2d7c194
2026-08-04T12:13:10Z	fired	150000	bfa01d82-074b-4751-887c-4f33d2d7c194
2026-08-04T12:13:27Z	halt	150000	145000	bfa01d82-074b-4751-887c-4f33d2d7c194
2026-08-04T12:28:01Z	fired	150000	036372d5-bdd7-4b7a-a450-197a0b5350d3
2026-08-04T12:28:05Z	fired	150000	036372d5-bdd7-4b7a-a450-197a0b5350d3
2026-08-04T12:29:02Z	fired	150000	036372d5-bdd7-4b7a-a450-197a0b5350d3
2026-08-04T12:29:18Z	halt	150000	145000	036372d5-bdd7-4b7a-a450-197a0b5350d3
2026-08-04T12:42:43Z	fired	150000	33753cc5-b750-478b-8cb5-52b3836a95ef
2026-08-04T12:42:55Z	fired	160000	33753cc5-b750-478b-8cb5-52b3836a95ef
2026-08-04T12:43:29Z	fired	160000	33753cc5-b750-478b-8cb5-52b3836a95ef
2026-08-04T12:43:41Z	fired	160000	33753cc5-b750-478b-8cb5-52b3836a95ef
2026-08-04T12:43:58Z	halt	160000	145000	33753cc5-b750-478b-8cb5-52b3836a95ef
2026-08-04T12:51:30Z	fired	150000	0314e9be-0dfc-44dc-bb9d-45f9d2bb8556
2026-08-04T12:51:36Z	fired	150000	0314e9be-0dfc-44dc-bb9d-45f9d2bb8556
2026-08-04T12:51:41Z	fired	150000	0314e9be-0dfc-44dc-bb9d-45f9d2bb8556
2026-08-04T12:51:56Z	fired	150000	0314e9be-0dfc-44dc-bb9d-45f9d2bb8556
2026-08-04T12:52:00Z	fired	160000	0314e9be-0dfc-44dc-bb9d-45f9d2bb8556
2026-08-04T12:52:12Z	fired	160000	0314e9be-0dfc-44dc-bb9d-45f9d2bb8556
2026-08-04T12:52:31Z	fired	160000	0314e9be-0dfc-44dc-bb9d-45f9d2bb8556
2026-08-04T12:52:39Z	fired	160000	0314e9be-0dfc-44dc-bb9d-45f9d2bb8556
2026-08-04T12:52:52Z	fired	160000	0314e9be-0dfc-44dc-bb9d-45f9d2bb8556
2026-08-04T12:53:04Z	fired	160000	0314e9be-0dfc-44dc-bb9d-45f9d2bb8556
2026-08-04T12:53:09Z	fired	160000	0314e9be-0dfc-44dc-bb9d-45f9d2bb8556
2026-08-04T12:53:21Z	fired	170000	0314e9be-0dfc-44dc-bb9d-45f9d2bb8556
2026-08-04T12:53:39Z	fired	170000	0314e9be-0dfc-44dc-bb9d-45f9d2bb8556
2026-08-04T12:53:46Z	fired	170000	0314e9be-0dfc-44dc-bb9d-45f9d2bb8556
2026-08-04T12:53:53Z	fired	170000	0314e9be-0dfc-44dc-bb9d-45f9d2bb8556
2026-08-04T12:53:59Z	fired	170000	0314e9be-0dfc-44dc-bb9d-45f9d2bb8556
2026-08-04T12:54:05Z	fired	170000	0314e9be-0dfc-44dc-bb9d-45f9d2bb8556
2026-08-04T12:54:07Z	fired	170000	0314e9be-0dfc-44dc-bb9d-45f9d2bb8556
2026-08-04T12:54:51Z	fired	170000	0314e9be-0dfc-44dc-bb9d-45f9d2bb8556
2026-08-04T12:54:57Z	fired	170000	0314e9be-0dfc-44dc-bb9d-45f9d2bb8556
2026-08-04T12:55:14Z	halt	170000	145000	0314e9be-0dfc-44dc-bb9d-45f9d2bb8556
2026-08-04T13:02:55Z	fired	150000	a5b2448e-cec0-48da-8878-99f1e2b3126e
2026-08-04T13:03:11Z	fired	150000	a5b2448e-cec0-48da-8878-99f1e2b3126e
2026-08-04T13:03:17Z	fired	150000	a5b2448e-cec0-48da-8878-99f1e2b3126e
2026-08-04T13:04:03Z	fired	150000	a5b2448e-cec0-48da-8878-99f1e2b3126e
2026-08-04T13:04:22Z	halt	150000	145000	a5b2448e-cec0-48da-8878-99f1e2b3126e
2026-08-04T13:22:06Z	fired	150000	8dd5a063-0bea-4b98-b754-cda4295bab13
2026-08-04T13:22:55Z	fired	150000	8dd5a063-0bea-4b98-b754-cda4295bab13
2026-08-04T13:23:11Z	halt	150000	145000	8dd5a063-0bea-4b98-b754-cda4295bab13
2026-08-04T13:33:17Z	fired	150000	cf02b410-e56e-4f52-93e2-b73974473bcd
2026-08-04T13:33:18Z	fired	150000	cf02b410-e56e-4f52-93e2-b73974473bcd
2026-08-04T13:34:17Z	fired	160000	cf02b410-e56e-4f52-93e2-b73974473bcd
2026-08-04T13:34:26Z	fired	160000	cf02b410-e56e-4f52-93e2-b73974473bcd
2026-08-04T13:34:34Z	fired	160000	cf02b410-e56e-4f52-93e2-b73974473bcd
2026-08-04T13:34:38Z	fired	160000	cf02b410-e56e-4f52-93e2-b73974473bcd
2026-08-04T13:35:41Z	fired	160000	cf02b410-e56e-4f52-93e2-b73974473bcd
2026-08-04T13:35:45Z	fired	160000	cf02b410-e56e-4f52-93e2-b73974473bcd
2026-08-04T13:35:57Z	fired	170000	cf02b410-e56e-4f52-93e2-b73974473bcd
2026-08-04T13:36:18Z	halt	170000	145000	cf02b410-e56e-4f52-93e2-b73974473bcd
2026-08-04T13:44:29Z	fired	150000	33926cda-cc85-46f8-8705-f0ba1c852643
2026-08-04T13:44:40Z	fired	150000	33926cda-cc85-46f8-8705-f0ba1c852643
2026-08-04T13:45:25Z	fired	150000	33926cda-cc85-46f8-8705-f0ba1c852643
2026-08-04T13:45:33Z	fired	150000	33926cda-cc85-46f8-8705-f0ba1c852643
2026-08-04T13:45:39Z	fired	160000	33926cda-cc85-46f8-8705-f0ba1c852643
2026-08-04T13:45:41Z	fired	160000	33926cda-cc85-46f8-8705-f0ba1c852643
2026-08-04T13:45:47Z	fired	160000	33926cda-cc85-46f8-8705-f0ba1c852643
2026-08-04T13:45:49Z	fired	160000	33926cda-cc85-46f8-8705-f0ba1c852643
2026-08-04T13:46:01Z	fired	160000	33926cda-cc85-46f8-8705-f0ba1c852643
2026-08-04T13:46:12Z	fired	160000	33926cda-cc85-46f8-8705-f0ba1c852643
2026-08-04T13:46:31Z	fired	160000	33926cda-cc85-46f8-8705-f0ba1c852643
2026-08-04T13:46:36Z	fired	160000	33926cda-cc85-46f8-8705-f0ba1c852643
2026-08-04T13:46:37Z	fired	160000	33926cda-cc85-46f8-8705-f0ba1c852643
2026-08-04T13:46:46Z	fired	160000	33926cda-cc85-46f8-8705-f0ba1c852643
2026-08-04T13:46:52Z	fired	160000	33926cda-cc85-46f8-8705-f0ba1c852643
2026-08-04T13:46:54Z	fired	160000	33926cda-cc85-46f8-8705-f0ba1c852643
2026-08-04T13:47:01Z	fired	160000	33926cda-cc85-46f8-8705-f0ba1c852643
2026-08-04T13:47:04Z	fired	160000	33926cda-cc85-46f8-8705-f0ba1c852643
2026-08-04T13:47:10Z	fired	170000	33926cda-cc85-46f8-8705-f0ba1c852643
2026-08-04T13:47:17Z	fired	170000	33926cda-cc85-46f8-8705-f0ba1c852643
2026-08-04T13:47:24Z	fired	170000	33926cda-cc85-46f8-8705-f0ba1c852643
2026-08-04T13:47:32Z	fired	170000	33926cda-cc85-46f8-8705-f0ba1c852643
2026-08-04T13:47:42Z	fired	170000	33926cda-cc85-46f8-8705-f0ba1c852643
2026-08-04T13:47:45Z	fired	170000	33926cda-cc85-46f8-8705-f0ba1c852643
2026-08-04T13:47:51Z	fired	170000	33926cda-cc85-46f8-8705-f0ba1c852643
2026-08-04T13:47:53Z	fired	170000	33926cda-cc85-46f8-8705-f0ba1c852643
2026-08-04T13:47:58Z	fired	170000	33926cda-cc85-46f8-8705-f0ba1c852643
2026-08-04T13:48:03Z	fired	170000	33926cda-cc85-46f8-8705-f0ba1c852643
2026-08-04T13:48:14Z	fired	170000	33926cda-cc85-46f8-8705-f0ba1c852643
2026-08-04T13:48:17Z	fired	170000	33926cda-cc85-46f8-8705-f0ba1c852643
2026-08-04T13:48:28Z	fired	170000	33926cda-cc85-46f8-8705-f0ba1c852643
2026-08-04T13:48:47Z	fired	180000	33926cda-cc85-46f8-8705-f0ba1c852643
2026-08-04T13:48:56Z	fired	180000	33926cda-cc85-46f8-8705-f0ba1c852643
2026-08-04T13:49:06Z	fired	180000	33926cda-cc85-46f8-8705-f0ba1c852643
2026-08-04T13:49:12Z	fired	180000	33926cda-cc85-46f8-8705-f0ba1c852643
2026-08-04T13:49:56Z	fired	180000	33926cda-cc85-46f8-8705-f0ba1c852643
2026-08-04T13:50:00Z	fired	180000	33926cda-cc85-46f8-8705-f0ba1c852643
2026-08-04T13:50:41Z	fired	180000	33926cda-cc85-46f8-8705-f0ba1c852643
2026-08-04T13:51:00Z	halt	190000	145000	33926cda-cc85-46f8-8705-f0ba1c852643
2026-08-04T14:01:31Z	fired	150000	e442825b-bf60-4d99-925f-22074bb6c390
2026-08-04T14:01:36Z	fired	150000	e442825b-bf60-4d99-925f-22074bb6c390
2026-08-04T14:01:46Z	fired	150000	e442825b-bf60-4d99-925f-22074bb6c390
2026-08-04T14:01:48Z	fired	150000	e442825b-bf60-4d99-925f-22074bb6c390
2026-08-04T14:02:06Z	fired	150000	e442825b-bf60-4d99-925f-22074bb6c390
2026-08-04T14:02:10Z	fired	150000	e442825b-bf60-4d99-925f-22074bb6c390
2026-08-04T14:03:07Z	fired	160000	e442825b-bf60-4d99-925f-22074bb6c390
2026-08-04T14:03:12Z	fired	160000	e442825b-bf60-4d99-925f-22074bb6c390
2026-08-04T14:03:55Z	fired	160000	e442825b-bf60-4d99-925f-22074bb6c390
2026-08-04T14:04:16Z	halt	160000	145000	e442825b-bf60-4d99-925f-22074bb6c390
2026-08-04T14:15:10Z	fired	150000	e3bebf75-f7a1-40bd-96d4-daa3f8f27156
2026-08-04T14:15:23Z	fired	160000	e3bebf75-f7a1-40bd-96d4-daa3f8f27156
2026-08-04T14:15:27Z	fired	160000	e3bebf75-f7a1-40bd-96d4-daa3f8f27156
2026-08-04T14:15:31Z	fired	160000	e3bebf75-f7a1-40bd-96d4-daa3f8f27156
2026-08-04T14:15:37Z	fired	160000	e3bebf75-f7a1-40bd-96d4-daa3f8f27156
2026-08-04T14:15:54Z	fired	160000	e3bebf75-f7a1-40bd-96d4-daa3f8f27156
2026-08-04T14:15:59Z	fired	160000	e3bebf75-f7a1-40bd-96d4-daa3f8f27156
2026-08-04T14:16:26Z	fired	160000	e3bebf75-f7a1-40bd-96d4-daa3f8f27156
2026-08-04T14:17:11Z	fired	160000	e3bebf75-f7a1-40bd-96d4-daa3f8f27156
2026-08-04T14:17:40Z	fired	170000	e3bebf75-f7a1-40bd-96d4-daa3f8f27156
2026-08-04T14:18:01Z	halt	170000	145000	e3bebf75-f7a1-40bd-96d4-daa3f8f27156
2026-08-04T14:27:37Z	fired	150000	bf9e89c9-42cb-4db4-bad0-0aeeee58ba59
2026-08-04T14:28:19Z	fired	150000	bf9e89c9-42cb-4db4-bad0-0aeeee58ba59
2026-08-04T14:29:07Z	fired	160000	bf9e89c9-42cb-4db4-bad0-0aeeee58ba59
2026-08-04T14:29:28Z	fired	160000	bf9e89c9-42cb-4db4-bad0-0aeeee58ba59
2026-08-04T14:29:34Z	fired	170000	bf9e89c9-42cb-4db4-bad0-0aeeee58ba59
2026-08-04T14:29:56Z	halt	170000	145000	bf9e89c9-42cb-4db4-bad0-0aeeee58ba59
2026-08-04T14:38:19Z	fired	150000	7bd37597-a02d-41bb-a53c-d52f1b0f6243
2026-08-04T14:38:56Z	fired	150000	7bd37597-a02d-41bb-a53c-d52f1b0f6243
2026-08-04T14:39:39Z	fired	150000	7bd37597-a02d-41bb-a53c-d52f1b0f6243
2026-08-04T14:39:58Z	halt	150000	145000	7bd37597-a02d-41bb-a53c-d52f1b0f6243
2026-08-04T14:46:44Z	fired	150000	3630f8b0-00c8-4327-8b51-753771af1be1
2026-08-04T14:47:02Z	fired	150000	3630f8b0-00c8-4327-8b51-753771af1be1
2026-08-04T14:47:06Z	fired	150000	3630f8b0-00c8-4327-8b51-753771af1be1
2026-08-04T14:47:12Z	fired	150000	3630f8b0-00c8-4327-8b51-753771af1be1
2026-08-04T14:47:19Z	fired	150000	3630f8b0-00c8-4327-8b51-753771af1be1
2026-08-04T14:47:26Z	fired	150000	3630f8b0-00c8-4327-8b51-753771af1be1
2026-08-04T14:47:33Z	fired	150000	3630f8b0-00c8-4327-8b51-753771af1be1
2026-08-04T14:47:46Z	fired	150000	3630f8b0-00c8-4327-8b51-753771af1be1
2026-08-04T14:48:00Z	fired	150000	3630f8b0-00c8-4327-8b51-753771af1be1
2026-08-04T14:48:07Z	fired	150000	3630f8b0-00c8-4327-8b51-753771af1be1
2026-08-04T14:48:12Z	fired	150000	3630f8b0-00c8-4327-8b51-753771af1be1
2026-08-04T14:48:18Z	fired	150000	3630f8b0-00c8-4327-8b51-753771af1be1
2026-08-04T14:48:30Z	fired	160000	3630f8b0-00c8-4327-8b51-753771af1be1
2026-08-04T14:48:38Z	fired	160000	3630f8b0-00c8-4327-8b51-753771af1be1
2026-08-04T14:48:42Z	fired	160000	3630f8b0-00c8-4327-8b51-753771af1be1
2026-08-04T14:49:02Z	fired	160000	3630f8b0-00c8-4327-8b51-753771af1be1
2026-08-04T14:49:09Z	fired	160000	3630f8b0-00c8-4327-8b51-753771af1be1
2026-08-04T14:49:48Z	fired	160000	3630f8b0-00c8-4327-8b51-753771af1be1
2026-08-04T14:50:03Z	halt	160000	145000	3630f8b0-00c8-4327-8b51-753771af1be1
2026-08-04T15:00:41Z	fired	150000	aa1f5bcd-4edd-46b5-9a5a-4db2fc5e82a6
2026-08-04T15:00:51Z	fired	160000	aa1f5bcd-4edd-46b5-9a5a-4db2fc5e82a6
2026-08-04T15:00:58Z	fired	160000	aa1f5bcd-4edd-46b5-9a5a-4db2fc5e82a6
2026-08-04T15:01:10Z	fired	160000	aa1f5bcd-4edd-46b5-9a5a-4db2fc5e82a6
2026-08-04T15:01:49Z	fired	160000	aa1f5bcd-4edd-46b5-9a5a-4db2fc5e82a6
2026-08-04T15:02:07Z	halt	160000	145000	aa1f5bcd-4edd-46b5-9a5a-4db2fc5e82a6
2026-08-04T15:09:12Z	fired	150000	ea9e025f-5468-4731-babd-ecf74685b72d
2026-08-04T15:09:26Z	fired	150000	ea9e025f-5468-4731-babd-ecf74685b72d
2026-08-04T15:10:04Z	fired	150000	ea9e025f-5468-4731-babd-ecf74685b72d
2026-08-04T15:10:31Z	halt	150000	145000	ea9e025f-5468-4731-babd-ecf74685b72d
2026-08-04T15:18:17Z	fired	150000	5a18e9c6-c57d-470a-ad5c-1729069a7481
2026-08-04T15:18:27Z	fired	150000	5a18e9c6-c57d-470a-ad5c-1729069a7481
2026-08-04T15:18:32Z	fired	150000	5a18e9c6-c57d-470a-ad5c-1729069a7481
2026-08-04T15:18:40Z	fired	150000	5a18e9c6-c57d-470a-ad5c-1729069a7481
2026-08-04T15:18:44Z	fired	150000	5a18e9c6-c57d-470a-ad5c-1729069a7481
2026-08-04T15:18:53Z	fired	150000	5a18e9c6-c57d-470a-ad5c-1729069a7481
2026-08-04T15:19:08Z	fired	150000	5a18e9c6-c57d-470a-ad5c-1729069a7481
2026-08-04T15:19:46Z	fired	150000	5a18e9c6-c57d-470a-ad5c-1729069a7481
2026-08-04T15:20:03Z	halt	150000	145000	5a18e9c6-c57d-470a-ad5c-1729069a7481
2026-08-04T15:28:28Z	fired	150000	ddeb9150-2ef5-4c76-ab0c-1b14ebe8b791
2026-08-04T15:28:35Z	fired	150000	ddeb9150-2ef5-4c76-ab0c-1b14ebe8b791
2026-08-04T15:28:42Z	fired	150000	ddeb9150-2ef5-4c76-ab0c-1b14ebe8b791
2026-08-04T15:28:49Z	fired	150000	ddeb9150-2ef5-4c76-ab0c-1b14ebe8b791
2026-08-04T15:28:54Z	fired	150000	ddeb9150-2ef5-4c76-ab0c-1b14ebe8b791
2026-08-04T15:29:21Z	fired	150000	ddeb9150-2ef5-4c76-ab0c-1b14ebe8b791
2026-08-04T15:29:26Z	fired	160000	ddeb9150-2ef5-4c76-ab0c-1b14ebe8b791
2026-08-04T15:30:27Z	fired	160000	ddeb9150-2ef5-4c76-ab0c-1b14ebe8b791
2026-08-04T15:30:36Z	fired	160000	ddeb9150-2ef5-4c76-ab0c-1b14ebe8b791
2026-08-04T15:30:41Z	fired	160000	ddeb9150-2ef5-4c76-ab0c-1b14ebe8b791
2026-08-04T15:31:50Z	fired	160000	ddeb9150-2ef5-4c76-ab0c-1b14ebe8b791
2026-08-04T15:32:04Z	fired	160000	ddeb9150-2ef5-4c76-ab0c-1b14ebe8b791
2026-08-04T15:32:10Z	fired	160000	ddeb9150-2ef5-4c76-ab0c-1b14ebe8b791
2026-08-04T15:32:14Z	fired	160000	ddeb9150-2ef5-4c76-ab0c-1b14ebe8b791
2026-08-04T15:32:30Z	fired	160000	ddeb9150-2ef5-4c76-ab0c-1b14ebe8b791
2026-08-04T15:32:44Z	fired	170000	ddeb9150-2ef5-4c76-ab0c-1b14ebe8b791
2026-08-04T15:34:45Z	fired	170000	ddeb9150-2ef5-4c76-ab0c-1b14ebe8b791
2026-08-04T15:35:22Z	fired	170000	ddeb9150-2ef5-4c76-ab0c-1b14ebe8b791
2026-08-04T15:35:39Z	halt	170000	145000	ddeb9150-2ef5-4c76-ab0c-1b14ebe8b791
2026-08-04T15:42:02Z	fired	150000	85b927e3-d07f-42fb-83de-26f0fb01236f
2026-08-04T15:42:16Z	fired	150000	85b927e3-d07f-42fb-83de-26f0fb01236f
2026-08-04T15:42:22Z	fired	150000	85b927e3-d07f-42fb-83de-26f0fb01236f
2026-08-04T15:42:41Z	fired	150000	85b927e3-d07f-42fb-83de-26f0fb01236f
2026-08-04T15:43:26Z	fired	150000	85b927e3-d07f-42fb-83de-26f0fb01236f
2026-08-04T15:43:43Z	halt	150000	145000	85b927e3-d07f-42fb-83de-26f0fb01236f
2026-08-04T15:49:31Z	fired	150000	1a3a928a-3556-4b10-8f62-316c779237d1
2026-08-04T15:50:05Z	fired	150000	1a3a928a-3556-4b10-8f62-316c779237d1
2026-08-04T15:50:11Z	fired	150000	1a3a928a-3556-4b10-8f62-316c779237d1
2026-08-04T15:50:19Z	fired	150000	1a3a928a-3556-4b10-8f62-316c779237d1
2026-08-04T15:50:24Z	fired	150000	1a3a928a-3556-4b10-8f62-316c779237d1
2026-08-04T15:50:32Z	fired	150000	1a3a928a-3556-4b10-8f62-316c779237d1
2026-08-04T15:50:39Z	fired	150000	1a3a928a-3556-4b10-8f62-316c779237d1
2026-08-04T15:50:44Z	fired	150000	1a3a928a-3556-4b10-8f62-316c779237d1
2026-08-04T15:50:52Z	fired	150000	1a3a928a-3556-4b10-8f62-316c779237d1
2026-08-04T15:51:04Z	fired	150000	1a3a928a-3556-4b10-8f62-316c779237d1
2026-08-04T15:51:15Z	fired	160000	1a3a928a-3556-4b10-8f62-316c779237d1
2026-08-04T15:51:28Z	fired	160000	1a3a928a-3556-4b10-8f62-316c779237d1
2026-08-04T15:51:34Z	fired	160000	1a3a928a-3556-4b10-8f62-316c779237d1
2026-08-04T15:52:08Z	fired	160000	1a3a928a-3556-4b10-8f62-316c779237d1
2026-08-04T15:52:27Z	halt	160000	145000	1a3a928a-3556-4b10-8f62-316c779237d1
2026-08-04T15:58:49Z	fired	150000	849f8a63-401a-431c-8884-dcb70d9d046d
2026-08-04T15:58:58Z	fired	150000	849f8a63-401a-431c-8884-dcb70d9d046d
2026-08-04T15:59:02Z	fired	150000	849f8a63-401a-431c-8884-dcb70d9d046d
2026-08-04T15:59:05Z	fired	150000	849f8a63-401a-431c-8884-dcb70d9d046d
2026-08-04T15:59:13Z	fired	150000	849f8a63-401a-431c-8884-dcb70d9d046d
2026-08-04T15:59:20Z	fired	150000	849f8a63-401a-431c-8884-dcb70d9d046d
2026-08-04T15:59:24Z	fired	150000	849f8a63-401a-431c-8884-dcb70d9d046d
2026-08-04T15:59:28Z	fired	150000	849f8a63-401a-431c-8884-dcb70d9d046d
2026-08-04T15:59:42Z	fired	160000	849f8a63-401a-431c-8884-dcb70d9d046d
2026-08-04T16:00:17Z	fired	160000	849f8a63-401a-431c-8884-dcb70d9d046d
2026-08-04T16:00:34Z	halt	160000	145000	849f8a63-401a-431c-8884-dcb70d9d046d
2026-08-04T16:05:49Z	fired	150000	839af395-84ef-4087-9272-041c3c70e5fb
2026-08-04T16:06:06Z	fired	150000	839af395-84ef-4087-9272-041c3c70e5fb
2026-08-04T16:06:32Z	fired	150000	839af395-84ef-4087-9272-041c3c70e5fb
2026-08-04T16:06:44Z	fired	150000	839af395-84ef-4087-9272-041c3c70e5fb
2026-08-04T16:06:51Z	fired	150000	839af395-84ef-4087-9272-041c3c70e5fb
2026-08-04T16:06:55Z	fired	150000	839af395-84ef-4087-9272-041c3c70e5fb
2026-08-04T16:07:29Z	fired	150000	839af395-84ef-4087-9272-041c3c70e5fb
2026-08-04T16:07:35Z	fired	150000	839af395-84ef-4087-9272-041c3c70e5fb
2026-08-04T16:07:38Z	fired	150000	839af395-84ef-4087-9272-041c3c70e5fb
2026-08-04T16:07:57Z	fired	160000	839af395-84ef-4087-9272-041c3c70e5fb
2026-08-04T16:08:02Z	fired	160000	839af395-84ef-4087-9272-041c3c70e5fb
2026-08-04T16:08:44Z	fired	160000	839af395-84ef-4087-9272-041c3c70e5fb
2026-08-04T16:09:04Z	halt	160000	145000	839af395-84ef-4087-9272-041c3c70e5fb
2026-08-04T16:17:03Z	fired	150000	02a2a70f-e994-46b2-98a9-ecfe3b3ac734
2026-08-04T16:17:07Z	fired	150000	02a2a70f-e994-46b2-98a9-ecfe3b3ac734
2026-08-04T16:18:02Z	fired	150000	02a2a70f-e994-46b2-98a9-ecfe3b3ac734
2026-08-04T16:19:08Z	fired	160000	02a2a70f-e994-46b2-98a9-ecfe3b3ac734
2026-08-04T16:19:31Z	halt	160000	145000	02a2a70f-e994-46b2-98a9-ecfe3b3ac734
2026-08-04T16:25:44Z	fired	150000	c36c1de3-c1c5-4c0d-a1bc-09d00e1b703b
2026-08-04T16:25:51Z	fired	150000	c36c1de3-c1c5-4c0d-a1bc-09d00e1b703b
2026-08-04T16:25:54Z	fired	150000	c36c1de3-c1c5-4c0d-a1bc-09d00e1b703b
2026-08-04T16:26:22Z	fired	150000	c36c1de3-c1c5-4c0d-a1bc-09d00e1b703b
2026-08-04T16:26:49Z	fired	150000	c36c1de3-c1c5-4c0d-a1bc-09d00e1b703b
2026-08-04T16:26:57Z	fired	150000	c36c1de3-c1c5-4c0d-a1bc-09d00e1b703b
2026-08-04T16:27:16Z	fired	160000	c36c1de3-c1c5-4c0d-a1bc-09d00e1b703b
2026-08-04T16:27:54Z	fired	160000	c36c1de3-c1c5-4c0d-a1bc-09d00e1b703b
2026-08-04T16:28:13Z	halt	160000	145000	c36c1de3-c1c5-4c0d-a1bc-09d00e1b703b
2026-08-04T16:39:08Z	fired	150000	ad772251-46ff-474e-873a-8cc26d4a6ab7
2026-08-04T16:39:29Z	fired	150000	ad772251-46ff-474e-873a-8cc26d4a6ab7
2026-08-04T16:40:43Z	fired	150000	ad772251-46ff-474e-873a-8cc26d4a6ab7
2026-08-04T16:41:02Z	halt	150000	145000	ad772251-46ff-474e-873a-8cc26d4a6ab7
2026-08-04T16:49:19Z	fired	150000	765087cc-216c-4ab6-a286-52115081e74a
2026-08-04T16:49:19Z	fired	150000	765087cc-216c-4ab6-a286-52115081e74a
2026-08-04T16:50:09Z	fired	150000	765087cc-216c-4ab6-a286-52115081e74a
2026-08-04T16:50:27Z	halt	150000	145000	765087cc-216c-4ab6-a286-52115081e74a
2026-08-04T17:00:47Z	fired	150000	c13bed6a-d7af-4335-b34f-1e8f52e83aa4
2026-08-04T17:00:52Z	fired	150000	c13bed6a-d7af-4335-b34f-1e8f52e83aa4
2026-08-04T17:00:56Z	fired	150000	c13bed6a-d7af-4335-b34f-1e8f52e83aa4
2026-08-04T17:01:01Z	fired	150000	c13bed6a-d7af-4335-b34f-1e8f52e83aa4
2026-08-04T17:01:20Z	fired	150000	c13bed6a-d7af-4335-b34f-1e8f52e83aa4
2026-08-04T17:02:16Z	fired	150000	c13bed6a-d7af-4335-b34f-1e8f52e83aa4
2026-08-04T17:02:34Z	halt	150000	145000	c13bed6a-d7af-4335-b34f-1e8f52e83aa4
2026-08-04T17:26:07Z	fired	150000	293065a0-45e6-4ca6-beb1-b1a6a32586a4
2026-08-04T17:26:14Z	fired	150000	293065a0-45e6-4ca6-beb1-b1a6a32586a4
2026-08-04T17:26:21Z	fired	150000	293065a0-45e6-4ca6-beb1-b1a6a32586a4
2026-08-04T17:26:27Z	fired	150000	293065a0-45e6-4ca6-beb1-b1a6a32586a4
2026-08-04T17:26:38Z	fired	150000	293065a0-45e6-4ca6-beb1-b1a6a32586a4
2026-08-04T17:26:48Z	fired	150000	293065a0-45e6-4ca6-beb1-b1a6a32586a4
2026-08-04T17:26:59Z	fired	150000	293065a0-45e6-4ca6-beb1-b1a6a32586a4
2026-08-04T17:27:06Z	fired	150000	293065a0-45e6-4ca6-beb1-b1a6a32586a4
2026-08-04T17:27:26Z	fired	150000	293065a0-45e6-4ca6-beb1-b1a6a32586a4
2026-08-04T17:29:33Z	fired	150000	293065a0-45e6-4ca6-beb1-b1a6a32586a4
2026-08-04T17:29:40Z	fired	160000	293065a0-45e6-4ca6-beb1-b1a6a32586a4
2026-08-04T17:29:53Z	fired	160000	293065a0-45e6-4ca6-beb1-b1a6a32586a4
2026-08-04T17:30:01Z	fired	160000	293065a0-45e6-4ca6-beb1-b1a6a32586a4
2026-08-04T17:30:52Z	fired	160000	293065a0-45e6-4ca6-beb1-b1a6a32586a4
2026-08-04T17:31:11Z	halt	160000	145000	293065a0-45e6-4ca6-beb1-b1a6a32586a4
2026-08-04T17:41:03Z	fired	150000	453b3b2a-3ae3-4f1a-9c5a-2927597a4895
2026-08-04T17:41:19Z	fired	150000	453b3b2a-3ae3-4f1a-9c5a-2927597a4895
2026-08-04T17:41:32Z	fired	150000	453b3b2a-3ae3-4f1a-9c5a-2927597a4895
2026-08-04T17:41:44Z	fired	150000	453b3b2a-3ae3-4f1a-9c5a-2927597a4895
2026-08-04T17:41:55Z	fired	150000	453b3b2a-3ae3-4f1a-9c5a-2927597a4895
2026-08-04T17:42:01Z	fired	160000	453b3b2a-3ae3-4f1a-9c5a-2927597a4895
2026-08-04T17:42:12Z	fired	160000	453b3b2a-3ae3-4f1a-9c5a-2927597a4895
2026-08-04T17:42:20Z	fired	160000	453b3b2a-3ae3-4f1a-9c5a-2927597a4895
2026-08-04T17:42:26Z	fired	160000	453b3b2a-3ae3-4f1a-9c5a-2927597a4895
2026-08-04T17:42:29Z	fired	160000	453b3b2a-3ae3-4f1a-9c5a-2927597a4895
2026-08-04T17:44:01Z	fired	170000	453b3b2a-3ae3-4f1a-9c5a-2927597a4895
2026-08-04T17:44:18Z	fired	180000	453b3b2a-3ae3-4f1a-9c5a-2927597a4895
2026-08-04T17:44:23Z	fired	180000	453b3b2a-3ae3-4f1a-9c5a-2927597a4895
2026-08-04T17:44:34Z	fired	180000	453b3b2a-3ae3-4f1a-9c5a-2927597a4895
2026-08-04T17:44:50Z	fired	180000	453b3b2a-3ae3-4f1a-9c5a-2927597a4895
2026-08-04T17:44:58Z	fired	180000	453b3b2a-3ae3-4f1a-9c5a-2927597a4895
2026-08-04T17:45:04Z	fired	180000	453b3b2a-3ae3-4f1a-9c5a-2927597a4895
2026-08-04T17:47:00Z	fired	180000	453b3b2a-3ae3-4f1a-9c5a-2927597a4895
2026-08-04T17:47:07Z	fired	190000	453b3b2a-3ae3-4f1a-9c5a-2927597a4895
2026-08-04T17:47:44Z	fired	190000	453b3b2a-3ae3-4f1a-9c5a-2927597a4895
2026-08-04T17:48:03Z	halt	190000	145000	453b3b2a-3ae3-4f1a-9c5a-2927597a4895
2026-08-04T17:59:35Z	fired	150000	78eedbb9-3b34-47fb-9fc9-c95f5964d28e
2026-08-04T17:59:59Z	fired	150000	78eedbb9-3b34-47fb-9fc9-c95f5964d28e
2026-08-04T18:00:03Z	fired	150000	78eedbb9-3b34-47fb-9fc9-c95f5964d28e
2026-08-04T18:00:07Z	fired	150000	78eedbb9-3b34-47fb-9fc9-c95f5964d28e
2026-08-04T18:00:23Z	fired	150000	78eedbb9-3b34-47fb-9fc9-c95f5964d28e
2026-08-04T18:00:27Z	fired	150000	78eedbb9-3b34-47fb-9fc9-c95f5964d28e
2026-08-04T18:00:30Z	fired	150000	78eedbb9-3b34-47fb-9fc9-c95f5964d28e
2026-08-04T18:00:38Z	fired	160000	78eedbb9-3b34-47fb-9fc9-c95f5964d28e
2026-08-04T18:00:44Z	fired	160000	78eedbb9-3b34-47fb-9fc9-c95f5964d28e
2026-08-04T18:00:47Z	fired	160000	78eedbb9-3b34-47fb-9fc9-c95f5964d28e
2026-08-04T18:01:00Z	fired	160000	78eedbb9-3b34-47fb-9fc9-c95f5964d28e
2026-08-04T18:02:58Z	fired	160000	78eedbb9-3b34-47fb-9fc9-c95f5964d28e
2026-08-04T18:03:36Z	fired	160000	78eedbb9-3b34-47fb-9fc9-c95f5964d28e
2026-08-04T18:03:54Z	halt	160000	145000	78eedbb9-3b34-47fb-9fc9-c95f5964d28e
2026-08-04T18:12:16Z	fired	150000	f6700ba8-a885-45e4-b2eb-090ffbccbea4
2026-08-04T18:12:28Z	fired	150000	f6700ba8-a885-45e4-b2eb-090ffbccbea4
2026-08-04T18:12:32Z	fired	150000	f6700ba8-a885-45e4-b2eb-090ffbccbea4
2026-08-04T18:12:38Z	fired	150000	f6700ba8-a885-45e4-b2eb-090ffbccbea4
2026-08-04T18:13:06Z	fired	150000	f6700ba8-a885-45e4-b2eb-090ffbccbea4
2026-08-04T18:13:13Z	fired	160000	f6700ba8-a885-45e4-b2eb-090ffbccbea4
2026-08-04T18:13:27Z	fired	160000	f6700ba8-a885-45e4-b2eb-090ffbccbea4
2026-08-04T18:13:39Z	fired	160000	f6700ba8-a885-45e4-b2eb-090ffbccbea4
2026-08-04T18:13:44Z	fired	160000	f6700ba8-a885-45e4-b2eb-090ffbccbea4
2026-08-04T18:13:53Z	fired	160000	f6700ba8-a885-45e4-b2eb-090ffbccbea4
2026-08-04T18:14:02Z	fired	160000	f6700ba8-a885-45e4-b2eb-090ffbccbea4
2026-08-04T18:14:12Z	fired	160000	f6700ba8-a885-45e4-b2eb-090ffbccbea4
2026-08-04T18:14:30Z	fired	160000	f6700ba8-a885-45e4-b2eb-090ffbccbea4
2026-08-04T18:14:47Z	fired	160000	f6700ba8-a885-45e4-b2eb-090ffbccbea4
2026-08-04T18:14:54Z	fired	160000	f6700ba8-a885-45e4-b2eb-090ffbccbea4
2026-08-04T18:15:08Z	fired	160000	f6700ba8-a885-45e4-b2eb-090ffbccbea4
2026-08-04T18:15:38Z	fired	160000	f6700ba8-a885-45e4-b2eb-090ffbccbea4
2026-08-04T18:15:41Z	fired	160000	f6700ba8-a885-45e4-b2eb-090ffbccbea4
2026-08-04T18:15:47Z	fired	170000	f6700ba8-a885-45e4-b2eb-090ffbccbea4
2026-08-04T18:15:55Z	fired	170000	f6700ba8-a885-45e4-b2eb-090ffbccbea4
2026-08-04T18:17:55Z	fired	170000	f6700ba8-a885-45e4-b2eb-090ffbccbea4
2026-08-04T18:18:19Z	fired	170000	f6700ba8-a885-45e4-b2eb-090ffbccbea4
2026-08-04T18:18:28Z	fired	170000	f6700ba8-a885-45e4-b2eb-090ffbccbea4
2026-08-04T18:20:26Z	fired	170000	f6700ba8-a885-45e4-b2eb-090ffbccbea4
2026-08-04T18:20:51Z	fired	170000	f6700ba8-a885-45e4-b2eb-090ffbccbea4
2026-08-04T18:21:05Z	fired	170000	f6700ba8-a885-45e4-b2eb-090ffbccbea4
2026-08-04T18:21:10Z	fired	170000	f6700ba8-a885-45e4-b2eb-090ffbccbea4
2026-08-04T18:21:18Z	fired	180000	f6700ba8-a885-45e4-b2eb-090ffbccbea4
2026-08-04T18:21:27Z	fired	180000	f6700ba8-a885-45e4-b2eb-090ffbccbea4
2026-08-04T18:21:31Z	fired	180000	f6700ba8-a885-45e4-b2eb-090ffbccbea4
2026-08-04T18:23:32Z	fired	180000	f6700ba8-a885-45e4-b2eb-090ffbccbea4
2026-08-04T18:23:41Z	fired	180000	f6700ba8-a885-45e4-b2eb-090ffbccbea4
2026-08-04T18:24:25Z	fired	180000	f6700ba8-a885-45e4-b2eb-090ffbccbea4
2026-08-04T18:24:43Z	halt	180000	145000	f6700ba8-a885-45e4-b2eb-090ffbccbea4
2026-08-04T18:34:48Z	fired	150000	2e2e5da3-b716-4bb1-8768-ae4df339b481
2026-08-04T18:35:37Z	fired	160000	2e2e5da3-b716-4bb1-8768-ae4df339b481
2026-08-04T18:36:21Z	fired	160000	2e2e5da3-b716-4bb1-8768-ae4df339b481
2026-08-04T18:36:42Z	halt	160000	145000	2e2e5da3-b716-4bb1-8768-ae4df339b481
2026-08-04T19:25:53Z	fired	150000	dead6e59-bdad-49b4-a359-4a3e184b04b9
2026-08-04T19:26:32Z	fired	150000	dead6e59-bdad-49b4-a359-4a3e184b04b9
2026-08-04T19:27:01Z	fired	150000	dead6e59-bdad-49b4-a359-4a3e184b04b9
2026-08-04T19:27:30Z	fired	150000	dead6e59-bdad-49b4-a359-4a3e184b04b9
2026-08-04T19:27:52Z	halt	150000	145000	dead6e59-bdad-49b4-a359-4a3e184b04b9
2026-08-04T19:53:16Z	fired	150000	4cf51073-3530-43a1-b687-9385ea0c2aab
2026-08-04T19:53:23Z	fired	150000	4cf51073-3530-43a1-b687-9385ea0c2aab
2026-08-04T19:54:50Z	fired	150000	4cf51073-3530-43a1-b687-9385ea0c2aab
2026-08-04T19:55:35Z	fired	150000	4cf51073-3530-43a1-b687-9385ea0c2aab
2026-08-04T19:56:17Z	fired	160000	4cf51073-3530-43a1-b687-9385ea0c2aab
2026-08-04T19:56:27Z	fired	160000	4cf51073-3530-43a1-b687-9385ea0c2aab
2026-08-04T19:56:50Z	halt	160000	145000	4cf51073-3530-43a1-b687-9385ea0c2aab
2026-08-04T20:11:12Z	fired	150000	f4e704ad-b962-4908-b6ff-345d27d21fbc
2026-08-04T20:11:13Z	fired	150000	f4e704ad-b962-4908-b6ff-345d27d21fbc
2026-08-04T20:11:19Z	fired	150000	f4e704ad-b962-4908-b6ff-345d27d21fbc
2026-08-04T20:12:15Z	fired	150000	f4e704ad-b962-4908-b6ff-345d27d21fbc
2026-08-04T20:13:04Z	fired	150000	f4e704ad-b962-4908-b6ff-345d27d21fbc
2026-08-04T20:13:54Z	fired	160000	f4e704ad-b962-4908-b6ff-345d27d21fbc
2026-08-04T20:13:59Z	fired	160000	f4e704ad-b962-4908-b6ff-345d27d21fbc
2026-08-04T20:14:22Z	halt	160000	145000	f4e704ad-b962-4908-b6ff-345d27d21fbc
2026-08-04T20:25:44Z	fired	150000	0ec9cd81-eb15-4430-9a00-8277d8080b01
2026-08-04T20:25:57Z	fired	150000	0ec9cd81-eb15-4430-9a00-8277d8080b01
2026-08-04T20:26:11Z	fired	150000	0ec9cd81-eb15-4430-9a00-8277d8080b01
2026-08-04T20:26:55Z	fired	150000	0ec9cd81-eb15-4430-9a00-8277d8080b01
2026-08-04T20:27:16Z	halt	150000	145000	0ec9cd81-eb15-4430-9a00-8277d8080b01
2026-08-04T20:59:51Z	fired	150000	fe7e42e7-c8c3-4ff9-aaac-f15efc0ab2bf
2026-08-04T21:00:58Z	fired	150000	fe7e42e7-c8c3-4ff9-aaac-f15efc0ab2bf
2026-08-04T21:01:13Z	halt	150000	145000	fe7e42e7-c8c3-4ff9-aaac-f15efc0ab2bf
2026-08-04T21:26:04Z	fired	150000	8d3f9dad-d522-4f0f-9a12-31da5d3008d5
2026-08-04T21:26:18Z	fired	150000	8d3f9dad-d522-4f0f-9a12-31da5d3008d5
2026-08-04T21:26:33Z	fired	150000	8d3f9dad-d522-4f0f-9a12-31da5d3008d5
2026-08-04T21:27:41Z	fired	150000	8d3f9dad-d522-4f0f-9a12-31da5d3008d5
2026-08-04T21:28:01Z	fired	150000	8d3f9dad-d522-4f0f-9a12-31da5d3008d5
2026-08-04T21:28:59Z	fired	160000	8d3f9dad-d522-4f0f-9a12-31da5d3008d5
2026-08-04T21:29:36Z	fired	160000	8d3f9dad-d522-4f0f-9a12-31da5d3008d5
2026-08-04T21:29:56Z	halt	160000	145000	8d3f9dad-d522-4f0f-9a12-31da5d3008d5
2026-08-04T21:40:41Z	fired	150000	c7ab1f26-99d7-4776-b482-fb1ca6e77cc3
2026-08-04T21:40:53Z	fired	150000	c7ab1f26-99d7-4776-b482-fb1ca6e77cc3
2026-08-04T21:42:14Z	fired	150000	c7ab1f26-99d7-4776-b482-fb1ca6e77cc3
2026-08-04T21:42:57Z	fired	160000	c7ab1f26-99d7-4776-b482-fb1ca6e77cc3
2026-08-04T21:43:40Z	fired	160000	c7ab1f26-99d7-4776-b482-fb1ca6e77cc3
2026-08-04T21:44:03Z	halt	170000	145000	c7ab1f26-99d7-4776-b482-fb1ca6e77cc3
2026-08-04T21:55:34Z	fired	150000	7565b112-b129-454e-a0bc-4b8bc6d86981
2026-08-04T21:56:02Z	fired	150000	7565b112-b129-454e-a0bc-4b8bc6d86981
2026-08-04T21:56:44Z	fired	150000	7565b112-b129-454e-a0bc-4b8bc6d86981
2026-08-04T21:57:25Z	fired	150000	7565b112-b129-454e-a0bc-4b8bc6d86981
2026-08-04T21:58:06Z	fired	150000	7565b112-b129-454e-a0bc-4b8bc6d86981
2026-08-04T21:58:10Z	fired	150000	7565b112-b129-454e-a0bc-4b8bc6d86981
2026-08-04T21:58:33Z	halt	160000	145000	7565b112-b129-454e-a0bc-4b8bc6d86981
2026-08-04T22:13:46Z	fired	150000	f4dd6d31-7dc4-4c59-bf03-9689cb29bc88
2026-08-04T22:14:16Z	fired	150000	f4dd6d31-7dc4-4c59-bf03-9689cb29bc88
2026-08-04T22:14:21Z	fired	150000	f4dd6d31-7dc4-4c59-bf03-9689cb29bc88
2026-08-04T22:14:37Z	fired	150000	f4dd6d31-7dc4-4c59-bf03-9689cb29bc88
2026-08-04T22:15:13Z	fired	150000	f4dd6d31-7dc4-4c59-bf03-9689cb29bc88
2026-08-04T22:15:41Z	fired	150000	f4dd6d31-7dc4-4c59-bf03-9689cb29bc88
2026-08-04T22:15:57Z	fired	160000	f4dd6d31-7dc4-4c59-bf03-9689cb29bc88
2026-08-04T22:17:17Z	fired	160000	f4dd6d31-7dc4-4c59-bf03-9689cb29bc88
2026-08-04T22:18:13Z	fired	160000	f4dd6d31-7dc4-4c59-bf03-9689cb29bc88
2026-08-04T22:18:32Z	fired	170000	f4dd6d31-7dc4-4c59-bf03-9689cb29bc88
2026-08-04T22:18:51Z	halt	170000	145000	f4dd6d31-7dc4-4c59-bf03-9689cb29bc88
2026-08-04T22:34:43Z	fired	150000	2ecd55ac-0407-4391-9dc1-ff2e1d089062
2026-08-04T22:34:51Z	fired	150000	2ecd55ac-0407-4391-9dc1-ff2e1d089062
2026-08-04T22:34:55Z	fired	150000	2ecd55ac-0407-4391-9dc1-ff2e1d089062
2026-08-04T22:35:37Z	fired	150000	2ecd55ac-0407-4391-9dc1-ff2e1d089062
2026-08-04T22:35:54Z	halt	150000	145000	2ecd55ac-0407-4391-9dc1-ff2e1d089062
2026-08-04T22:53:06Z	fired	150000	039a75f2-e45a-4af2-a2dc-d039e8b97245
2026-08-04T22:53:14Z	fired	150000	039a75f2-e45a-4af2-a2dc-d039e8b97245
2026-08-04T22:53:25Z	fired	150000	039a75f2-e45a-4af2-a2dc-d039e8b97245
2026-08-04T22:53:31Z	fired	150000	039a75f2-e45a-4af2-a2dc-d039e8b97245
2026-08-04T22:54:51Z	fired	150000	039a75f2-e45a-4af2-a2dc-d039e8b97245
2026-08-04T22:55:08Z	halt	150000	145000	039a75f2-e45a-4af2-a2dc-d039e8b97245
2026-08-04T23:08:55Z	fired	150000	3e64a558-8f91-47aa-8c04-ed008e80e34b
2026-08-04T23:10:47Z	fired	150000	3e64a558-8f91-47aa-8c04-ed008e80e34b
2026-08-04T23:11:05Z	halt	150000	145000	3e64a558-8f91-47aa-8c04-ed008e80e34b
2026-08-04T23:24:01Z	fired	150000	8938f8f1-bc80-4df8-a376-5e70cec893e9
2026-08-04T23:25:56Z	fired	160000	8938f8f1-bc80-4df8-a376-5e70cec893e9
2026-08-04T23:26:02Z	fired	160000	8938f8f1-bc80-4df8-a376-5e70cec893e9
2026-08-04T23:26:25Z	halt	160000	145000	8938f8f1-bc80-4df8-a376-5e70cec893e9
2026-08-04T23:40:19Z	fired	150000	e767af95-2f19-47c7-afc0-07215b48bc2d
2026-08-04T23:40:24Z	fired	150000	e767af95-2f19-47c7-afc0-07215b48bc2d
2026-08-04T23:40:59Z	fired	150000	e767af95-2f19-47c7-afc0-07215b48bc2d
2026-08-04T23:41:19Z	halt	150000	145000	e767af95-2f19-47c7-afc0-07215b48bc2d
2026-08-04T23:57:19Z	fired	150000	e427ff0a-beb2-4a64-b4d5-14c5d48d1c9c
2026-08-04T23:57:35Z	fired	150000	e427ff0a-beb2-4a64-b4d5-14c5d48d1c9c
2026-08-04T23:58:13Z	fired	150000	e427ff0a-beb2-4a64-b4d5-14c5d48d1c9c
2026-08-04T23:58:35Z	halt	150000	145000	e427ff0a-beb2-4a64-b4d5-14c5d48d1c9c
2026-08-05T00:13:53Z	fired	150000	06478aa8-b511-4773-98aa-a3556d000b21
2026-08-05T00:14:01Z	fired	150000	06478aa8-b511-4773-98aa-a3556d000b21
2026-08-05T00:15:32Z	fired	150000	06478aa8-b511-4773-98aa-a3556d000b21
2026-08-05T00:15:53Z	halt	150000	145000	06478aa8-b511-4773-98aa-a3556d000b21
2026-08-05T00:46:08Z	fired	150000	752b4828-2dca-450e-bcfc-e4b2695dee68
2026-08-05T00:46:16Z	fired	150000	752b4828-2dca-450e-bcfc-e4b2695dee68
2026-08-05T00:46:20Z	fired	150000	752b4828-2dca-450e-bcfc-e4b2695dee68
2026-08-05T00:46:33Z	fired	150000	752b4828-2dca-450e-bcfc-e4b2695dee68
2026-08-05T00:47:35Z	fired	160000	752b4828-2dca-450e-bcfc-e4b2695dee68
2026-08-05T00:47:42Z	fired	160000	752b4828-2dca-450e-bcfc-e4b2695dee68
2026-08-05T00:48:00Z	halt	160000	145000	752b4828-2dca-450e-bcfc-e4b2695dee68
2026-08-05T01:00:34Z	fired	150000	5ec26936-1a56-40fe-8dc5-2225e3b47447
2026-08-05T01:00:43Z	fired	150000	5ec26936-1a56-40fe-8dc5-2225e3b47447
2026-08-05T01:00:49Z	fired	150000	5ec26936-1a56-40fe-8dc5-2225e3b47447
2026-08-05T01:00:54Z	fired	150000	5ec26936-1a56-40fe-8dc5-2225e3b47447
2026-08-05T01:01:04Z	fired	150000	5ec26936-1a56-40fe-8dc5-2225e3b47447
2026-08-05T01:01:16Z	fired	150000	5ec26936-1a56-40fe-8dc5-2225e3b47447
2026-08-05T01:01:25Z	fired	150000	5ec26936-1a56-40fe-8dc5-2225e3b47447
2026-08-05T01:01:29Z	fired	150000	5ec26936-1a56-40fe-8dc5-2225e3b47447
2026-08-05T01:02:07Z	fired	150000	5ec26936-1a56-40fe-8dc5-2225e3b47447
2026-08-05T01:02:26Z	halt	150000	145000	5ec26936-1a56-40fe-8dc5-2225e3b47447
2026-08-07T04:24:12Z	fired	150000	db8689e1-3254-4054-9198-c84e94649f0a
2026-08-07T04:24:13Z	fired	150000	db8689e1-3254-4054-9198-c84e94649f0a
2026-08-07T04:24:58Z	fired	150000	db8689e1-3254-4054-9198-c84e94649f0a
2026-08-07T04:25:12Z	halt	150000	145000	db8689e1-3254-4054-9198-c84e94649f0a
2026-08-07T04:45:43Z	fired	150000	21821ac3-fcd7-4389-96b3-535f5dc396ad
2026-08-07T04:46:42Z	fired	150000	21821ac3-fcd7-4389-96b3-535f5dc396ad
2026-08-07T04:46:57Z	halt	150000	145000	21821ac3-fcd7-4389-96b3-535f5dc396ad
2026-08-07T05:13:48Z	fired	160000	80bea2a6-e681-4f1b-8fd1-e6e6f3281af9
2026-08-07T05:14:02Z	fired	180000	80bea2a6-e681-4f1b-8fd1-e6e6f3281af9
2026-08-07T05:14:59Z	fired	180000	80bea2a6-e681-4f1b-8fd1-e6e6f3281af9
2026-08-07T05:15:15Z	halt	180000	145000	80bea2a6-e681-4f1b-8fd1-e6e6f3281af9
2026-08-07T05:42:22Z	fired	150000	039c886d-d34c-4321-a60e-cd8278427692
2026-08-07T05:42:41Z	halt	150000	145000	039c886d-d34c-4321-a60e-cd8278427692
2026-08-07T05:50:49Z	fired	150000	3539b8ee-684e-4526-9b49-20dc6948658a
2026-08-07T05:51:11Z	fired	150000	3539b8ee-684e-4526-9b49-20dc6948658a
2026-08-07T05:51:11Z	fired	150000	3539b8ee-684e-4526-9b49-20dc6948658a
2026-08-07T05:51:12Z	fired	150000	3539b8ee-684e-4526-9b49-20dc6948658a
2026-08-07T05:51:12Z	fired	150000	3539b8ee-684e-4526-9b49-20dc6948658a
2026-08-07T05:51:12Z	fired	150000	3539b8ee-684e-4526-9b49-20dc6948658a
2026-08-07T05:51:22Z	fired	150000	3539b8ee-684e-4526-9b49-20dc6948658a
2026-08-07T05:51:25Z	fired	150000	3539b8ee-684e-4526-9b49-20dc6948658a
2026-08-07T05:51:29Z	fired	150000	3539b8ee-684e-4526-9b49-20dc6948658a
2026-08-07T05:52:04Z	fired	150000	3539b8ee-684e-4526-9b49-20dc6948658a
2026-08-07T05:52:18Z	halt	150000	145000	3539b8ee-684e-4526-9b49-20dc6948658a
2026-08-07T06:09:30Z	fired	150000	10577742-a92d-49fa-9cd1-aa00c1fa7253
2026-08-07T06:10:23Z	fired	150000	10577742-a92d-49fa-9cd1-aa00c1fa7253
2026-08-07T06:10:39Z	halt	150000	145000	10577742-a92d-49fa-9cd1-aa00c1fa7253
2026-08-07T06:28:23Z	fired	150000	d56884b2-1bf1-41e9-b0fe-c559d8b4e07d
2026-08-07T06:28:36Z	fired	150000	d56884b2-1bf1-41e9-b0fe-c559d8b4e07d
2026-08-07T06:29:12Z	fired	150000	d56884b2-1bf1-41e9-b0fe-c559d8b4e07d
2026-08-07T06:29:28Z	halt	150000	145000	d56884b2-1bf1-41e9-b0fe-c559d8b4e07d
2026-08-07T06:51:45Z	fired	150000	f075bd0c-6314-4ce4-9a28-4720f1ccb6bf
2026-08-07T06:52:41Z	fired	150000	f075bd0c-6314-4ce4-9a28-4720f1ccb6bf
2026-08-07T06:52:58Z	halt	150000	145000	f075bd0c-6314-4ce4-9a28-4720f1ccb6bf
2026-08-07T07:08:47Z	fired	150000	0bf46475-c53f-4ce6-8155-2da9348e64de
2026-08-07T07:09:41Z	fired	150000	0bf46475-c53f-4ce6-8155-2da9348e64de
2026-08-07T07:09:58Z	halt	150000	145000	0bf46475-c53f-4ce6-8155-2da9348e64de
2026-08-07T07:23:16Z	fired	150000	7168c644-cc0e-4a49-b020-b0dee51ab47f
2026-08-07T07:24:32Z	fired	150000	7168c644-cc0e-4a49-b020-b0dee51ab47f
2026-08-07T07:24:46Z	halt	150000	145000	7168c644-cc0e-4a49-b020-b0dee51ab47f
2026-08-07T07:41:27Z	fired	150000	07ea0133-725b-454c-a801-b5b6c8ad8aeb
2026-08-07T07:42:26Z	fired	150000	07ea0133-725b-454c-a801-b5b6c8ad8aeb
2026-08-07T07:42:38Z	halt	150000	145000	07ea0133-725b-454c-a801-b5b6c8ad8aeb
2026-08-07T07:55:35Z	fired	150000	b3a5edd1-fef3-421e-aab5-a3c7b265bcc9
2026-08-07T07:56:38Z	fired	150000	b3a5edd1-fef3-421e-aab5-a3c7b265bcc9
2026-08-07T07:57:05Z	fired	150000	b3a5edd1-fef3-421e-aab5-a3c7b265bcc9
2026-08-07T07:58:18Z	fired	150000	b3a5edd1-fef3-421e-aab5-a3c7b265bcc9
2026-08-07T07:58:32Z	halt	150000	145000	b3a5edd1-fef3-421e-aab5-a3c7b265bcc9
2026-08-07T08:16:42Z	fired	150000	3179a956-cf29-4fa4-af06-83e9ba5388be
2026-08-07T08:17:15Z	fired	150000	3179a956-cf29-4fa4-af06-83e9ba5388be
2026-08-07T08:17:30Z	halt	150000	145000	3179a956-cf29-4fa4-af06-83e9ba5388be
2026-08-07T08:38:10Z	fired	150000	424cc127-92db-406c-b4d8-b2d840af9b5d
2026-08-07T08:39:22Z	fired	150000	424cc127-92db-406c-b4d8-b2d840af9b5d
2026-08-07T08:39:37Z	halt	150000	145000	424cc127-92db-406c-b4d8-b2d840af9b5d
2026-08-07T09:02:30Z	fired	150000	d7f24209-0500-49ce-a4f4-3a8adca8ec93
2026-08-07T09:02:34Z	fired	150000	d7f24209-0500-49ce-a4f4-3a8adca8ec93
2026-08-07T09:03:42Z	fired	150000	d7f24209-0500-49ce-a4f4-3a8adca8ec93
2026-08-07T09:03:49Z	fired	150000	d7f24209-0500-49ce-a4f4-3a8adca8ec93
2026-08-07T09:04:37Z	fired	150000	d7f24209-0500-49ce-a4f4-3a8adca8ec93
2026-08-07T09:04:54Z	halt	150000	145000	d7f24209-0500-49ce-a4f4-3a8adca8ec93
2026-08-07T09:29:36Z	fired	150000	db099cf8-0045-463e-895d-953bd2c28213
2026-08-07T09:30:08Z	fired	150000	db099cf8-0045-463e-895d-953bd2c28213
2026-08-07T09:30:21Z	fired	150000	db099cf8-0045-463e-895d-953bd2c28213
2026-08-07T09:30:29Z	fired	150000	db099cf8-0045-463e-895d-953bd2c28213
2026-08-07T09:30:32Z	fired	150000	db099cf8-0045-463e-895d-953bd2c28213
2026-08-07T09:31:01Z	fired	160000	db099cf8-0045-463e-895d-953bd2c28213
2026-08-07T09:31:17Z	halt	160000	145000	db099cf8-0045-463e-895d-953bd2c28213
2026-08-07T09:40:22Z	fired	150000	46361723-0b8a-48b2-bb73-18c44b9c6748
2026-08-07T09:41:26Z	fired	150000	46361723-0b8a-48b2-bb73-18c44b9c6748
2026-08-07T09:41:42Z	halt	150000	145000	46361723-0b8a-48b2-bb73-18c44b9c6748
2026-08-07T09:52:31Z	fired	150000	044a64af-bafd-4b5b-9dd2-49452acc0b3b
2026-08-07T09:52:44Z	fired	150000	044a64af-bafd-4b5b-9dd2-49452acc0b3b
2026-08-07T09:52:53Z	fired	150000	044a64af-bafd-4b5b-9dd2-49452acc0b3b
2026-08-07T09:52:56Z	fired	150000	044a64af-bafd-4b5b-9dd2-49452acc0b3b
2026-08-07T09:53:02Z	fired	150000	044a64af-bafd-4b5b-9dd2-49452acc0b3b
2026-08-07T09:53:04Z	fired	150000	044a64af-bafd-4b5b-9dd2-49452acc0b3b
2026-08-07T09:53:35Z	fired	150000	044a64af-bafd-4b5b-9dd2-49452acc0b3b
2026-08-07T09:53:45Z	fired	150000	044a64af-bafd-4b5b-9dd2-49452acc0b3b
2026-08-07T09:53:52Z	fired	150000	044a64af-bafd-4b5b-9dd2-49452acc0b3b
2026-08-07T09:54:24Z	fired	150000	044a64af-bafd-4b5b-9dd2-49452acc0b3b
2026-08-07T09:54:40Z	halt	150000	145000	044a64af-bafd-4b5b-9dd2-49452acc0b3b
2026-08-07T10:07:02Z	fired	150000	37bac2d2-9c42-4c93-ab71-3a00e1de2fb8
2026-08-07T10:07:04Z	fired	150000	37bac2d2-9c42-4c93-ab71-3a00e1de2fb8
2026-08-07T10:07:06Z	fired	150000	37bac2d2-9c42-4c93-ab71-3a00e1de2fb8
2026-08-07T10:07:08Z	fired	150000	37bac2d2-9c42-4c93-ab71-3a00e1de2fb8
2026-08-07T10:08:08Z	fired	160000	37bac2d2-9c42-4c93-ab71-3a00e1de2fb8
2026-08-07T10:08:38Z	fired	160000	37bac2d2-9c42-4c93-ab71-3a00e1de2fb8
2026-08-07T10:08:52Z	halt	160000	145000	37bac2d2-9c42-4c93-ab71-3a00e1de2fb8
2026-08-07T10:43:30Z	fired	150000	15531dc1-4e83-4959-af9e-568c1ad9f59b
2026-08-07T10:44:11Z	fired	150000	15531dc1-4e83-4959-af9e-568c1ad9f59b
2026-08-07T10:44:26Z	halt	150000	145000	15531dc1-4e83-4959-af9e-568c1ad9f59b
2026-08-07T10:54:39Z	fired	150000	cf356261-3ca5-4590-ae48-59b4c4cf998e
2026-08-07T10:55:26Z	fired	150000	cf356261-3ca5-4590-ae48-59b4c4cf998e
2026-08-07T10:55:48Z	fired	150000	cf356261-3ca5-4590-ae48-59b4c4cf998e
2026-08-07T10:55:54Z	fired	150000	cf356261-3ca5-4590-ae48-59b4c4cf998e
2026-08-07T10:58:35Z	fired	150000	cf356261-3ca5-4590-ae48-59b4c4cf998e
2026-08-07T10:58:49Z	halt	150000	145000	cf356261-3ca5-4590-ae48-59b4c4cf998e
2026-08-07T11:13:07Z	fired	150000	5dbc5e69-0187-4321-977e-253a8f840429
2026-08-07T11:13:19Z	fired	150000	5dbc5e69-0187-4321-977e-253a8f840429
2026-08-07T11:15:12Z	fired	150000	5dbc5e69-0187-4321-977e-253a8f840429
2026-08-07T11:15:19Z	fired	150000	5dbc5e69-0187-4321-977e-253a8f840429
2026-08-07T11:16:06Z	fired	150000	5dbc5e69-0187-4321-977e-253a8f840429
2026-08-07T11:16:23Z	halt	150000	145000	5dbc5e69-0187-4321-977e-253a8f840429
2026-08-07T11:32:15Z	fired	150000	7d25d8e9-28da-4a19-b1a0-304523536164
2026-08-07T11:32:40Z	halt	150000	145000	7d25d8e9-28da-4a19-b1a0-304523536164
2026-08-07T11:44:37Z	fired	150000	e3fe0ddf-79ff-42b6-a4b8-ed6fb866bc42
2026-08-07T11:45:21Z	fired	150000	e3fe0ddf-79ff-42b6-a4b8-ed6fb866bc42
2026-08-07T11:45:37Z	halt	150000	145000	e3fe0ddf-79ff-42b6-a4b8-ed6fb866bc42
2026-08-07T12:00:19Z	fired	150000	0833de4a-8943-40d7-b199-e42ef9822e15
2026-08-07T12:00:42Z	fired	150000	0833de4a-8943-40d7-b199-e42ef9822e15
2026-08-07T12:02:50Z	fired	150000	0833de4a-8943-40d7-b199-e42ef9822e15
2026-08-07T12:03:34Z	fired	160000	0833de4a-8943-40d7-b199-e42ef9822e15
2026-08-07T12:04:54Z	fired	180000	0833de4a-8943-40d7-b199-e42ef9822e15
2026-08-07T12:05:15Z	halt	180000	145000	0833de4a-8943-40d7-b199-e42ef9822e15
2026-08-07T12:21:53Z	fired	150000	e744ab35-1e3b-4c74-9a36-d15f26e8ad9c
2026-08-07T12:22:45Z	fired	150000	e744ab35-1e3b-4c74-9a36-d15f26e8ad9c
2026-08-07T12:22:58Z	halt	150000	145000	e744ab35-1e3b-4c74-9a36-d15f26e8ad9c
2026-08-07T12:40:50Z	fired	150000	6fa4c15e-1ff3-4f7a-b728-56d4c0206f32
2026-08-07T12:40:59Z	fired	150000	6fa4c15e-1ff3-4f7a-b728-56d4c0206f32
2026-08-07T12:41:35Z	fired	150000	6fa4c15e-1ff3-4f7a-b728-56d4c0206f32
2026-08-07T12:41:52Z	halt	150000	145000	6fa4c15e-1ff3-4f7a-b728-56d4c0206f32
2026-08-07T13:01:54Z	fired	150000	94e6d07b-fec4-4ffc-a6f5-dc8d0df29700
2026-08-07T13:02:09Z	fired	150000	94e6d07b-fec4-4ffc-a6f5-dc8d0df29700
2026-08-07T13:02:27Z	fired	150000	94e6d07b-fec4-4ffc-a6f5-dc8d0df29700
2026-08-07T13:02:44Z	halt	150000	145000	94e6d07b-fec4-4ffc-a6f5-dc8d0df29700
