3ac98621-524f-4274-955a-4d37394570c5
079dd7ae-2eb8-477e-a0b1-375e2055d604
95fc2088-1e31-43d3-a499-512d05dc9232
e8f3b41e-2ca0-4044-832f-61bbcb6aa807
7eb2da28-2b75-4fff-9ea4-382207f71400
cf1061d3-034e-412f-b1fe-85039c155c5a
3ccaa66a-29ad-4bcc-a4a9-854688abdbaa
19e01171-67b2-4d9e-a64f-a15b233d1c6e
28025f35-d28b-407d-8183-1c61cc3a0744
ea3e54fc-f23a-484a-b8b2-1f46cf838605
b4a5e2cb-38cb-4923-b574-429b5e74e580
7f1b4307-5ae7-4a2a-a2bb-63f7d5d044a7
820f8e82-e416-4088-9daa-0b9771c5e1eb
8e42a341-b25d-4061-8352-a67c53c7396e
5eb65340-1fe9-4cf5-b54e-81ffb89cea71
263d361b-585f-4025-8d7d-e3c0134b1e71
7884b30f-d8e0-4ef2-be89-ec55572e2580
be0752e9-e790-4491-8d8e-141b6f133142
a78a1bf7-77ba-4129-9c49-47e4cdf19c3c
91052ad0-0a14-4d36-abb7-a21359f3a019
92b84bce-37cf-46c8-ad43-bd3d6fe0bdb9
f219cb04-230f-42ba-b7a7-005e51cc82eb
6472d82d-cfbe-4c13-9340-871602173f8d
e0eaea36-1e9b-4afb-b27f-1be1589d7660
2137269c-3603-47df-ad7b-fa0d8c0a6acf
972dab8c-cd50-4e4f-aaf9-8ca41c1adb2c
881a0a58-86cf-4efc-bc48-9ca378d3bff7
03ab5fc0-0c11-4c2c-9c0f-7daaf6f7f35f
52c0d823-14ae-430c-b1f7-64b8f6419fcb
e3a53544-9238-4a45-81ef-6b43c03a7477
15a7e00c-0d74-4c68-bf43-3df1e51c3a55
42d72d5e-963f-4a7a-8fb7-e82fc2d734e9
7d79a395-953d-4d77-8e3d-4f408972c9c6
a3138f70-ab96-454a-8f7b-3c6187d4ed0a
2a714151-caf7-4b4a-8572-23a0e9a3972f
06c4c088-9d13-4bd6-aa42-4b7324a61d5d
94122397-ec06-4836-88bf-58f57e768189
13d0795f-f231-4c0a-abee-56df37857879
05f1c84f-e704-48e7-9695-4f87264ab50a
50427f6e-2425-46b3-aa74-590f4ee00f44
7484bc92-0a8b-4ff9-b50e-2de09e45f479
7d382185-2f8c-40db-b5b2-205850f07333
4e61f9a8-e884-4944-b494-1f323af8f408
b809d8c1-598d-4b4d-ba95-4c76cda48399
cae02881-12f5-4442-81ad-8c7befac6f0e
7598e079-07bc-41b7-9118-0bcd8615d33b
0e771def-bdb6-4282-87a2-fa63e3c0ef1a
a6cee812-46f9-4e20-9ea2-956a5d0906c4
f9d74b9d-3f4c-4918-891e-ed3bad0f760f
007e2ebf-e35f-49cd-b4e5-84f7a6394cd8
acc329e7-49f3-46b6-9d29-c37559fb3752
ec51298c-8c72-4094-bad2-9ea150e86f6e
45055bb9-4ef5-496a-ae8c-cec21c85d9b8
40dfa26f-0095-4252-9ac7-73df515b0810
e7977087-8efb-48de-acbd-d5869f401c6f
54b60d1d-cd98-402f-b79f-f43e28ce61ed
d6f1ad5c-9001-42f1-b689-9613c93bb279
40d049d2-1ee3-4234-acb7-741615e25e71
40b99725-d54b-42e8-8c8a-16048481538b
0020670e-14d7-4979-97a3-de358fcb8470
d7fd7d46-a185-44f5-9be7-80e7e47cc86b
81ab51ef-ec97-462e-92cc-3fc4a51c6d98
c2294c33-eec2-4568-a27a-bc7404ea6630
c702f897-0933-40e6-92f9-f57c2df0957f
8d73e759-aa99-421a-ac44-dc84404f0b7a
eede3b0e-503a-49f7-a370-937f4de417bd
29efad35-9678-4c32-bf3b-a3dbfcb0b5d6
f7544200-5a7a-4d52-8bbf-cdb2be7b3c75
d866bde6-3a1c-40fb-a1d6-b63f100b111a
6e267725-7a58-4928-bfaa-58f49e69262a
1d0c9cd4-03b7-40de-9c04-5e8c3ed8660a
a02eeced-3bc8-4a46-9ae2-8b2a0aadaff7
a567ee9d-dcb2-4399-94d0-47e1208ce2f7
0108132e-7071-4abd-b14c-aa72890e34d8
814b61b0-8b5d-4f38-8bc0-a0b188abae47
cf1e9204-0cf6-45a2-8bba-b44d6bda272c
3861c3d5-c91e-419c-8350-e86c04290065
2f999182-7ba2-4a62-aca3-907d6dc4cc51
257fd512-4eea-4855-a02b-c5ca46479123
bd4b9219-80fe-45dc-8846-550605f65e59
61501ea6-09d7-49d7-80c5-97426d1a761a
ed368bf0-88ec-447a-88ce-f186944169d1
a0901cc2-bbae-478b-9e71-c17b2b78958c
c70d4651-fb58-48a6-84e1-ef0c033077c3
886abb90-2941-45e7-a6c0-c5c5925e5a9e
8db0122a-288a-4490-afa4-77cf13992146
e87b780e-d0d5-4644-8eca-2664ca431583
e7e25ee5-d447-4b2f-a4a3-ebbc83476287
68c33fa3-79f6-42ab-9697-e4385af85f7f
0a8c40fc-3133-4892-af0e-03498c5695ab
b28bd6d7-854a-4a0c-b68e-3f5299ff69e6
29434096-c830-45f4-bd7d-9a965c16b41c
bfa01d82-074b-4751-887c-4f33d2d7c194
036372d5-bdd7-4b7a-a450-197a0b5350d3
33753cc5-b750-478b-8cb5-52b3836a95ef
0314e9be-0dfc-44dc-bb9d-45f9d2bb8556
a5b2448e-cec0-48da-8878-99f1e2b3126e
8dd5a063-0bea-4b98-b754-cda4295bab13
cf02b410-e56e-4f52-93e2-b73974473bcd
33926cda-cc85-46f8-8705-f0ba1c852643
e442825b-bf60-4d99-925f-22074bb6c390
e3bebf75-f7a1-40bd-96d4-daa3f8f27156
bf9e89c9-42cb-4db4-bad0-0aeeee58ba59
7bd37597-a02d-41bb-a53c-d52f1b0f6243
3630f8b0-00c8-4327-8b51-753771af1be1
aa1f5bcd-4edd-46b5-9a5a-4db2fc5e82a6
ea9e025f-5468-4731-babd-ecf74685b72d
5a18e9c6-c57d-470a-ad5c-1729069a7481
ddeb9150-2ef5-4c76-ab0c-1b14ebe8b791
85b927e3-d07f-42fb-83de-26f0fb01236f
1a3a928a-3556-4b10-8f62-316c779237d1
849f8a63-401a-431c-8884-dcb70d9d046d
839af395-84ef-4087-9272-041c3c70e5fb
02a2a70f-e994-46b2-98a9-ecfe3b3ac734
c36c1de3-c1c5-4c0d-a1bc-09d00e1b703b
ad772251-46ff-474e-873a-8cc26d4a6ab7
765087cc-216c-4ab6-a286-52115081e74a
c13bed6a-d7af-4335-b34f-1e8f52e83aa4
67ca0b58-5e05-446a-9d34-66af899df72c
293065a0-45e6-4ca6-beb1-b1a6a32586a4
453b3b2a-3ae3-4f1a-9c5a-2927597a4895
78eedbb9-3b34-47fb-9fc9-c95f5964d28e
f6700ba8-a885-45e4-b2eb-090ffbccbea4
2e2e5da3-b716-4bb1-8768-ae4df339b481
dead6e59-bdad-49b4-a359-4a3e184b04b9
4cf51073-3530-43a1-b687-9385ea0c2aab
f4e704ad-b962-4908-b6ff-345d27d21fbc
0ec9cd81-eb15-4430-9a00-8277d8080b01
fe7e42e7-c8c3-4ff9-aaac-f15efc0ab2bf
8d3f9dad-d522-4f0f-9a12-31da5d3008d5
c7ab1f26-99d7-4776-b482-fb1ca6e77cc3
7565b112-b129-454e-a0bc-4b8bc6d86981
f4dd6d31-7dc4-4c59-bf03-9689cb29bc88
2ecd55ac-0407-4391-9dc1-ff2e1d089062
039a75f2-e45a-4af2-a2dc-d039e8b97245
3e64a558-8f91-47aa-8c04-ed008e80e34b
8938f8f1-bc80-4df8-a376-5e70cec893e9
e767af95-2f19-47c7-afc0-07215b48bc2d
e427ff0a-beb2-4a64-b4d5-14c5d48d1c9c
06478aa8-b511-4773-98aa-a3556d000b21
752b4828-2dca-450e-bcfc-e4b2695dee68
5ec26936-1a56-40fe-8dc5-2225e3b47447
6bcbcfca-87fd-4f02-83a9-344a47775c65
d5d2a061-d39f-4a79-94a4-98d62ab2b980
db8689e1-3254-4054-9198-c84e94649f0a
21821ac3-fcd7-4389-96b3-535f5dc396ad
80bea2a6-e681-4f1b-8fd1-e6e6f3281af9
039c886d-d34c-4321-a60e-cd8278427692
3539b8ee-684e-4526-9b49-20dc6948658a
10577742-a92d-49fa-9cd1-aa00c1fa7253
d56884b2-1bf1-41e9-b0fe-c559d8b4e07d
f075bd0c-6314-4ce4-9a28-4720f1ccb6bf
0bf46475-c53f-4ce6-8155-2da9348e64de
7168c644-cc0e-4a49-b020-b0dee51ab47f
07ea0133-725b-454c-a801-b5b6c8ad8aeb
b3a5edd1-fef3-421e-aab5-a3c7b265bcc9
3179a956-cf29-4fa4-af06-83e9ba5388be
424cc127-92db-406c-b4d8-b2d840af9b5d
d7f24209-0500-49ce-a4f4-3a8adca8ec93
db099cf8-0045-463e-895d-953bd2c28213
46361723-0b8a-48b2-bb73-18c44b9c6748
044a64af-bafd-4b5b-9dd2-49452acc0b3b
37bac2d2-9c42-4c93-ab71-3a00e1de2fb8
15531dc1-4e83-4959-af9e-568c1ad9f59b
cf356261-3ca5-4590-ae48-59b4c4cf998e
5dbc5e69-0187-4321-977e-253a8f840429
7d25d8e9-28da-4a19-b1a0-304523536164
e3fe0ddf-79ff-42b6-a4b8-ed6fb866bc42
0833de4a-8943-40d7-b199-e42ef9822e15
e744ab35-1e3b-4c74-9a36-d15f26e8ad9c
6fa4c15e-1ff3-4f7a-b728-56d4c0206f32
94e6d07b-fec4-4ffc-a6f5-dc8d0df29700
6eba4600-0b1f-488a-ac2a-3509564db1f1
47b891fa-97a4-4a33-8327-bbc85eb19e9c
eb1849da-26a9-4caa-a85b-e72db56265c3
fa16ac49-07e1-44ca-803e-3009db3937c9
f19c74a6-d754-4033-a7a9-3515be1a5eae
92e0e285-94c1-4366-9bfe-1f1ada119dff
7413db50-99bb-4651-adfb-2cdecd4164ee
40b6e60a-7690-4366-b334-869a84d2d935
8abe2606-a429-4ee5-becd-cd58bb3d4505
2d0ab84d-efe1-4ba4-bc18-4d18e4ce3fbd
2e726430-42e3-467d-9d89-31c9a69a2c0f
c5513b12-ad5f-4a66-bd1c-fd88dbb8eb29
7ea3f202-6e1b-4b99-8b53-5fbaf92f535e
3e756a9a-5209-45b4-abbe-d10e79d847f3
898c91af-40ed-4b62-9fe5-0e69f974fabe
2c65d084-3bc4-4cc2-afee-a4233175cd83
5a184525-100c-487f-bfdf-ee9113c9a9c3
c2589cf9-c808-46e8-bde7-eb23a7b98f5f
d3ab2726-2c89-4a9a-b6ad-fe7cfcdfd366
2f48ec52-d08f-4823-8b0e-464a77e18daf
24cfb3ff-136b-4bb4-91a0-afb6b1b1e5d3
3c27237a-7f52-4798-86c9-abacf2a55a92
22fc0085-c50c-4fd3-90f5-55e81296cabe
80766018-3193-4b0d-bcc8-3d0517137310
e4566fbc-bb6b-4c80-a5c5-2c35d30c9e43
8ef42b83-2106-427a-ade4-4e2fd346c117
715edeec-4835-469b-bcef-7928232f4852
06db8c65-5369-48ec-b4f5-0e5d88ebc3fc
fb1d1f15-b020-48b9-ab60-a2e58e53dbdb
e4820579-55d6-4ce1-952a-7ece762d788a
815b9421-95af-4793-a5d5-fbb96c6b0d11
605cd1fa-a307-44a7-aaf4-cbb5726db39f
31a2a85c-6b88-46d1-abe8-df3734125b7b
fca9a6fc-39ce-427d-9e7f-2b3e420777b4
a89c7f1a-43b2-4fab-ab9b-76ec09c39900
570d6e3a-e625-4cb6-8338-9d0c090ea33b
04691e41-7aa0-4036-9239-312c22c385cd
52178232-55e9-43cc-8138-de5387f70cd6
afb9920a-db0b-4019-b2ea-c25b2b3d7336
c3bd6919-c430-4f83-8ba2-d915cebb9a9c
787e12f6-c0de-4f5c-a1c6-0c30c2d7a5c9
5280b03d-ac87-4193-aded-ed93a659971c
6eaaad98-c1d2-4c97-8a70-b1cc4c6d664b
92c6b355-631c-41a8-a6d5-8e50ba25ab3e
80d5be9b-93fb-4404-b0f4-43723c67e67f
b97d81e3-c849-4ddb-a0b9-f7b80780144d
d5398d5f-c9aa-4f51-9a27-35a1317c94f5
2b05ea4a-794f-4104-9f18-747926a2ada6
c6beb3b9-1c38-41df-85fe-e35f88ac0a8d
e363cb78-0b1e-44c4-ba6b-cd88607f727e
82e0d350-0824-4ea6-9b15-2c86ef973f00
d0c19ccd-894b-4ba0-8a50-34d76132078f
9c8b3124-b2d8-491f-bfbd-776d40c67b8f
6a8db1a8-effe-41ab-8bc0-e9e8f987b52f
ddf03f72-f10f-416c-9947-740ea55aecd2
65f08e34-5fd7-43b7-accd-4ec056f0e607
f7320eb4-05b0-4954-8058-62d09f6421db
f98a8d7a-1088-4f9c-8a8d-37bf548c3798
d0b9895f-d674-42ab-9b9a-db009aa8d1b5
dea5a4ff-893e-471f-be30-1258940610fa
5ecbf2f8-0eed-4ca2-8cff-891352878b55
f57c811b-a7f0-43c1-a45e-e62ab7b9ddb1
828fa1dd-3c17-4000-b10f-3ae3540b84b5
3b937e42-0561-4068-914d-fbc9b3544997
5011d77a-0fa8-4b66-87a8-1715becb231d
221f7e48-e64e-47bd-9ff8-c65046826cc0
a76d1cd6-9042-47f7-ba8a-10897a36a7b1
403dc964-7f37-46a8-a2aa-2951f0c51b35
e5317dab-6f1c-4e0e-b6b9-85836e427775
006a6dbc-afd0-4bb7-8beb-55bc58addf8f
c37915df-61d2-4ed9-92ad-3faaa5a149aa
7a764748-9e08-4fab-a022-ceb728279bb9
7385922a-de96-4def-8283-364e91a5bb2c
2424398f-aa3c-4cc0-8801-1ca5d0e06182
acbee262-422f-4bf6-a144-5f7445f3af75
19488053-e3ac-4de8-8f4e-d050c66a3f14
097d5151-8408-4802-865c-ff4cdab8f0b1
008a9217-48f3-4f54-996b-393ced8b1986
ff7409b5-2e38-4640-99b5-7b5c7938759d
e0d1cc05-101f-402b-888e-f315af6ade1c
bc6974c5-dcdc-48a9-87ca-99687ab96f2d
5b1782ac-3d62-40c6-bbb0-fcc7eb59b57e
cdb16130-8905-4810-b5c7-c1007f4cbfaf
28f6253b-def4-4dfc-838c-88eb21cd278a
6df2c4b1-51df-41d9-b5ad-ed2fc3705df3
f26dd446-56d4-41fa-95f5-94bace16cc05
fa811de2-fe27-4b84-a181-a6ae79ed3a94
d85dc0ef-ce48-4bd1-8028-667b34fe342d
3a02a4af-bd01-485d-90a4-82b79f13572d
e68f7e22-0d6d-464c-944c-98a1bd949e53
27cbf66f-0dc0-4652-acd6-6ae62639232b
a5d7ef06-892b-4dca-9a88-674984c7fb9d
3f580f9d-c592-49cb-a6be-fea386ad339b
c9b39be9-291e-4a38-b4d4-f5f3bfd29952
07a0dae8-3c7f-42cd-9975-52f99c85be0a
8cd6621c-35e2-4df4-a8a9-46539bfae30c
abd5b319-faba-4560-a211-478246d6711e
19d0af18-cbf1-419e-81d0-f48f9cda18a9
6d6efd6a-81b3-4a89-bbe9-6fc588b7c670
3534993f-b5de-4486-a33f-7cd977185614
5d73c394-a8d1-43f6-9fa9-22c0c99ce515
5a74ec87-4c38-43ea-a2c4-aedf0183659e
9d5ca6b7-dc83-4361-8901-b765356185e3
91e085ad-889a-4b90-bc0a-3c44a795027f
87a420ae-dfa0-4e2a-b4d8-a77a0ed908ef
cabd1efe-254d-4eef-8559-49b938eaeae0
dfb44332-62b3-46e9-95d2-72f2e29c9899
1402d90c-4ff7-4c21-b309-726df79b61e6
0065ef78-cc77-4294-9db8-a72554553ac9
402e5122-5616-4784-b1d0-ef432291f3a5
f5d7cf30-e323-4afc-9f4f-70a6d32404e1
6eb302a5-4b1a-4da2-9480-ee614e6f97a2
0b4c5c20-3f5a-4cbe-983e-9fae1333267a
3b2bd8fc-9afb-44d8-855d-7295cb4b4cae
a8365b0e-0068-48b2-84a9-9201599ae426
794807b2-5fe8-4768-9005-56f38cbb7ead
814c82e8-3e22-44c4-80a7-4204c1e81ad5
5e68d1c6-0094-4275-b64b-a85b90d0963c
817bd49d-51c2-4ee1-9f3b-8a87a86d0efa
f3ee85d9-41d7-4244-9b7d-422595dae3d0
fba41458-90ce-4bc0-9885-609a11d6872a
7e735ca4-b343-4b35-b200-cb48ba24f38c
18ed1888-406c-496f-9b6d-f6f5a82475c0
68efa595-c610-4614-9a4e-ddd4a5bb838b
c63c7654-9e37-4dd4-8017-c2059b85c65c
49db7c2e-9e38-41c3-8ff8-519d77b8a409
8ed4ed05-d3bc-4211-ac68-3f487ad8ea37
03006a7f-746a-4fbb-899d-36847af372aa
1970c549-ba43-4b83-8a46-11655c3ebd8a
53176b93-5bb4-47ca-a679-121509552a0b
e770cd4e-0614-4c9b-ac9b-f61e32d6784b
05fbb03d-7392-4d21-bf10-b1780b668f63
55b18967-4f64-4588-b406-4fb7a14aa228
0bc720f3-165d-4386-81e9-294235bb655f
6eb9ed68-320e-4271-b691-ee96b4da53a1
c2a464d7-8220-4526-9ad5-d26856293e89
896a1122-8094-4ae4-82e7-7604ad6bce2c
bc1bb5db-9867-4b30-8e0e-aca6fc9d5560
6fe5283c-f878-4d79-b4ac-49f85bad37fe
9c7f3d95-53a0-4ddd-a8dd-ad41a72b860c
7e8b18b7-4911-452e-9df9-8cdf727c3dc2
59b37d61-9469-4d25-bcfa-0b868ab5dd33
14f3b4ff-8cb1-4cb7-9e16-0bdbb3bee54c
3003b05e-6cd2-4c62-8108-122d6def325c
4f79e0c4-ecc3-4bab-a59c-c71e279d5a30
3691eee1-0189-4bac-851a-4d86b7525036
558ffc59-fe70-4646-b49a-7b2ce10fc304
d3ac3451-b5d3-4504-b5d3-2d1eb1832977
15417a63-d5f7-47d3-83b0-25edf50f7397
dcabd3b6-e7e5-4819-8afb-c702a27a72e6
c210c03b-a227-48a1-b08c-c2e51889819e
fb7485ec-e522-46f1-ae98-127cd2974c00
2a460b4f-d03e-4556-9269-adf964f12c39
878f1845-0980-472c-a89b-be620ba6a831
22f248ad-ddd7-4cc7-9266-8e1f6869fbcb
bf206ba7-0e35-4ea8-b52a-f2049402ca39
161ff180-c2de-4fd1-9718-ad620c3fbaea
add02357-7108-453b-86eb-7510e169fbf1
829ef065-9ec9-4aa8-8048-fbc3a79c7217
c2ce4694-65b1-486d-9a2b-82000585fb9c
cfc34b77-0782-496c-8556-eb5da44dd1c8
4e949731-644e-47f0-9353-620a8766fb49
5b53875e-61b6-4c6e-96cd-b3c3b94e0b5e
df35a697-a1fc-4781-bc1f-9b9581376b09
4f32d599-19e0-4845-89b1-cd5a9f234a5a
b6b20798-c1c8-4641-a6ac-2550c41a0356
dcc5c2bb-db79-402c-b290-594c12121d4e
8499169e-9514-44ba-8041-150e4e80269c
64b6cb6d-135d-4795-9907-9fb203e7f6de
8548c984-ae07-44ec-b1b7-af894520d015
c930bda4-34d4-49ac-9986-e81a1e77c4bc
0773c607-0067-471a-9f41-9241c50b88d1
a7fafcde-6b60-48c9-ada9-cf752a280004
4a09c733-f0d3-44b8-8ee7-76abfb2539ab
4b64d2bb-29e1-4dd3-a0d4-e8ef55cb3577
e231457a-d8a7-4230-8c4c-2b68079d21c7
7f7250e2-3414-47ae-ad2a-49fbed3ffa76
db48df72-5431-4042-96b8-444ee7019248
e72684a0-5f37-4724-969a-e130df5741b1
37fdf5cf-bbf0-44cf-92f6-b68e8f94c17f
047bb6a5-2149-491b-8191-31db3c4a6dd2
96c08fc8-179c-40e6-930a-6c02b2e44bbe
ac302d5b-537d-44f8-95f4-57ffc962ef3a
c0434c65-32f5-4814-b0b5-5d566cf245d3
e135201f-aac0-404c-8ee7-e34f712af99c
7188120c-224d-4199-8ff5-60a135fbfc4f
cae06a17-3c80-4b73-8a55-48d275a4f61c
656c8387-7628-4bd7-9e43-f4095fa5a6c4
99fcc87e-1cdb-4923-b16c-86e69c5e57c1
f100a11e-8c48-41c2-a099-51abdd169e81
f0ae27e3-d736-4f54-a9ff-51a8440ac9c7
45bea0d2-d482-4086-80cc-cca9596bc58b
6e9e5b81-4e50-4138-8ec1-df4baf687d89
4ecad833-0639-408f-aed0-1effe3146134
198c3841-7a00-4d63-a505-81801bf35e31
18446237-d702-4d26-97a7-5257813b8247
214cc3b8-3a46-4bc9-a1a2-1e6538876f5f
32b6a729-94d1-4c56-a4ce-82af4162c3e4
e095ed80-35ba-4167-9553-44db9c3201a5
9e3ad9d8-035d-4b92-98fb-4d9ebaae3986
bdad33ab-5aee-4b18-9111-ea58274a4f74
28f29743-94d4-48ec-9a96-2ee46efe14ab
4d81a03b-915b-467c-bc62-7692d24517f8
3cd4fec4-87e4-43c6-8d0f-aa21f826699d
82aee3e5-b158-4bd7-b009-0d36c60ff506
15b19343-2d84-413a-adea-40e8986ca3c5
cb8ad6e1-6042-41f2-aa52-4b5393330df2
6c25937a-73d8-4b38-a10b-187f14222448
5323196c-a06b-441c-b968-0c427303dd81
7f0ba827-2571-42ea-a231-dd4def464bf6
ec7ca744-192f-4e33-8baf-ddb7814051a9
c6752a8f-4db8-4abb-8498-9baa47125c38
208095bf-2ff2-4113-8a46-5e49fd48bfbb
f527479f-48c0-460b-bdc8-1b210acd91bb
241f6dcb-2f1f-41c2-8a60-dbd25037239e
816f7198-e175-40f7-8ead-465dcafa572a
