2026-06-15T00:16:59Z	fired	500000	1b3cde67-32e0-444c-875a-3724d153d3cf
2026-06-15T00:17:24Z	fired	500000	1b3cde67-32e0-444c-875a-3724d153d3cf
2026-06-15T00:17:42Z	halt	500000	500000	1b3cde67-32e0-444c-875a-3724d153d3cf
2026-06-15T01:56:44Z	fired	500000	5b1a5a37-d44c-432d-8616-fb1163853251
2026-06-15T01:57:12Z	fired	500000	5b1a5a37-d44c-432d-8616-fb1163853251
2026-06-15T01:57:28Z	halt	500000	500000	5b1a5a37-d44c-432d-8616-fb1163853251
2026-06-15T03:38:13Z	fired	500000	20cca5cf-2fe1-4010-a337-51ce98bb800a
2026-06-15T03:40:30Z	fired	500000	20cca5cf-2fe1-4010-a337-51ce98bb800a
2026-06-15T03:40:51Z	halt	500000	500000	20cca5cf-2fe1-4010-a337-51ce98bb800a
2026-06-15T07:06:58Z	halt	500000	500000	25646b5f-8134-4f2e-884f-05ed3be28921
2026-06-15T10:22:39Z	fired	500000	08052b73-0471-4da6-afcc-ccaf4117284e
2026-06-15T10:22:45Z	fired	500000	08052b73-0471-4da6-afcc-ccaf4117284e
2026-06-15T10:23:10Z	fired	500000	08052b73-0471-4da6-afcc-ccaf4117284e
2026-06-15T10:23:28Z	fired	500000	08052b73-0471-4da6-afcc-ccaf4117284e
2026-06-15T10:23:54Z	fired	500000	08052b73-0471-4da6-afcc-ccaf4117284e
2026-06-15T10:24:13Z	halt	500000	500000	08052b73-0471-4da6-afcc-ccaf4117284e
2026-06-15T13:31:45Z	halt	500000	500000	f75b4c90-9356-464b-b70a-9e864e46f422
2026-06-15T16:23:41Z	fired	500000	629f0f2c-9035-4bca-9505-f89fa50c98eb
2026-06-15T16:23:54Z	halt	500000	500000	629f0f2c-9035-4bca-9505-f89fa50c98eb
2026-06-15T20:07:38Z	halt	500000	500000	67636d8a-3ed1-48f1-8c26-e7ade970fb57
2026-06-16T04:19:59Z	fired	500000	e703fd67-956c-4b71-adb0-3c5c0f6e99e7
2026-06-16T04:20:34Z	fired	500000	e703fd67-956c-4b71-adb0-3c5c0f6e99e7
2026-06-16T04:20:51Z	halt	500000	500000	e703fd67-956c-4b71-adb0-3c5c0f6e99e7
2026-06-16T06:53:09Z	fired	500000	19587aae-8003-4586-9784-12743f49fc51
2026-06-16T06:53:29Z	halt	500000	500000	19587aae-8003-4586-9784-12743f49fc51
2026-06-16T09:14:59Z	fired	500000	77d892d6-037f-41c2-a60b-b62a798b6455
2026-06-16T09:15:24Z	halt	500000	500000	77d892d6-037f-41c2-a60b-b62a798b6455
2026-06-16T12:49:35Z	fired	500000	652e2825-9fd6-4524-b123-69b554348b0b
2026-06-16T12:49:52Z	halt	500000	500000	652e2825-9fd6-4524-b123-69b554348b0b
2026-06-16T14:57:34Z	fired	500000	d579b2f5-3d37-47bf-96f8-fbb2e5676bd3
2026-06-16T14:58:13Z	fired	500000	d579b2f5-3d37-47bf-96f8-fbb2e5676bd3
2026-06-16T14:58:29Z	halt	500000	500000	d579b2f5-3d37-47bf-96f8-fbb2e5676bd3
2026-06-16T19:04:35Z	fired	500000	5e810ddd-d219-4443-a289-36474bed76f2
2026-06-16T19:05:07Z	fired	500000	5e810ddd-d219-4443-a289-36474bed76f2
2026-06-16T19:05:12Z	fired	500000	5e810ddd-d219-4443-a289-36474bed76f2
2026-06-16T19:05:33Z	halt	500000	500000	5e810ddd-d219-4443-a289-36474bed76f2
2026-06-16T21:05:10Z	fired	500000	a3a98b19-55ad-4048-af23-c5e27761218d
2026-06-16T21:05:35Z	fired	500000	a3a98b19-55ad-4048-af23-c5e27761218d
2026-06-16T21:05:53Z	halt	500000	500000	a3a98b19-55ad-4048-af23-c5e27761218d
2026-06-17T00:01:40Z	fired	500000	5759b58e-caed-4efa-875b-0a6a9b8a3af5
2026-06-17T00:02:25Z	fired	510000	5759b58e-caed-4efa-875b-0a6a9b8a3af5
2026-06-17T00:02:42Z	halt	510000	500000	5759b58e-caed-4efa-875b-0a6a9b8a3af5
2026-06-17T01:30:19Z	fired	510000	6a49a56d-c8a9-4b0f-83b4-e69759ff10b4
2026-06-17T01:31:06Z	fired	510000	6a49a56d-c8a9-4b0f-83b4-e69759ff10b4
2026-06-17T01:31:45Z	fired	510000	6a49a56d-c8a9-4b0f-83b4-e69759ff10b4
2026-06-17T01:32:16Z	fired	520000	6a49a56d-c8a9-4b0f-83b4-e69759ff10b4
2026-06-17T01:34:51Z	fired	520000	6a49a56d-c8a9-4b0f-83b4-e69759ff10b4
2026-06-17T01:34:56Z	fired	520000	6a49a56d-c8a9-4b0f-83b4-e69759ff10b4
2026-06-17T01:35:01Z	fired	520000	6a49a56d-c8a9-4b0f-83b4-e69759ff10b4
2026-06-17T01:35:05Z	halt	520000	500000	6a49a56d-c8a9-4b0f-83b4-e69759ff10b4
2026-06-17T03:58:36Z	fired	500000	3cb66781-2426-4af0-ba4b-16f7282da178
2026-06-17T03:58:45Z	fired	500000	3cb66781-2426-4af0-ba4b-16f7282da178
2026-06-17T03:58:46Z	fired	500000	3cb66781-2426-4af0-ba4b-16f7282da178
2026-06-17T03:59:07Z	halt	500000	500000	3cb66781-2426-4af0-ba4b-16f7282da178
2026-06-18T23:07:24Z	fired	500000	682bd7bb-5c40-4835-9844-9aa85a2880ac
2026-06-18T23:07:45Z	halt	500000	500000	682bd7bb-5c40-4835-9844-9aa85a2880ac
2026-06-19T01:40:18Z	fired	500000	5e8c293e-5101-4ebb-95dd-639480ad8734
2026-06-19T01:41:23Z	fired	500000	5e8c293e-5101-4ebb-95dd-639480ad8734
2026-06-19T01:41:37Z	halt	510000	500000	5e8c293e-5101-4ebb-95dd-639480ad8734
2026-06-19T03:37:40Z	fired	500000	90c41f3d-2d65-40f2-bc0b-7bf81284fbc3
2026-06-19T03:37:52Z	fired	500000	90c41f3d-2d65-40f2-bc0b-7bf81284fbc3
2026-06-19T03:38:04Z	fired	500000	90c41f3d-2d65-40f2-bc0b-7bf81284fbc3
2026-06-19T03:38:13Z	fired	500000	90c41f3d-2d65-40f2-bc0b-7bf81284fbc3
2026-06-19T03:38:31Z	fired	500000	90c41f3d-2d65-40f2-bc0b-7bf81284fbc3
2026-06-19T03:38:38Z	fired	500000	90c41f3d-2d65-40f2-bc0b-7bf81284fbc3
2026-06-19T03:38:45Z	fired	500000	90c41f3d-2d65-40f2-bc0b-7bf81284fbc3
2026-06-19T03:39:16Z	fired	510000	90c41f3d-2d65-40f2-bc0b-7bf81284fbc3
2026-06-19T03:39:28Z	fired	510000	90c41f3d-2d65-40f2-bc0b-7bf81284fbc3
2026-06-19T03:40:05Z	fired	510000	90c41f3d-2d65-40f2-bc0b-7bf81284fbc3
2026-06-19T03:40:22Z	halt	510000	500000	90c41f3d-2d65-40f2-bc0b-7bf81284fbc3
2026-06-19T05:59:32Z	fired	500000	7a24109a-721b-4e34-8b37-4926135eb769
2026-06-19T05:59:38Z	fired	500000	7a24109a-721b-4e34-8b37-4926135eb769
2026-06-19T06:00:28Z	fired	500000	7a24109a-721b-4e34-8b37-4926135eb769
2026-06-19T06:00:50Z	halt	510000	500000	7a24109a-721b-4e34-8b37-4926135eb769
2026-06-19T07:26:32Z	fired	500000	6e529979-f221-4fd2-ac45-91e2c4667bcc
2026-06-19T07:27:26Z	fired	510000	6e529979-f221-4fd2-ac45-91e2c4667bcc
2026-06-19T07:27:42Z	halt	510000	500000	6e529979-f221-4fd2-ac45-91e2c4667bcc
2026-06-19T08:48:31Z	fired	500000	4e706553-4fbb-4b0a-bc51-8e6082c75af7
2026-06-19T08:49:18Z	fired	500000	4e706553-4fbb-4b0a-bc51-8e6082c75af7
2026-06-19T08:49:33Z	fired	510000	4e706553-4fbb-4b0a-bc51-8e6082c75af7
2026-06-19T08:50:05Z	fired	510000	4e706553-4fbb-4b0a-bc51-8e6082c75af7
2026-06-19T08:50:23Z	halt	510000	500000	4e706553-4fbb-4b0a-bc51-8e6082c75af7
2026-06-19T10:42:24Z	fired	500000	64328b22-9a90-4fd3-90d9-2aeae133af28
2026-06-19T10:42:31Z	fired	500000	64328b22-9a90-4fd3-90d9-2aeae133af28
2026-06-19T10:42:35Z	fired	500000	64328b22-9a90-4fd3-90d9-2aeae133af28
2026-06-19T10:42:46Z	fired	500000	64328b22-9a90-4fd3-90d9-2aeae133af28
2026-06-19T10:43:21Z	fired	500000	64328b22-9a90-4fd3-90d9-2aeae133af28
2026-06-19T10:43:25Z	fired	500000	64328b22-9a90-4fd3-90d9-2aeae133af28
2026-06-19T10:43:43Z	halt	500000	500000	64328b22-9a90-4fd3-90d9-2aeae133af28
2026-06-19T12:27:08Z	fired	500000	0603b97c-b407-4027-8c8f-28c2264f9f25
2026-06-19T12:27:22Z	fired	500000	0603b97c-b407-4027-8c8f-28c2264f9f25
2026-06-19T12:27:47Z	fired	500000	0603b97c-b407-4027-8c8f-28c2264f9f25
2026-06-19T12:28:02Z	fired	500000	0603b97c-b407-4027-8c8f-28c2264f9f25
2026-06-19T12:28:30Z	halt	500000	500000	0603b97c-b407-4027-8c8f-28c2264f9f25
2026-06-19T15:01:37Z	fired	500000	407b292e-cd85-40a7-b06d-e2e81db859ab
2026-06-19T15:02:21Z	fired	500000	407b292e-cd85-40a7-b06d-e2e81db859ab
2026-06-19T15:02:54Z	halt	500000	500000	407b292e-cd85-40a7-b06d-e2e81db859ab
2026-06-19T16:29:49Z	fired	500000	b9669e95-d113-4d36-a5a7-06934b8e7360
2026-06-19T16:30:39Z	fired	510000	b9669e95-d113-4d36-a5a7-06934b8e7360
2026-06-19T16:31:13Z	halt	510000	500000	b9669e95-d113-4d36-a5a7-06934b8e7360
2026-06-19T17:53:26Z	fired	500000	3a72cccd-ad21-4d0f-9bde-3637ee9e27e4
2026-06-19T17:53:59Z	fired	500000	3a72cccd-ad21-4d0f-9bde-3637ee9e27e4
2026-06-19T17:54:14Z	halt	500000	500000	3a72cccd-ad21-4d0f-9bde-3637ee9e27e4
2026-06-19T19:42:18Z	fired	500000	b507956c-1293-4920-8aca-cb64d3e1c803
2026-06-19T19:43:03Z	fired	500000	b507956c-1293-4920-8aca-cb64d3e1c803
2026-06-19T19:43:08Z	fired	500000	b507956c-1293-4920-8aca-cb64d3e1c803
2026-06-19T19:43:28Z	halt	510000	500000	b507956c-1293-4920-8aca-cb64d3e1c803
2026-06-19T21:46:30Z	fired	500000	ec9efcee-cf40-4af5-8f58-9609cecd3ab7
2026-06-19T21:46:49Z	halt	500000	500000	ec9efcee-cf40-4af5-8f58-9609cecd3ab7
2026-06-19T23:48:07Z	fired	500000	75c712b7-6a7b-4442-812c-dca51ad080a4
2026-06-19T23:48:20Z	fired	500000	75c712b7-6a7b-4442-812c-dca51ad080a4
2026-06-19T23:48:54Z	fired	500000	75c712b7-6a7b-4442-812c-dca51ad080a4
2026-06-19T23:49:10Z	halt	500000	500000	75c712b7-6a7b-4442-812c-dca51ad080a4
2026-06-20T01:56:40Z	fired	500000	9ee94c38-3a35-4c3b-a494-be05ff95bff1
2026-06-20T01:57:00Z	fired	510000	9ee94c38-3a35-4c3b-a494-be05ff95bff1
2026-06-20T01:57:21Z	halt	510000	500000	9ee94c38-3a35-4c3b-a494-be05ff95bff1
2026-06-20T03:26:22Z	halt	500000	500000	af1f0bce-f5e0-4a93-bbd7-a81c5e51c1e8
2026-06-20T05:01:52Z	fired	500000	000406bd-eeac-44d7-b00e-4f67dbf78122
2026-06-20T05:02:31Z	fired	500000	000406bd-eeac-44d7-b00e-4f67dbf78122
2026-06-20T05:02:50Z	halt	500000	500000	000406bd-eeac-44d7-b00e-4f67dbf78122
2026-06-20T06:20:06Z	fired	500000	b89e50b7-1483-473a-bd96-4113d27b15cb
2026-06-20T06:20:48Z	fired	500000	b89e50b7-1483-473a-bd96-4113d27b15cb
2026-06-20T06:21:03Z	halt	500000	500000	b89e50b7-1483-473a-bd96-4113d27b15cb
2026-06-20T12:40:20Z	halt	500000	500000	630bcfe0-9229-4f06-88a2-6a0e2e25a0db
2026-06-20T13:58:55Z	halt	500000	500000	7a4dd31d-4fd7-4ed6-83ed-ea28dafdfa5d
2026-06-20T15:48:57Z	fired	500000	af441141-9481-4df0-ad36-4c79d1703c04
2026-06-20T15:49:29Z	fired	510000	af441141-9481-4df0-ad36-4c79d1703c04
2026-06-20T15:49:48Z	halt	510000	500000	af441141-9481-4df0-ad36-4c79d1703c04
2026-06-20T17:08:07Z	fired	500000	68b0950d-d99f-4b35-a7cd-e21d2c62b2a8
2026-06-20T17:08:25Z	halt	500000	500000	68b0950d-d99f-4b35-a7cd-e21d2c62b2a8
2026-06-20T19:05:33Z	fired	500000	84f2c7c1-76bb-4da5-aef7-5a3208e54b13
2026-06-20T19:05:54Z	fired	500000	84f2c7c1-76bb-4da5-aef7-5a3208e54b13
2026-06-20T19:06:14Z	fired	500000	84f2c7c1-76bb-4da5-aef7-5a3208e54b13
2026-06-20T19:06:52Z	fired	500000	84f2c7c1-76bb-4da5-aef7-5a3208e54b13
2026-06-20T19:07:29Z	fired	500000	84f2c7c1-76bb-4da5-aef7-5a3208e54b13
2026-06-20T19:07:49Z	halt	500000	500000	84f2c7c1-76bb-4da5-aef7-5a3208e54b13
2026-06-20T20:34:56Z	fired	500000	f108c557-e3b0-4cc2-8006-b04e48a30f80
2026-06-20T20:36:17Z	fired	500000	f108c557-e3b0-4cc2-8006-b04e48a30f80
2026-06-20T20:36:48Z	halt	510000	500000	f108c557-e3b0-4cc2-8006-b04e48a30f80
2026-06-20T22:30:50Z	fired	500000	dc6ed67c-7c66-498a-a084-be2520c1f02e
2026-06-20T22:31:04Z	fired	500000	dc6ed67c-7c66-498a-a084-be2520c1f02e
2026-06-20T22:31:26Z	fired	510000	dc6ed67c-7c66-498a-a084-be2520c1f02e
2026-06-20T22:31:36Z	fired	510000	dc6ed67c-7c66-498a-a084-be2520c1f02e
2026-06-20T22:31:54Z	halt	510000	500000	dc6ed67c-7c66-498a-a084-be2520c1f02e
2026-06-20T23:56:38Z	fired	500000	c98cf3b8-9124-4943-b415-e8be3d882246
2026-06-20T23:57:22Z	fired	500000	c98cf3b8-9124-4943-b415-e8be3d882246
2026-06-20T23:57:28Z	fired	500000	c98cf3b8-9124-4943-b415-e8be3d882246
2026-06-20T23:57:47Z	halt	500000	500000	c98cf3b8-9124-4943-b415-e8be3d882246
2026-06-21T02:47:43Z	fired	500000	9707d9d1-5f6b-4ff7-a1db-afed5bb9f786
2026-06-21T02:47:50Z	fired	500000	9707d9d1-5f6b-4ff7-a1db-afed5bb9f786
2026-06-21T02:48:07Z	fired	500000	9707d9d1-5f6b-4ff7-a1db-afed5bb9f786
2026-06-21T02:48:26Z	fired	500000	9707d9d1-5f6b-4ff7-a1db-afed5bb9f786
2026-06-21T02:48:54Z	fired	500000	9707d9d1-5f6b-4ff7-a1db-afed5bb9f786
2026-06-21T02:49:02Z	fired	510000	9707d9d1-5f6b-4ff7-a1db-afed5bb9f786
2026-06-21T02:49:18Z	halt	510000	500000	9707d9d1-5f6b-4ff7-a1db-afed5bb9f786
2026-06-21T04:52:19Z	fired	500000	bcd1e621-3cd5-4d3f-9f29-ab716e540ce9
2026-06-21T04:52:34Z	fired	500000	bcd1e621-3cd5-4d3f-9f29-ab716e540ce9
2026-06-21T04:52:46Z	fired	500000	bcd1e621-3cd5-4d3f-9f29-ab716e540ce9
2026-06-21T04:53:23Z	fired	500000	bcd1e621-3cd5-4d3f-9f29-ab716e540ce9
2026-06-21T04:53:32Z	fired	500000	bcd1e621-3cd5-4d3f-9f29-ab716e540ce9
2026-06-21T04:53:50Z	halt	500000	500000	bcd1e621-3cd5-4d3f-9f29-ab716e540ce9
2026-06-21T09:44:41Z	fired	500000	5395e27f-b414-4eca-9d33-691672eff255
2026-06-21T09:45:24Z	fired	500000	5395e27f-b414-4eca-9d33-691672eff255
2026-06-21T09:45:45Z	halt	500000	500000	5395e27f-b414-4eca-9d33-691672eff255
2026-06-21T12:28:21Z	fired	500000	b32ce3a0-6c4e-460e-b287-ac84ef82ab22
2026-06-21T12:29:12Z	fired	500000	b32ce3a0-6c4e-460e-b287-ac84ef82ab22
2026-06-21T12:29:39Z	fired	500000	b32ce3a0-6c4e-460e-b287-ac84ef82ab22
2026-06-21T12:30:01Z	halt	500000	500000	b32ce3a0-6c4e-460e-b287-ac84ef82ab22
2026-06-21T15:39:11Z	fired	520000	40f50da1-e5f7-4073-983e-7f26fcbd1d18
2026-06-21T15:39:36Z	halt	520000	500000	40f50da1-e5f7-4073-983e-7f26fcbd1d18
2026-06-21T18:05:56Z	fired	500000	ef075c5e-748a-45be-994c-b48981361363
2026-06-21T18:06:51Z	fired	500000	ef075c5e-748a-45be-994c-b48981361363
2026-06-21T18:07:07Z	halt	500000	500000	ef075c5e-748a-45be-994c-b48981361363
2026-06-21T20:04:36Z	fired	500000	42c33ee3-08a7-47ce-9577-9b33dff3d25a
2026-06-21T20:04:59Z	halt	500000	500000	42c33ee3-08a7-47ce-9577-9b33dff3d25a
2026-06-22T04:06:20Z	fired	500000	93793904-4d94-4a7a-8304-d4a1f5a7890e
2026-06-22T04:07:01Z	fired	500000	93793904-4d94-4a7a-8304-d4a1f5a7890e
2026-06-22T04:07:20Z	fired	500000	93793904-4d94-4a7a-8304-d4a1f5a7890e
2026-06-22T04:07:35Z	fired	500000	93793904-4d94-4a7a-8304-d4a1f5a7890e
2026-06-22T04:07:48Z	fired	500000	93793904-4d94-4a7a-8304-d4a1f5a7890e
2026-06-22T04:08:18Z	fired	500000	93793904-4d94-4a7a-8304-d4a1f5a7890e
2026-06-22T04:10:37Z	fired	500000	93793904-4d94-4a7a-8304-d4a1f5a7890e
2026-06-22T04:12:50Z	fired	510000	93793904-4d94-4a7a-8304-d4a1f5a7890e
2026-06-22T04:12:56Z	fired	510000	93793904-4d94-4a7a-8304-d4a1f5a7890e
2026-06-22T04:16:14Z	fired	510000	93793904-4d94-4a7a-8304-d4a1f5a7890e
